Return-Path: <xen-devel-bounces@lists.xenproject.org>
X-Original-To: lists+xen-devel@lfdr.de
Delivered-To: lists+xen-devel@lfdr.de
Received: from lists.xenproject.org (lists.xenproject.org [192.237.175.120])
	by mail.lfdr.de (Postfix) with ESMTPS id 59EE8F901D
	for <lists+xen-devel@lfdr.de>; Tue, 12 Nov 2019 14:02:12 +0100 (CET)
Received: from localhost ([127.0.0.1] helo=lists.xenproject.org)
	by lists.xenproject.org with esmtp (Exim 4.89)
	(envelope-from <xen-devel-bounces@lists.xenproject.org>)
	id 1iUVl1-0008J4-Ou; Tue, 12 Nov 2019 12:58:55 +0000
Received: from us1-rack-iad1.inumbo.com ([172.99.69.81])
 by lists.xenproject.org with esmtp (Exim 4.89) (envelope-from
 <SRS0=BaEJ=ZE=ts.fujitsu.com=dietmar.hahn@srs-us1.protection.inumbo.net>)
 id 1iUVkz-0008Iz-2E
 for xen-devel@lists.xenproject.org; Tue, 12 Nov 2019 12:58:53 +0000
X-Inumbo-ID: 25ca8660-054c-11ea-adbe-bc764e2007e4
Received: from mail1.bemta26.messagelabs.com (unknown [85.158.142.5])
 by us1-rack-iad1.inumbo.com (Halon) with ESMTPS
 id 25ca8660-054c-11ea-adbe-bc764e2007e4;
 Tue, 12 Nov 2019 12:58:40 +0000 (UTC)
DKIM-Signature: v=1; a=rsa-sha256; c=relaxed/relaxed; d=ts.fujitsu.com;
 s=200619tsfj; t=1573563519; i=@ts.fujitsu.com;
 bh=ltDtoF5sm7Hl6XU9kUjuKGhRrEU3P7GZ2TDCJ4VbWxI=;
 h=From:To:Cc:Subject:Date:Message-ID:In-Reply-To:References:
 MIME-Version:Content-Type:Content-Transfer-Encoding;
 b=bobZqros6ixNrMFqrXWVhMdSg/CL/kBACTQZaMMIo5f2G/tpwicYabHBobAbdPgKv
 9Z+bO9qQisZ+1g8AOutdz607J5JA3TG55tZKiWTboYM1y3vLkzeTfIf+JsjSVaV3AZ
 dC87/S3U3VdC9ectw/TCAxsnDUodNdesLJ6P76+91JkxieHMZhcNOeNhx5QsVzpI7/
 YJTcUHr2FmXIFpcaJ4T9VsVTrPBuZa3z4evB4utJHznCr6U1owioWeENImZ/7LvS3N
 fz6VE/qjVviIHcAlFanWw92zdOT6MbGwXeEcM2i3uU9PzIDAIhNXhFEEF+pS3Co698
 N6zEnEaiuYGLQ==
Received: from [85.158.142.101] (using TLSv1.2 with cipher
 DHE-RSA-AES256-GCM-SHA384 (256 bits))
 by server-5.bemta.az-a.eu-central-1.aws.symcld.net id E9/15-25221-F7CAACD5;
 Tue, 12 Nov 2019 12:58:39 +0000
X-Brightmail-Tracker: H4sIAAAAAAAAA+NgFupgleJIrShJLcpLzFFi42Kxs+EI0a1dcyr
 W4Nl5Q4vFj3exW3zfMpnJgcnj9eQJjB6HP1xhCWCKYs3MS8qvSGDNeP3+FUvB3rlcFTenPWJu
 YDx7mKOLkYtDSGAOo8S5ubdYIJwFjBIfG9qYuxg5OdgEDCR2vToEZosI6Eo8W/CMDcRmFnCVW
 PnwKQuILSyQItH7bAOQzcHBIqAqsWsqJ0iYV8BQ4va5u2CtnAJ2EptermQFsYUEkiXetR9khq
 gRlDg58wkLxEgXiWtv29khbHmJjsuNrBMYeWchKZuFpGwWkjJMto7Egt2f2GYBXcQsYC2xcH4
 6RFhbYtnC18wQtqPEhrnNLAsYOVYxWiQVZaZnlOQmZuboGhoY6BoaGusa6JpZ6iVW6SbqpZbq
 JqfmlRQlAiX1EsuL9Yorc5NzUvTyUks2MQKjIKWQwXUH4+xPb/UOMUpyMCmJ8ip2n4oV4kvKT
 6nMSCzOiC8qzUktPsQow8GhJME7bxVQTrAoNT21Ii0zBxiRMGkJDh4lEd7pIGne4oLE3OLMdI
 jUKUZ7jsvX5y1i5lj/H0SeXLUESG6eu3QRsxBLXn5eqpQ475OVQG0CIG0ZpXlwQ2EJ5BKjrJQ
 wLyMDA4MQT0FqUW5mCar8K0ZxDkYlYd5fIMt5MvNK4Ha/AjqLCeisA2ePgZxVkoiQkmpgchWL
 OFyzSPbH3F2x/98HPbWeK91hxSKZylvppBXytkFmwp+f9eUrbS/cEU45ukzjcE1sxfGM+onvI
 6z+rF4fYOr+jdHswzLpbUH3nMWnd29pWrhOic9mw3kx9nX396rVGS1NmvI5T6bn1f7boR7p7C
 E/zxlq9LkeubTXdFlu/CfnCrX/nz+/WlfQKhz5fN+Wy9t3xab2lV+U0mkP8jx3PvTDwajwXaL
 f2O/f13PoW/7jvRyzxP/og7Wfj29Okr3Y9Gmxj9XdiMV3Ig/ou1knC60t8bvg3Nt8xefzdK91
 laJ503s4DH7Ipa75VSFgdmL2lq8HLil8cPxopffQyj76LPPUJykRG45PZql+9zTOQ4mlOCPRU
 Iu5qDgRAE+/mxGbAwAA
X-Env-Sender: dietmar.hahn@ts.fujitsu.com
X-Msg-Ref: server-3.tower-226.messagelabs.com!1573563517!9782!1
X-Originating-IP: [62.60.8.84]
X-SYMC-ESS-Client-Auth: outbound-route-from=pass
X-StarScan-Received: 
X-StarScan-Version: 9.44.22; banners=-,-,-
X-VirusChecked: Checked
Received: (qmail 22624 invoked from network); 12 Nov 2019 12:58:37 -0000
Received: from unknown (HELO mailhost3.uk.fujitsu.com) (62.60.8.84)
 by server-3.tower-226.messagelabs.com with ECDHE-RSA-AES256-GCM-SHA384
 encrypted SMTP; 12 Nov 2019 12:58:37 -0000
Received: from sanpedro.mch.fsc.net ([172.17.20.6])
 by mailhost3.uk.fujitsu.com (8.14.5/8.14.5) with SMTP id xACCwaYa002901;
 Tue, 12 Nov 2019 12:58:36 GMT
Received: from amur.mch.fsc.net (unknown [10.172.102.131])
 by sanpedro.mch.fsc.net (Postfix) with ESMTP id 7E7A39D00CDA;
 Tue, 12 Nov 2019 13:58:27 +0100 (CET)
From: Dietmar Hahn <dietmar.hahn@ts.fujitsu.com>
To: Andrew Cooper <andrew.cooper3@citrix.com>
Date: Tue, 12 Nov 2019 13:58:27 +0100
Message-ID: <2273861.R55spjjXzb@amur.mch.fsc.net>
In-Reply-To: <80423bf6-ceea-0b48-0618-4e7a6ca75cbb@citrix.com>
References: <3020959.C8KU84B5rM@amur.mch.fsc.net>
 <80423bf6-ceea-0b48-0618-4e7a6ca75cbb@citrix.com>
MIME-Version: 1.0
Content-Type: multipart/mixed; boundary="nextPart1751006.3zM9JSGCaE"
Content-Transfer-Encoding: 7Bit
Subject: Re: [Xen-devel] [xen-4.13.0-rc] kexec/kdump failure with cpu
 Intel(R) Xeon(R) Gold 6242 CPU
X-BeenThere: xen-devel@lists.xenproject.org
X-Mailman-Version: 2.1.23
Precedence: list
List-Id: Xen developer discussion <xen-devel.lists.xenproject.org>
List-Unsubscribe: <https://lists.xenproject.org/mailman/options/xen-devel>,
 <mailto:xen-devel-request@lists.xenproject.org?subject=unsubscribe>
List-Post: <mailto:xen-devel@lists.xenproject.org>
List-Help: <mailto:xen-devel-request@lists.xenproject.org?subject=help>
List-Subscribe: <https://lists.xenproject.org/mailman/listinfo/xen-devel>,
 <mailto:xen-devel-request@lists.xenproject.org?subject=subscribe>
Cc: "xen-devel@lists.xenproject.org" <xen-devel@lists.xenproject.org>
Errors-To: xen-devel-bounces@lists.xenproject.org
Sender: "Xen-devel" <xen-devel-bounces@lists.xenproject.org>

This is a multi-part message in MIME format.

--nextPart1751006.3zM9JSGCaE
Content-Transfer-Encoding: 7Bit
Content-Type: text/plain; charset="us-ascii"

Am Dienstag, 12. November 2019, 13:17:29 CET schrieb Andrew Cooper:
> On 12/11/2019 11:38, Dietmar Hahn wrote:
> > Hi,
> >
> > on a new machine with cpu Intel(R) Xeon(R) Gold 6242 CPU the kexec/kdump
> > doesn't work with current xen-4.13.0-rc.
> > The last output of the xen console is:
> >
> > (XEN) Hardware Dom0 crashed: Executing kexec image on cpu5
> > (XEN) Shot down all CPUs
> >
> > After short delay the system reboots.
> >
> > It seems the fixes mentioned in the thread
> > https://lists.xenproject.org/archives/html/xen-devel/2019-10/msg01948.html
> > aren't enough.
> >
> > I built xen-4.11 with the patches but no success.
> > On an older system with xen-4.4 the kdump works.
> >
> > Any help is appreciated.
> 
> Do you have purgatory serial enabled?

Attached is the serial log from the boot.
If wanted I can add more debug flags.

> 
> By any chance does Xen revert back to xAPIC mode and Linux configure
> x2apic mode?  There are some interrupt routing issues on those CPUs with
> mismatched x(2)apic settings.

There are also problems with kdump on native linux at least with the
vmlinuz-4.12.14 kernel from SLES12SP4.

Dietmar.

> 
> ~Andrew

--nextPart1751006.3zM9JSGCaE
Content-Disposition: attachment; filename="console-log.txt"
Content-Transfer-Encoding: quoted-printable
Content-Type: text/plain; charset="UTF-8"; name="console-log.txt"

(XEN) Xen version 4.13.0-rc (hahn@mch.fsc.net) (gcc (SUSE Linux) 7.4.1 2019=
0905 [gcc-7-branch revision 275407]) debug=3Dy  Mon Nov 11 13:48:47 CET 2019
(XEN) Latest ChangeSet: Mon Oct 14 11:31:31 2019 +0100 git:518c935fac
(XEN) build-id: d601f27e7e17c83cdb43ffb65877ea09910b4444
(XEN) Console output is synchronous.
(XEN) Bootloader: GRUB2 2.02
(XEN) Command line: vga=3Dgfx-1024x768x16 crashkernel=3D252M<4G console=3Dc=
om1 com1=3D38400 sync_console
(XEN) Xen image load base address: 0
(XEN) Video information:ys to select which entry is highlighted.           =
    =20
(XEN)  VGA is graphics mode 1024x768, 16 bpp 'p' to enter a                =
    =20
(XEN)  VBE/DDC methods: V2; EDID transfer time: 1 seconds                  =
    =20
(XEN) Disc information:                                                    =
    =20
(XEN)  Found 6 MBR signatures                                              =
    =20
(XEN)  Found 6 EDD information structuresutomatically in 1 seconds.        =
    =20
(XEN) Xen-e820 RAM map:                                                    =
    =20
(XEN)  0000000000000000 - 0000000000099400 (usable)                        =
   =20
(XEN)  0000000000099400 - 00000000000a0000 (reserved)
(XEN)  00000000000e0000 - 0000000000100000 (reserved)
(XEN)  0000000000100000 - 0000000059a24000 (usable)
(XEN)  0000000059a24000 - 0000000059a25000 (reserved)
(XEN)  0000000059a25000 - 0000000064bec000 (usable)
(XEN)  0000000064bec000 - 0000000067600000 (reserved)
(XEN)  0000000067600000 - 0000000067b34000 (ACPI data)
(XEN)  0000000067b34000 - 000000006d72d000 (ACPI NVS)
(XEN)  000000006d72d000 - 000000006f28c000 (reserved)
(XEN)  000000006f28c000 - 000000006f800000 (usable)
(XEN)  000000006f800000 - 0000000090000000 (reserved)
(XEN)  00000000fd000000 - 00000000fe800000 (reserved)
(XEN)  00000000fed20000 - 00000000fed45000 (reserved)
(XEN)  00000000ff000000 - 0000000100000000 (reserved)
(XEN)  0000000100000000 - 0000002080000000 (usable)
(XEN) New Xen image base address: 0x64400000
(XEN) Kdump: 252MB (258048kB) at 0x49e00000
(XEN) ACPI: RSDP 000F05A0, 0024 (r2 FUJ   )
(XEN) ACPI: XSDT 677610C8, 0114 (r1 FUJ    D3753-C1 11200000 AMI     10013)
(XEN) ACPI: FACP 67A53B50, 0114 (r6 FUJ    D3753-C1 11200000 INTL 20091013)
(XEN) ACPI: DSDT 67761270, 2F28E0 (r2 FUJ    D3753-C1 11200000 INTL 2009101=
3)
(XEN) ACPI: FACS 6D6E9080, 0040
(XEN) ACPI: FPDT 67A53C68, 0044 (r1 FUJ    D3753-C1 11200000 AMI     10013)
(XEN) ACPI: FIDT 67A53CB0, 009C (r1    FUJ D3753-C1 11200000 AMI     10013)
(XEN) ACPI: SPMI 67A53D50, 0041 (r5 FUJ    D3753-C1        0 AMI.        0)
(XEN) ACPI: SSDT 67A53D98, 046C (r2  INTEL ADDRXLAT        1 INTL 20140828)
(XEN) ACPI: MCEJ 67A54208, 0130 (r1 FUJ    D3753-C1        2 INTL 20091013)
(XEN) ACPI: MCFG 67A54338, 003C (r1    FUJ D3753-C1 11200000 MSFT       97)
(XEN) ACPI: HPET 67A54378, 0038 (r1 FUJ    D3753-C1        1 INTL 20091013)
(XEN) ACPI: APIC 67A543B0, 16DE (r3 FUJ    D3753-C1        0 INTL 20091013)
(XEN) ACPI: MIGT 67A55A90, 0040 (r1 FUJ    D3753-C1        0 INTL 20091013)
(XEN) ACPI: MSCT 67A55AD0, 0090 (r1 FUJ    D3753-C1        1 INTL 20091013)
(XEN) ACPI: PCAT 67A55B60, 00C8 (r2 FUJ    D3753-C1        2 INTL 20091013)
(XEN) ACPI: PCCT 67A55C28, 006E (r1 FUJ    D3753-C1        2 INTL 20091013)
(XEN) ACPI: RASF 67A55C98, 0030 (r1 FUJ    D3753-C1        1 INTL 20091013)
(XEN) ACPI: SLIT 67A55CC8, 042C (r1 FUJ    D3753-C1        1 INTL 20091013)
(XEN) ACPI: SRAT 67A560F8, 2D30 (r3 FUJ    D3753-C1        2 INTL 20091013)
(XEN) ACPI: SVOS 67A58E28, 0032 (r1 FUJ    D3753-C1        0 INTL 20091013)
(XEN) ACPI: WDDT 67A58E60, 0040 (r1 FUJ    D3753-C1        0 INTL 20091013)
(XEN) ACPI: OEM4 67A58EA0, A27C4 (r2  INTEL CPU  CST     3000 INTL 20140828)
(XEN) ACPI: SSDT 67AFB668, 33990 (r2  INTEL SSDT  PM     4000 INTL 20140828)
(XEN) ACPI: SSDT 67B2EFF8, 0943 (r2 FUJ    D3753-C1        0 INTL 20091013)
(XEN) ACPI: SPCR 67B2F940, 0050 (r2  A M I  APTIO V 11200000 AMI.    5000E)
(XEN) ACPI: SSDT 67B2F990, 2B2E (r2  INTEL SpsNm           2 INTL 20140828)
(XEN) ACPI: DMAR 67B324C0, 0520 (r1 FUJ    D3753-C1        1 INTL 20091013)
(XEN) ACPI: HEST 67B329E0, 00A8 (r1 FUJ    D3753-C1        1 INTL        1)
(XEN) ACPI: BERT 67B32A88, 0030 (r1 FUJ    D3753-C1        1 INTL        1)
(XEN) ACPI: ERST 67B32AB8, 0230 (r1 FUJ    D3753-C1        1 INTL        1)
(XEN) ACPI: EINJ 67B32CE8, 0150 (r1 FUJ    D3753-C1        1 INTL        1)
(XEN) ACPI: SSDT 67B32E38, 0135 (r2 FUJ    Gabi0002        2 INTL 20140828)
(XEN) ACPI: SSDT 67B32F70, 00BB (r2 FUJ    Gabi0001        2 INTL 20140828)
(XEN) System RAM: 130640MB (133776352kB)
(XEN) SRAT: PXM 0 -> APIC 00 -> Node 0
(XEN) SRAT: PXM 0 -> APIC 02 -> Node 0
(XEN) SRAT: PXM 0 -> APIC 04 -> Node 0
(XEN) SRAT: PXM 0 -> APIC 06 -> Node 0
(XEN) SRAT: PXM 0 -> APIC 08 -> Node 0
(XEN) SRAT: PXM 0 -> APIC 0a -> Node 0
(XEN) SRAT: PXM 0 -> APIC 0c -> Node 0
(XEN) SRAT: PXM 0 -> APIC 0e -> Node 0
(XEN) SRAT: PXM 0 -> APIC 10 -> Node 0
(XEN) SRAT: PXM 0 -> APIC 12 -> Node 0
(XEN) SRAT: PXM 0 -> APIC 14 -> Node 0
(XEN) SRAT: PXM 0 -> APIC 16 -> Node 0
(XEN) SRAT: PXM 0 -> APIC 18 -> Node 0
(XEN) SRAT: PXM 0 -> APIC 1a -> Node 0
(XEN) SRAT: PXM 0 -> APIC 1c -> Node 0
(XEN) SRAT: PXM 0 -> APIC 1e -> Node 0
(XEN) SRAT: PXM 1 -> APIC 20 -> Node 1
(XEN) SRAT: PXM 1 -> APIC 22 -> Node 1
(XEN) SRAT: PXM 1 -> APIC 24 -> Node 1
(XEN) SRAT: PXM 1 -> APIC 26 -> Node 1
(XEN) SRAT: PXM 1 -> APIC 28 -> Node 1
(XEN) SRAT: PXM 1 -> APIC 2a -> Node 1
(XEN) SRAT: PXM 1 -> APIC 2c -> Node 1
(XEN) SRAT: PXM 1 -> APIC 2e -> Node 1
(XEN) SRAT: PXM 1 -> APIC 30 -> Node 1
(XEN) SRAT: PXM 1 -> APIC 32 -> Node 1
(XEN) SRAT: PXM 1 -> APIC 34 -> Node 1
(XEN) SRAT: PXM 1 -> APIC 36 -> Node 1
(XEN) SRAT: PXM 1 -> APIC 38 -> Node 1
(XEN) SRAT: PXM 1 -> APIC 3a -> Node 1
(XEN) SRAT: PXM 1 -> APIC 3c -> Node 1
(XEN) SRAT: PXM 1 -> APIC 3e -> Node 1
(XEN) SRAT: PXM 2 -> APIC 40 -> Node 2
(XEN) SRAT: PXM 2 -> APIC 42 -> Node 2
(XEN) SRAT: PXM 2 -> APIC 44 -> Node 2
(XEN) SRAT: PXM 2 -> APIC 46 -> Node 2
(XEN) SRAT: PXM 2 -> APIC 48 -> Node 2
(XEN) SRAT: PXM 2 -> APIC 4a -> Node 2
(XEN) SRAT: PXM 2 -> APIC 4c -> Node 2
(XEN) SRAT: PXM 2 -> APIC 4e -> Node 2
(XEN) SRAT: PXM 2 -> APIC 50 -> Node 2
(XEN) SRAT: PXM 2 -> APIC 52 -> Node 2
(XEN) SRAT: PXM 2 -> APIC 54 -> Node 2
(XEN) SRAT: PXM 2 -> APIC 56 -> Node 2
(XEN) SRAT: PXM 2 -> APIC 58 -> Node 2
(XEN) SRAT: PXM 2 -> APIC 5a -> Node 2
(XEN) SRAT: PXM 2 -> APIC 5c -> Node 2
(XEN) SRAT: PXM 2 -> APIC 5e -> Node 2
(XEN) SRAT: PXM 3 -> APIC 60 -> Node 3
(XEN) SRAT: PXM 3 -> APIC 62 -> Node 3
(XEN) SRAT: PXM 3 -> APIC 64 -> Node 3
(XEN) SRAT: PXM 3 -> APIC 66 -> Node 3
(XEN) SRAT: PXM 3 -> APIC 68 -> Node 3
(XEN) SRAT: PXM 3 -> APIC 6a -> Node 3
(XEN) SRAT: PXM 3 -> APIC 6c -> Node 3
(XEN) SRAT: PXM 3 -> APIC 6e -> Node 3
(XEN) SRAT: PXM 3 -> APIC 70 -> Node 3
(XEN) SRAT: PXM 3 -> APIC 72 -> Node 3
(XEN) SRAT: PXM 3 -> APIC 74 -> Node 3
(XEN) SRAT: PXM 3 -> APIC 76 -> Node 3
(XEN) SRAT: PXM 3 -> APIC 78 -> Node 3
(XEN) SRAT: PXM 3 -> APIC 7a -> Node 3
(XEN) SRAT: PXM 3 -> APIC 7c -> Node 3
(XEN) SRAT: PXM 3 -> APIC 7e -> Node 3
(XEN) SRAT: Node 0 PXM 0 0-80000000
(XEN) SRAT: Node 0 PXM 0 100000000-880000000
(XEN) SRAT: Node 1 PXM 1 880000000-1080000000
(XEN) SRAT: Node 2 PXM 2 1080000000-1880000000
(XEN) SRAT: Node 3 PXM 3 1880000000-2080000000
(XEN) NUMA: Allocated memnodemap from 207cde0000 - 207cde1000
(XEN) NUMA: Using 19 for the hash shift.
(XEN) Domain heap initialised DMA width 32 bits
(XEN) CPU Vendor: Intel, Family 6 (0x6), Model 85 (0x55), Stepping 7 (raw 0=
0050657)
(XEN) DMI 2.8 present.
(XEN) Using APIC driver default
(XEN) ACPI: PM-Timer IO Port: 0x508 (32 bits)
(XEN) ACPI: v5 SLEEP INFO: control[0:0], status[0:0]
(XEN) ACPI: SLEEP INFO: pm1x_cnt[1:504,1:0], pm1x_evt[1:500,1:0]
(XEN) ACPI: 32/64X FACS address mismatch in FADT - 6d6e9080/000000000000000=
0, using 32
(XEN) ACPI:             wakeup_vec[6d6e908c], vec_size[20]
(XEN) ACPI: Local APIC address 0xfee00000
(XEN) ACPI: LAPIC (acpi_id[0x00] lapic_id[0x00] enabled)
(XEN) ACPI: LAPIC (acpi_id[0x01] lapic_id[0x02] enabled)
(XEN) ACPI: LAPIC (acpi_id[0x02] lapic_id[0x04] enabled)
(XEN) ACPI: LAPIC (acpi_id[0x03] lapic_id[0x06] enabled)
(XEN) ACPI: LAPIC (acpi_id[0x04] lapic_id[0x08] enabled)
(XEN) ACPI: LAPIC (acpi_id[0x05] lapic_id[0x0a] enabled)
(XEN) ACPI: LAPIC (acpi_id[0x06] lapic_id[0x0c] enabled)
(XEN) ACPI: LAPIC (acpi_id[0x07] lapic_id[0x0e] enabled)
(XEN) ACPI: LAPIC (acpi_id[0x08] lapic_id[0x10] enabled)
(XEN) ACPI: LAPIC (acpi_id[0x09] lapic_id[0x12] enabled)
(XEN) ACPI: LAPIC (acpi_id[0x0a] lapic_id[0x14] enabled)
(XEN) ACPI: LAPIC (acpi_id[0x0b] lapic_id[0x16] enabled)
(XEN) ACPI: LAPIC (acpi_id[0x0c] lapic_id[0x18] enabled)
(XEN) ACPI: LAPIC (acpi_id[0x0d] lapic_id[0x1a] enabled)
(XEN) ACPI: LAPIC (acpi_id[0x0e] lapic_id[0x1c] enabled)
(XEN) ACPI: LAPIC (acpi_id[0x0f] lapic_id[0x1e] enabled)
(XEN) ACPI: LAPIC (acpi_id[0x20] lapic_id[0x20] enabled)
(XEN) ACPI: LAPIC (acpi_id[0x21] lapic_id[0x22] enabled)
(XEN) ACPI: LAPIC (acpi_id[0x22] lapic_id[0x24] enabled)
(XEN) ACPI: LAPIC (acpi_id[0x23] lapic_id[0x26] enabled)
(XEN) ACPI: LAPIC (acpi_id[0x24] lapic_id[0x28] enabled)
(XEN) ACPI: LAPIC (acpi_id[0x25] lapic_id[0x2a] enabled)
(XEN) ACPI: LAPIC (acpi_id[0x26] lapic_id[0x2c] enabled)
(XEN) ACPI: LAPIC (acpi_id[0x27] lapic_id[0x2e] enabled)
(XEN) ACPI: LAPIC (acpi_id[0x28] lapic_id[0x30] enabled)
(XEN) ACPI: LAPIC (acpi_id[0x29] lapic_id[0x32] enabled)
(XEN) ACPI: LAPIC (acpi_id[0x2a] lapic_id[0x34] enabled)
(XEN) ACPI: LAPIC (acpi_id[0x2b] lapic_id[0x36] enabled)
(XEN) ACPI: LAPIC (acpi_id[0x2c] lapic_id[0x38] enabled)
(XEN) ACPI: LAPIC (acpi_id[0x2d] lapic_id[0x3a] enabled)
(XEN) ACPI: LAPIC (acpi_id[0x2e] lapic_id[0x3c] enabled)
(XEN) ACPI: LAPIC (acpi_id[0x2f] lapic_id[0x3e] enabled)
(XEN) ACPI: LAPIC (acpi_id[0x40] lapic_id[0x40] enabled)
(XEN) ACPI: LAPIC (acpi_id[0x41] lapic_id[0x42] enabled)
(XEN) ACPI: LAPIC (acpi_id[0x42] lapic_id[0x44] enabled)
(XEN) ACPI: LAPIC (acpi_id[0x43] lapic_id[0x46] enabled)
(XEN) ACPI: LAPIC (acpi_id[0x44] lapic_id[0x48] enabled)
(XEN) ACPI: LAPIC (acpi_id[0x45] lapic_id[0x4a] enabled)
(XEN) ACPI: LAPIC (acpi_id[0x46] lapic_id[0x4c] enabled)
(XEN) ACPI: LAPIC (acpi_id[0x47] lapic_id[0x4e] enabled)
(XEN) ACPI: LAPIC (acpi_id[0x48] lapic_id[0x50] enabled)
(XEN) ACPI: LAPIC (acpi_id[0x49] lapic_id[0x52] enabled)
(XEN) ACPI: LAPIC (acpi_id[0x4a] lapic_id[0x54] enabled)
(XEN) ACPI: LAPIC (acpi_id[0x4b] lapic_id[0x56] enabled)
(XEN) ACPI: LAPIC (acpi_id[0x4c] lapic_id[0x58] enabled)
(XEN) ACPI: LAPIC (acpi_id[0x4d] lapic_id[0x5a] enabled)
(XEN) ACPI: LAPIC (acpi_id[0x4e] lapic_id[0x5c] enabled)
(XEN) ACPI: LAPIC (acpi_id[0x4f] lapic_id[0x5e] enabled)
(XEN) ACPI: LAPIC (acpi_id[0x60] lapic_id[0x60] enabled)
(XEN) ACPI: LAPIC (acpi_id[0x61] lapic_id[0x62] enabled)
(XEN) ACPI: LAPIC (acpi_id[0x62] lapic_id[0x64] enabled)
(XEN) ACPI: LAPIC (acpi_id[0x63] lapic_id[0x66] enabled)
(XEN) ACPI: LAPIC (acpi_id[0x64] lapic_id[0x68] enabled)
(XEN) ACPI: LAPIC (acpi_id[0x65] lapic_id[0x6a] enabled)
(XEN) ACPI: LAPIC (acpi_id[0x66] lapic_id[0x6c] enabled)
(XEN) ACPI: LAPIC (acpi_id[0x67] lapic_id[0x6e] enabled)
(XEN) ACPI: LAPIC (acpi_id[0x68] lapic_id[0x70] enabled)
(XEN) ACPI: LAPIC (acpi_id[0x69] lapic_id[0x72] enabled)
(XEN) ACPI: LAPIC (acpi_id[0x6a] lapic_id[0x74] enabled)
(XEN) ACPI: LAPIC (acpi_id[0x6b] lapic_id[0x76] enabled)
(XEN) ACPI: LAPIC (acpi_id[0x6c] lapic_id[0x78] enabled)
(XEN) ACPI: LAPIC (acpi_id[0x6d] lapic_id[0x7a] enabled)
(XEN) ACPI: LAPIC (acpi_id[0x6e] lapic_id[0x7c] enabled)
(XEN) ACPI: LAPIC (acpi_id[0x6f] lapic_id[0x7e] enabled)
(XEN) ACPI: LAPIC_NMI (acpi_id[0xff] dfl edge lint[0x1])
(XEN) ACPI: X2APIC_NMI (uid[0xffffffff] high level lint[0x1])
(XEN) Overriding APIC driver with bigsmp
(XEN) ACPI: IOAPIC (id[0x08] address[0xfec00000] gsi_base[0])
(XEN) IOAPIC[0]: apic_id 8, version 32, address 0xfec00000, GSI 0-23
(XEN) ACPI: IOAPIC (id[0x09] address[0xfec01000] gsi_base[24])
(XEN) IOAPIC[1]: apic_id 9, version 32, address 0xfec01000, GSI 24-31
(XEN) ACPI: IOAPIC (id[0x0a] address[0xfec08000] gsi_base[32])
(XEN) IOAPIC[2]: apic_id 10, version 32, address 0xfec08000, GSI 32-39
(XEN) ACPI: IOAPIC (id[0x0b] address[0xfec10000] gsi_base[40])
(XEN) IOAPIC[3]: apic_id 11, version 32, address 0xfec10000, GSI 40-47
(XEN) ACPI: IOAPIC (id[0x0c] address[0xfec18000] gsi_base[48])
(XEN) IOAPIC[4]: apic_id 12, version 32, address 0xfec18000, GSI 48-55
(XEN) ACPI: IOAPIC (id[0x0f] address[0xfec20000] gsi_base[72])(XEN) IOAPIC[=
5]: apic_id 15, version 32, address 0xfec20000, GSI 72-79
(XEN) ACPI: IOAPIC (id[0x10] address[0xfec28000] gsi_base[80])
(XEN) IOAPIC[6]: apic_id 16, version 32, address 0xfec28000, GSI 80-87
(XEN) ACPI: IOAPIC (id[0x11] address[0xfec30000] gsi_base[88])
(XEN) IOAPIC[7]: apic_id 17, version 32, address 0xfec30000, GSI 88-95
(XEN) ACPI: IOAPIC (id[0x12] address[0xfec38000] gsi_base[96])
(XEN) IOAPIC[8]: apic_id 18, version 32, address 0xfec38000, GSI 96-103
(XEN) ACPI: IOAPIC (id[0x15] address[0xfec40000] gsi_base[120])
(XEN) IOAPIC[9]: apic_id 21, version 32, address 0xfec40000, GSI 120-127
(XEN) ACPI: IOAPIC (id[0x16] address[0xfec48000] gsi_base[128])
(XEN) IOAPIC[10]: apic_id 22, version 32, address 0xfec48000, GSI 128-135
(XEN) ACPI: IOAPIC (id[0x17] address[0xfec50000] gsi_base[136])
(XEN) IOAPIC[11]: apic_id 23, version 32, address 0xfec50000, GSI 136-143
(XEN) ACPI: IOAPIC (id[0x18] address[0xfec58000] gsi_base[144])
(XEN) IOAPIC[12]: apic_id 24, version 32, address 0xfec58000, GSI 144-151
(XEN) ACPI: IOAPIC (id[0x1b] address[0xfec60000] gsi_base[168])
(XEN) IOAPIC[13]: apic_id 27, version 32, address 0xfec60000, GSI 168-175
(XEN) ACPI: IOAPIC (id[0x1c] address[0xfec68000] gsi_base[176])
(XEN) IOAPIC[14]: apic_id 28, version 32, address 0xfec68000, GSI 176-183
(XEN) ACPI: IOAPIC (id[0x1d] address[0xfec70000] gsi_base[184])
(XEN) IOAPIC[15]: apic_id 29, version 32, address 0xfec70000, GSI 184-191
(XEN) ACPI: IOAPIC (id[0x1e] address[0xfec78000] gsi_base[192])
(XEN) IOAPIC[16]: apic_id 30, version 32, address 0xfec78000, GSI 192-199
(XEN) ACPI: INT_SRC_OVR (bus 0 bus_irq 0 global_irq 2 dfl dfl)
(XEN) ACPI: INT_SRC_OVR (bus 0 bus_irq 9 global_irq 9 high level)
(XEN) ACPI: IRQ0 used by override.
(XEN) ACPI: IRQ2 used by override.
(XEN) ACPI: IRQ9 used by override.
(XEN) Enabling APIC mode:  Phys.  Using 17 I/O APICs
(XEN) ACPI: HPET id: 0x8086a701 base: 0xfed00000
(XEN) PCI: MCFG configuration 0: base 80000000 segment 0000 buses 00 - ff
(XEN) PCI: MCFG area at 80000000 reserved in E820
(XEN) PCI: Using MCFG for segment 0000 bus 00-ff
(XEN) Xen ERST support is initialized.
(XEN) HEST: Table parsing has been initialized
(XEN) Using ACPI (MADT) for SMP configuration information
(XEN) SMP: Allowing 224 CPUs (160 hotplug CPUs)
(XEN) IRQ limits: 200 GSI, 12104 MSI/MSI-X
(XEN) Switched to APIC driver x2apic_cluster
(XEN) xstate: size: 0xa88 and states: 0x2ff
(XEN) mce_intel.c:778: MCA Capability: firstbank 0, extended MCE MSR 0, BCA=
ST, SER, LMCE
(XEN) CPU0: Intel machine check reporting enabled
(XEN) Speculative mitigation facilities:
(XEN)   Hardware features: IBRS/IBPB STIBP L1D_FLUSH SSBD MD_CLEAR IBRS_ALL=
 RDCL_NO SKIP_L1DFL MDS_NO
(XEN)   Compiled-in support: INDIRECT_THUNK SHADOW_PAGING
(XEN)   Xen settings: BTI-Thunk JMP, SPEC_CTRL: IBRS+ SSBD-, Other: IBPB
(XEN)   Support for HVM VMs: MSR_SPEC_CTRL RSB EAGER_FPU MD_CLEAR
(XEN)   Support for PV VMs: MSR_SPEC_CTRL RSB EAGER_FPU MD_CLEAR
(XEN)   XPTI (64-bit PV only): Dom0 disabled, DomU disabled (with PCID)
(XEN)   PV L1TF shadowing: Dom0 disabled, DomU disabled
(XEN) Using scheduler: SMP Credit Scheduler rev2 (credit2)
(XEN) Initializing Credit2 scheduler
(XEN)  load_precision_shift: 18
(XEN)  load_window_shift: 30
(XEN)  underload_balance_tolerance: 0
(XEN)  overload_balance_tolerance: -3
(XEN)  runqueues arrangement: socket
(XEN)  cap enforcement granularity: 10ms
(XEN) load tracking window length 1073741824 ns
(XEN) Platform timer is 23.999MHz HPET
(XEN) Detected 2793.552 MHz processor.
(XEN) alt table ffff82d0804761b0 -> ffff82d080482a9c
(XEN) Intel VT-d iommu 14 supported page sizes: 4kB, 2MB, 1GB.
(XEN) Intel VT-d iommu 13 supported page sizes: 4kB, 2MB, 1GB.
(XEN) Intel VT-d iommu 12 supported page sizes: 4kB, 2MB, 1GB.
(XEN) Intel VT-d iommu 11 supported page sizes: 4kB, 2MB, 1GB.
(XEN) Intel VT-d iommu 10 supported page sizes: 4kB, 2MB, 1GB.
(XEN) Intel VT-d iommu 9 supported page sizes: 4kB, 2MB, 1GB.
(XEN) Intel VT-d iommu 8 supported page sizes: 4kB, 2MB, 1GB.
(XEN) Intel VT-d iommu 7 supported page sizes: 4kB, 2MB, 1GB.
(XEN) Intel VT-d iommu 6 supported page sizes: 4kB, 2MB, 1GB.
(XEN) Intel VT-d iommu 5 supported page sizes: 4kB, 2MB, 1GB.
(XEN) Intel VT-d iommu 4 supported page sizes: 4kB, 2MB, 1GB.
(XEN) Intel VT-d iommu 3 supported page sizes: 4kB, 2MB, 1GB.
(XEN) Intel VT-d iommu 2 supported page sizes: 4kB, 2MB, 1GB.
(XEN) Intel VT-d iommu 1 supported page sizes: 4kB, 2MB, 1GB.
(XEN) Intel VT-d iommu 0 supported page sizes: 4kB, 2MB, 1GB.
(XEN) Intel VT-d iommu 15 supported page sizes: 4kB, 2MB, 1GB.
(XEN) Intel VT-d Snoop Control enabled.
(XEN) Intel VT-d Dom0 DMA Passthrough not enabled.
(XEN) Intel VT-d Queued Invalidation enabled.
(XEN) Intel VT-d Interrupt Remapping enabled.
(XEN) Intel VT-d Posted Interrupt not enabled.
(XEN) Intel VT-d Shared EPT tables enabled.
(XEN) I/O virtualisation enabled
(XEN)  - Dom0 mode: Relaxed
(XEN) Interrupt remapping enabled
(XEN) nr_sockets: 9
(XEN) Enabled directed EOI with ioapic_ack_old on!
(XEN) ENABLING IO-APIC IRQs
(XEN)  -> Using old ACK method
(XEN) ..TIMER: vector=3D0xF0 apic1=3D0 pin1=3D2 apic2=3D-1 pin2=3D-1
(XEN) TSC deadline timer enabled
(XEN) Defaulting to alternative key handling; send 'A' to switch to normal =
mode.
(XEN) Allocated console ring of 512 KiB.
(XEN) mwait-idle: MWAIT substates: 0x2020
(XEN) mwait-idle: v0.4.1 model 0x55
(XEN) mwait-idle: lapic_timer_reliable_states 0xffffffff
(XEN) VMX: Supported advanced features:
(XEN)  - APIC MMIO access virtualisation
(XEN)  - APIC TPR shadow
(XEN)  - Extended Page Tables (EPT)
(XEN)  - Virtual-Processor Identifiers (VPID)
(XEN)  - Virtual NMI
(XEN)  - MSR direct-access bitmap
(XEN)  - Unrestricted Guest
(XEN)  - APIC Register Virtualization
(XEN)  - Virtual Interrupt Delivery
(XEN)  - Posted Interrupt Processing
(XEN)  - VMCS shadowing
(XEN)  - VM Functions
(XEN)  - Virtualisation Exceptions
(XEN)  - Page Modification Logging
(XEN)  - TSC Scaling
(XEN) HVM: ASIDs enabled.
(XEN) HVM: VMX enabled
(XEN) HVM: Hardware Assisted Paging (HAP) detected
(XEN) HVM: HAP page sizes: 4kB, 2MB, 1GB
(XEN) alt table ffff82d0804761b0 -> ffff82d080482a9c
(XEN) Brought up 64 CPUs
(XEN) Adding cpu 0 to runqueue 0
(XEN)  First cpu on runqueue, activating
(XEN) Adding cpu 1 to runqueue 0
(XEN) Adding cpu 2 to runqueue 0
(XEN) Adding cpu 3 to runqueue 0
(XEN) Adding cpu 4 to runqueue 0
(XEN) Adding cpu 5 to runqueue 0
(XEN) Adding cpu 6 to runqueue 0
(XEN) Adding cpu 7 to runqueue 0
(XEN) Adding cpu 8 to runqueue 0
(XEN) Adding cpu 9 to runqueue 0
(XEN) Adding cpu 10 to runqueue 0
(XEN) Adding cpu 11 to runqueue 0
(XEN) Adding cpu 12 to runqueue 0
(XEN) Adding cpu 13 to runqueue 0
(XEN) Adding cpu 14 to runqueue 0
(XEN) Adding cpu 15 to runqueue 0
(XEN) Adding cpu 16 to runqueue 1
(XEN)  First cpu on runqueue, activating
(XEN) Adding cpu 17 to runqueue 1
(XEN) Adding cpu 18 to runqueue 1
(XEN) Adding cpu 19 to runqueue 1
(XEN) Adding cpu 20 to runqueue 1
(XEN) Adding cpu 21 to runqueue 1
(XEN) Adding cpu 22 to runqueue 1
(XEN) Adding cpu 23 to runqueue 1
(XEN) Adding cpu 24 to runqueue 1
(XEN) Adding cpu 25 to runqueue 1
(XEN) Adding cpu 26 to runqueue 1
(XEN) Adding cpu 27 to runqueue 1
(XEN) Adding cpu 28 to runqueue 1
(XEN) Adding cpu 29 to runqueue 1
(XEN) Adding cpu 30 to runqueue 1
(XEN) Adding cpu 31 to runqueue 1
(XEN) Adding cpu 32 to runqueue 2
(XEN)  First cpu on runqueue, activating
(XEN) Adding cpu 33 to runqueue 2
(XEN) Adding cpu 34 to runqueue 2
(XEN) Adding cpu 35 to runqueue 2
(XEN) Adding cpu 36 to runqueue 2
(XEN) Adding cpu 37 to runqueue 2
(XEN) Adding cpu 38 to runqueue 2
(XEN) Adding cpu 39 to runqueue 2
(XEN) Adding cpu 40 to runqueue 2
(XEN) Adding cpu 41 to runqueue 2
(XEN) Adding cpu 42 to runqueue 2
(XEN) Adding cpu 43 to runqueue 2
(XEN) Adding cpu 44 to runqueue 2
(XEN) Adding cpu 45 to runqueue 2
(XEN) Adding cpu 46 to runqueue 2
(XEN) Adding cpu 47 to runqueue 2
(XEN) Adding cpu 48 to runqueue 3
(XEN)  First cpu on runqueue, activating
(XEN) Adding cpu 49 to runqueue 3
(XEN) Adding cpu 50 to runqueue 3
(XEN) Adding cpu 51 to runqueue 3
(XEN) Adding cpu 52 to runqueue 3
(XEN) Adding cpu 53 to runqueue 3
(XEN) Adding cpu 54 to runqueue 3
(XEN) Adding cpu 55 to runqueue 3
(XEN) Adding cpu 56 to runqueue 3
(XEN) Adding cpu 57 to runqueue 3
(XEN) Adding cpu 58 to runqueue 3
(XEN) Adding cpu 59 to runqueue 3
(XEN) Adding cpu 60 to runqueue 3
(XEN) Adding cpu 61 to runqueue 3
(XEN) Adding cpu 62 to runqueue 3
(XEN) Adding cpu 63 to runqueue 3
(XEN) Running stub recovery selftests...
(XEN) traps.c:1589: GPF (0000): ffff82d0bffff041 [ffff82d0bffff041] -> ffff=
82d0803883f2
(XEN) traps.c:784: Trap 12: ffff82d0bffff040 [ffff82d0bffff040] -> ffff82d0=
803883f2
(XEN) traps.c:1123: Trap 3: ffff82d0bffff041 [ffff82d0bffff041] -> ffff82d0=
803883f2
(XEN) mcheck_poll: Machine check polling timer started.
(XEN) Dom0 has maximum 1544 PIRQs
(XEN) NX (Execute Disable) protection active
(XEN) *** Building a PV Dom0 ***
(XEN) ELF: phdr: paddr=3D0x1000000 memsz=3D0xf3f000
(XEN) ELF: phdr: paddr=3D0x2000000 memsz=3D0x51c000
(XEN) ELF: phdr: paddr=3D0x251c000 memsz=3D0x26000
(XEN) ELF: phdr: paddr=3D0x2542000 memsz=3D0xcfb000
(XEN) ELF: memory: 0x1000000 -> 0x323d000
(XEN) ELF: note: GUEST_OS =3D "linux"
(XEN) ELF: note: GUEST_VERSION =3D "2.6"
(XEN) ELF: note: XEN_VERSION =3D "xen-3.0"
(XEN) ELF: note: VIRT_BASE =3D 0xffffffff80000000
(XEN) ELF: note: INIT_P2M =3D 0x8000000000
(XEN) ELF: note: ENTRY =3D 0xffffffff82542180
(XEN) ELF: note: HYPERCALL_PAGE =3D 0xffffffff81001000
(XEN) ELF: note: FEATURES =3D "!writable_page_tables|pae_pgdir_above_4gb"
(XEN) ELF: note: SUPPORTED_FEATURES =3D 0x801
(XEN) ELF: note: PAE_MODE =3D "yes"
(XEN) ELF: note: LOADER =3D "generic"
(XEN) ELF: note: unknown (0xd)
(XEN) ELF: note: SUSPEND_CANCEL =3D 0x1
(XEN) ELF: note: MOD_START_PFN =3D 0x1
(XEN) ELF: note: HV_START_LOW =3D 0xffff800000000000
(XEN) ELF: note: PADDR_OFFSET =3D 0
(XEN) ELF: note: PHYS32_ENTRY =3D 0x10003b0
(XEN) ELF: Found PVH image
(XEN) ELF: addresses:
(XEN)     virt_base        =3D 0xffffffff80000000
(XEN)     elf_paddr_offset =3D 0x0
(XEN)     virt_offset      =3D 0xffffffff80000000
(XEN)     virt_kstart      =3D 0xffffffff81000000
(XEN)     virt_kend        =3D 0xffffffff8323d000
(XEN)     virt_entry       =3D 0xffffffff82542180
(XEN)     p2m_base         =3D 0x8000000000
(XEN)  Xen  kernel: 64-bit, lsb, compat32
(XEN)  Dom0 kernel: 64-bit, PAE, lsb, paddr 0x1000000 -> 0x323d000
(XEN) PHYSICAL MEMORY ARRANGEMENT:
(XEN)  Dom0 alloc.:   0000001074000000->0000001078000000 (32890764 pages to=
 be allocated)
(XEN)  Init. ramdisk: 000000207f0ed000->000000207ffffe80
(XEN) VIRTUAL MEMORY ARRANGEMENT:
(XEN)  Loaded kernel: ffffffff81000000->ffffffff8323d000
(XEN)  Init. ramdisk: 0000000000000000->0000000000000000
(XEN)  Phys-Mach map: 0000008000000000->000000800fb174f8
(XEN)  Start info:    ffffffff8323d000->ffffffff8323d4b8
(XEN)  Xenstore ring: 0000000000000000->0000000000000000
(XEN)  Console ring:  0000000000000000->0000000000000000
(XEN)  Page tables:   ffffffff8323e000->ffffffff8325b000
(XEN)  Boot stack:    ffffffff8325b000->ffffffff8325c000
(XEN)  TOTAL:         ffffffff80000000->ffffffff83400000
(XEN)  ENTRY ADDRESS: ffffffff82542180
(XEN) Dom0 has maximum 64 VCPUs
(XEN) ELF: phdr 0 at 0xffffffff81000000 -> 0xffffffff81f3f000
(XEN) ELF: phdr 1 at 0xffffffff82000000 -> 0xffffffff8251c000
(XEN) ELF: phdr 2 at 0xffffffff8251c000 -> 0xffffffff82542000
(XEN) ELF: phdr 3 at 0xffffffff82542000 -> 0xffffffff8279f000
(XEN) Initial low memory virq threshold set at 0x4000 pages.
(XEN) Scrubbing Free RAM in background
(XEN) Std. Loglevel: All
(XEN) Guest Loglevel: All
(XEN) ***************************************************
(XEN) WARNING: CONSOLE OUTPUT IS SYNCHRONOUS
(XEN) This option is intended to aid debugging of Xen by ensuring
(XEN) that all output is synchronously delivered on the serial line.
(XEN) However it can introduce SIGNIFICANT latencies and affect
(XEN) timekeeping. It is NOT recommended for production use!
(XEN) ***************************************************
(XEN) 3... 2... 1...=20
(XEN) *** Serial input to DOM0 (type 'CTRL-a' three times to switch input)
(XEN) Freed 536kB init memory
mapping kernel into physical memory
about to get started...
(XEN) emul-priv-op.c:1113:d0v0 Domain attempted WRMSR 0000001b from 0x00000=
000fee00c00 to 0x00000000fee00000
(XEN) emul-priv-op.c:1113:d0v0 Domain attempted WRMSR 0000001b from 0x00000=
000fee00c00 to 0x00000000fee00800
[    0.000000] Linux version 4.12.14-94.41-default (geeko@buildhost) (gcc v=
ersion 4.8.5 (SUSE Linux) ) #1 SMP Wed Oct 31 12:25:04 UTC 2018 (3090901)
[    0.000000] Command line: root=3DUUID=3D79b9262c-a665-468b-8b6a-19eb33b3=
b9ce console=3Dtty0 console=3Dhvc0,38400 console=3DttyS0,38400 crashkernel=
=3D180M,high crashkernel=3D72M,low
[    0.000000] x86/fpu: Supporting XSAVE feature 0x001: 'x87 floating point=
 registers'
[    0.000000] x86/fpu: Supporting XSAVE feature 0x002: 'SSE registers'
[    0.000000] x86/fpu: Supporting XSAVE feature 0x004: 'AVX registers'
[    0.000000] x86/fpu: Supporting XSAVE feature 0x020: 'AVX-512 opmask'
[    0.000000] x86/fpu: Supporting XSAVE feature 0x040: 'AVX-512 Hi256'
[    0.000000] x86/fpu: Supporting XSAVE feature 0x080: 'AVX-512 ZMM_Hi256'
[    0.000000] x86/fpu: xstate_offset[2]:  576, xstate_sizes[2]:  256
[    0.000000] x86/fpu: xstate_offset[5]: 1088, xstate_sizes[5]:   64
[    0.000000] x86/fpu: xstate_offset[6]: 1152, xstate_sizes[6]:  512
[    0.000000] x86/fpu: xstate_offset[7]: 1664, xstate_sizes[7]: 1024
[    0.000000] x86/fpu: Enabled xstate features 0xe7, context size is 2688 =
bytes, using 'standard' format.
[    0.000000] Released 0 page(s)
[    0.000000] e820: BIOS-provided physical RAM map:
[    0.000000] Xen: [mem 0x0000000000000000-0x0000000000098fff] usable
[    0.000000] Xen: [mem 0x0000000000099400-0x00000000000fffff] reserved
[    0.000000] Xen: [mem 0x0000000000100000-0x0000000059a23fff] usable
[    0.000000] Xen: [mem 0x0000000059a24000-0x0000000059a24fff] reserved
[    0.000000] Xen: [mem 0x0000000059a25000-0x0000000064bebfff] usable
[    0.000000] Xen: [mem 0x0000000064bec000-0x00000000675fffff] reserved
[    0.000000] Xen: [mem 0x0000000067600000-0x0000000067b33fff] ACPI data
[    0.000000] Xen: [mem 0x0000000067b34000-0x000000006d72cfff] ACPI NVS
[    0.000000] Xen: [mem 0x000000006d72d000-0x000000006f28bfff] reserved
[    0.000000] Xen: [mem 0x000000006f28c000-0x000000006f7fffff] usable
[    0.000000] Xen: [mem 0x000000006f800000-0x000000008fffffff] reserved
[    0.000000] Xen: [mem 0x0000000096bfc000-0x0000000096bfcfff] reserved
[    0.000000] Xen: [mem 0x000000009d7fc000-0x000000009d7fcfff] reserved
[    0.000000] Xen: [mem 0x00000000a43fc000-0x00000000a43fcfff] reserved
[    0.000000] Xen: [mem 0x00000000aaffc000-0x00000000aaffcfff] reserved
[    0.000000] Xen: [mem 0x00000000b1bfc000-0x00000000b1bfcfff] reserved
[    0.000000] Xen: [mem 0x00000000b87fc000-0x00000000b87fcfff] reserved
[    0.000000] Xen: [mem 0x00000000bf3fc000-0x00000000bf3fcfff] reserved
[    0.000000] Xen: [mem 0x00000000c5ffc000-0x00000000c5ffcfff] reserved
[    0.000000] Xen: [mem 0x00000000ccbfc000-0x00000000ccbfcfff] reserved
[    0.000000] Xen: [mem 0x00000000d37fc000-0x00000000d37fcfff] reserved
[    0.000000] Xen: [mem 0x00000000da3fc000-0x00000000da3fcfff] reserved
[    0.000000] Xen: [mem 0x00000000e0ffc000-0x00000000e0ffcfff] reserved
[    0.000000] Xen: [mem 0x00000000e7bfc000-0x00000000e7bfcfff] reserved
[    0.000000] Xen: [mem 0x00000000ee7fc000-0x00000000ee7fcfff] reserved
[    0.000000] Xen: [mem 0x00000000f53fc000-0x00000000f53fcfff] reserved
[    0.000000] Xen: [mem 0x00000000fbffc000-0x00000000fbffcfff] reserved
[    0.000000] Xen: [mem 0x00000000fd000000-0x00000000fe7fffff] reserved
[    0.000000] Xen: [mem 0x00000000fec00000-0x00000000fec01fff] reserved
[    0.000000] Xen: [mem 0x00000000fec08000-0x00000000fec08fff] reserved
[    0.000000] Xen: [mem 0x00000000fec10000-0x00000000fec10fff] reserved
[    0.000000] Xen: [mem 0x00000000fec18000-0x00000000fec18fff] reserved
[    0.000000] Xen: [mem 0x00000000fec20000-0x00000000fec20fff] reserved
[    0.000000] Xen: [mem 0x00000000fec28000-0x00000000fec28fff] reserved
[    0.000000] Xen: [mem 0x00000000fec30000-0x00000000fec30fff] reserved
[    0.000000] Xen: [mem 0x00000000fec38000-0x00000000fec38fff] reserved
[    0.000000] Xen: [mem 0x00000000fec40000-0x00000000fec40fff] reserved
[    0.000000] Xen: [mem 0x00000000fec48000-0x00000000fec48fff] reserved
[    0.000000] Xen: [mem 0x00000000fec50000-0x00000000fec50fff] reserved
[    0.000000] Xen: [mem 0x00000000fec58000-0x00000000fec58fff] reserved
[    0.000000] Xen: [mem 0x00000000fec60000-0x00000000fec60fff] reserved
[    0.000000] Xen: [mem 0x00000000fec68000-0x00000000fec68fff] reserved
[    0.000000] Xen: [mem 0x00000000fec70000-0x00000000fec70fff] reserved
[    0.000000] Xen: [mem 0x00000000fec78000-0x00000000fec78fff] reserved
[    0.000000] Xen: [mem 0x00000000fed20000-0x00000000fed44fff] reserved
[    0.000000] Xen: [mem 0x00000000fee00000-0x00000000feefffff] reserved
[    0.000000] Xen: [mem 0x00000000ff000000-0x00000000ffffffff] reserved
[    0.000000] Xen: [mem 0x0000000100000000-0x000000207fffffff] usable
[    0.000000] NX (Execute Disable) protection: active
[    0.000000] SMBIOS 3.2.1 present.
[    0.000000] DMI: FUJITSU SE SERVER SU310 M1/D3753-C1, BIOS V5.0.0.14 R1.=
12.0 for D3753-C1x                    07/22/2019
[    0.000000] Hypervisor detected: Xen PV
[    0.000000] tsc: Using PIT calibration value
[    0.000000] e820: last_pfn =3D 0x2080000 max_arch_pfn =3D 0x400000000
[    0.000000] MTRR: Disabled
[    0.000000] x86/PAT: MTRRs disabled, skipping PAT initialization too.
[    0.000000] x86/PAT: Configuration [0-7]: WB  WT  UC- UC  WC  WP  UC  UC=
 =20
[    0.000000] e820: last_pfn =3D 0x6f800 max_arch_pfn =3D 0x400000000
[    0.000000] Scanning 1 areas for low memory corruption
[    0.000000] Kernel/User page tables isolation: disabled on XEN PV.
[    0.000000] RAMDISK: [mem 0x04000000-0x04f12fff]
[    0.000000] ACPI: Early table checksum verification disabled
[    0.000000] ACPI: RSDP 0x00000000000F05A0 000024 (v02 FUJ   )
[    0.000000] ACPI: XSDT 0x00000000677610C8 000114 (v01 FUJ    D3753-C1 11=
200000 AMI  00010013)
[    0.000000] ACPI: FACP 0x0000000067A53B50 000114 (v06 FUJ    D3753-C1 11=
200000 INTL 20091013)
[    0.000000] ACPI: DSDT 0x0000000067761270 2F28E0 (v02 FUJ    D3753-C1 11=
200000 INTL 20091013)
[    0.000000] ACPI: FACS 0x000000006D6E9080 000040
[    0.000000] ACPI: FPDT 0x0000000067A53C68 000044 (v01 FUJ    D3753-C1 11=
200000 AMI  00010013)
[    0.000000] ACPI: FIDT 0x0000000067A53CB0 00009C (v01 FUJ    D3753-C1 11=
200000 AMI  00010013)
[    0.000000] ACPI: SPMI 0x0000000067A53D50 000041 (v05 FUJ    D3753-C1 00=
000000 AMI. 00000000)
[    0.000000] ACPI: SSDT 0x0000000067A53D98 00046C (v02 INTEL  ADDRXLAT 00=
000001 INTL 20140828)
[    0.000000] ACPI: MCEJ 0x0000000067A54208 000130 (v01 FUJ    D3753-C1 00=
000002 INTL 20091013)
[    0.000000] ACPI: MCFG 0x0000000067A54338 00003C (v01 FUJ    D3753-C1 11=
200000 MSFT 00000097)
[    0.000000] ACPI: HPET 0x0000000067A54378 000038 (v01 FUJ    D3753-C1 00=
000001 INTL 20091013)
[    0.000000] ACPI: APIC 0x0000000067A543B0 0016DE (v03 FUJ    D3753-C1 00=
000000 INTL 20091013)
[    0.000000] ACPI: MIGT 0x0000000067A55A90 000040 (v01 FUJ    D3753-C1 00=
000000 INTL 20091013)
[    0.000000] ACPI: MSCT 0x0000000067A55AD0 000090 (v01 FUJ    D3753-C1 00=
000001 INTL 20091013)
[    0.000000] ACPI: PCAT 0x0000000067A55B60 0000C8 (v02 FUJ    D3753-C1 00=
000002 INTL 20091013)
[    0.000000] ACPI: PCCT 0x0000000067A55C28 00006E (v01 FUJ    D3753-C1 00=
000002 INTL 20091013)
[    0.000000] ACPI: RASF 0x0000000067A55C98 000030 (v01 FUJ    D3753-C1 00=
000001 INTL 20091013)
[    0.000000] ACPI: SLIT 0x0000000067A55CC8 00042C (v01 FUJ    D3753-C1 00=
000001 INTL 20091013)
[    0.000000] ACPI: SRAT 0x0000000067A560F8 002D30 (v03 FUJ    D3753-C1 00=
000002 INTL 20091013)
[    0.000000] ACPI: SVOS 0x0000000067A58E28 000032 (v01 FUJ    D3753-C1 00=
000000 INTL 20091013)
[    0.000000] ACPI: WDDT 0x0000000067A58E60 000040 (v01 FUJ    D3753-C1 00=
000000 INTL 20091013)
[    0.000000] ACPI: OEM4 0x0000000067A58EA0 0A27C4 (v02 INTEL  CPU  CST 00=
003000 INTL 20140828)
[    0.000000] ACPI: SSDT 0x0000000067AFB668 033990 (v02 INTEL  SSDT  PM 00=
004000 INTL 20140828)
[    0.000000] ACPI: SSDT 0x0000000067B2EFF8 000943 (v02 FUJ    D3753-C1 00=
000000 INTL 20091013)
[    0.000000] ACPI: SPCR 0x0000000067B2F940 000050 (v02 A M I  APTIO V  11=
200000 AMI. 0005000E)
[    0.000000] ACPI: SSDT 0x0000000067B2F990 002B2E (v02 INTEL  SpsNm    00=
000002 INTL 20140828)
[    0.000000] ACPI: RMAD 0x0000000067B324C0 000520 (v01 FUJ    D3753-C1 00=
000001 INTL 20091013)
[    0.000000] ACPI: HEST 0x0000000067B329E0 0000A8 (v01 FUJ    D3753-C1 00=
000001 INTL 00000001)
[    0.000000] ACPI: BERT 0x0000000067B32A88 000030 (v01 FUJ    D3753-C1 00=
000001 INTL 00000001)
[    0.000000] ACPI: ERST 0x0000000067B32AB8 000230 (v01 FUJ    D3753-C1 00=
000001 INTL 00000001)
[    0.000000] ACPI: EINJ 0x0000000067B32CE8 000150 (v01 FUJ    D3753-C1 00=
000001 INTL 00000001)
[    0.000000] ACPI: SSDT 0x0000000067B32E38 000135 (v02 FUJ    Gabi0002 00=
000002 INTL 20140828)
[    0.000000] ACPI: SSDT 0x0000000067B32F70 0000BB (v02 FUJ    Gabi0001 00=
000002 INTL 20140828)
[    0.000000] Setting APIC routing to Xen PV.
[    0.000000] NUMA turned off
[    0.000000] Faking a node at [mem 0x0000000000000000-0x000000207fffffff]
[    0.000000] NODE_DATA(0) allocated [mem 0x1f62e75000-0x1f62e9efff]
[    0.000000] Ignoring crashkernel for a Xen PV domain
[    0.000000] Zone ranges:
[    0.000000]   DMA      [mem 0x0000000000001000-0x0000000000ffffff]
[    0.000000]   DMA32    [mem 0x0000000001000000-0x00000000ffffffff]
[    0.000000]   Normal   [mem 0x0000000100000000-0x000000207fffffff]
[    0.000000]   Device   empty
[    0.000000] Movable zone start for each node
[    0.000000] Early memory node ranges
[    0.000000]   node   0: [mem 0x0000000000001000-0x0000000000098fff]
[    0.000000]   node   0: [mem 0x0000000000100000-0x0000000059a23fff]
[    0.000000]   node   0: [mem 0x0000000059a25000-0x0000000064bebfff]
[    0.000000]   node   0: [mem 0x000000006f28c000-0x000000006f7fffff]
[    0.000000]   node   0: [mem 0x0000000100000000-0x000000207fffffff]
[    0.000000] Initmem setup node 0 [mem 0x0000000000001000-0x000000207ffff=
fff]
[    0.000000] p2m virtual area at ffffc90000000000, size is 40000000
[    0.000000] Remapped 634632 page(s)
[    0.000000] ACPI: PM-Timer IO Port: 0x508
[    0.000000] ACPI: X2APIC_NMI (uid[0xffffffff] high level lint[0x1])
[    0.000000] ACPI: LAPIC_NMI (acpi_id[0xff] dfl edge lint[0x1])
[    0.000000] IOAPIC[0]: apic_id 8, version 32, address 0xfec00000, GSI 0-=
23
[    0.000000] IOAPIC[1]: apic_id 9, version 32, address 0xfec01000, GSI 24=
=2D31
[    0.000000] IOAPIC[2]: apic_id 10, version 32, address 0xfec08000, GSI 3=
2-39
[    0.000000] IOAPIC[3]: apic_id 11, version 32, address 0xfec10000, GSI 4=
0-47
[    0.000000] IOAPIC[4]: apic_id 12, version 32, address 0xfec18000, GSI 4=
8-55
[    0.000000] IOAPIC[5]: apic_id 15, version 32, address 0xfec20000, GSI 7=
2-79
[    0.000000] IOAPIC[6]: apic_id 16, version 32, address 0xfec28000, GSI 8=
0-87
[    0.000000] IOAPIC[7]: apic_id 17, version 32, address 0xfec30000, GSI 8=
8-95
[    0.000000] IOAPIC[8]: apic_id 18, version 32, address 0xfec38000, GSI 9=
6-103
[    0.000000] IOAPIC[9]: apic_id 21, version 32, address 0xfec40000, GSI 1=
20-127
[    0.000000] IOAPIC[10]: apic_id 22, version 32, address 0xfec48000, GSI =
128-135
[    0.000000] IOAPIC[11]: apic_id 23, version 32, address 0xfec50000, GSI =
136-143
[    0.000000] IOAPIC[12]: apic_id 24, version 32, address 0xfec58000, GSI =
144-151
[    0.000000] IOAPIC[13]: apic_id 27, version 32, address 0xfec60000, GSI =
168-175
[    0.000000] IOAPIC[14]: apic_id 28, version 32, address 0xfec68000, GSI =
176-183
[    0.000000] IOAPIC[15]: apic_id 29, version 32, address 0xfec70000, GSI =
184-191
[    0.000000] IOAPIC[16]: apic_id 30, version 32, address 0xfec78000, GSI =
192-199
[    0.000000] ACPI: INT_SRC_OVR (bus 0 bus_irq 0 global_irq 2 dfl dfl)
[    0.000000] ACPI: INT_SRC_OVR (bus 0 bus_irq 9 global_irq 9 high level)
[    0.000000] Using ACPI (MADT) for SMP configuration information
[    0.000000] ACPI: HPET id: 0x8086a701 base: 0xfed00000
[    0.000000] smpboot: Allowing 288 CPUs, 224 hotplug CPUs
[    0.000000] PM: Registered nosave memory: [mem 0x00000000-0x00000fff]
[    0.000000] PM: Registered nosave memory: [mem 0x00099000-0x00099fff]
[    0.000000] PM: Registered nosave memory: [mem 0x0009a000-0x000fffff]
[    0.000000] PM: Registered nosave memory: [mem 0x59a24000-0x59a24fff]
[    0.000000] PM: Registered nosave memory: [mem 0x64bec000-0x675fffff]
[    0.000000] PM: Registered nosave memory: [mem 0x67600000-0x67b33fff]
[    0.000000] PM: Registered nosave memory: [mem 0x67b34000-0x6d72cfff]
[    0.000000] PM: Registered nosave memory: [mem 0x6d72d000-0x6f28bfff]
[    0.000000] PM: Registered nosave memory: [mem 0x6f800000-0x8fffffff]
[    0.000000] PM: Registered nosave memory: [mem 0x90000000-0x96bfbfff]
[    0.000000] PM: Registered nosave memory: [mem 0x96bfc000-0x96bfcfff]
[    0.000000] PM: Registered nosave memory: [mem 0x96bfd000-0x9d7fbfff]
[    0.000000] PM: Registered nosave memory: [mem 0x9d7fc000-0x9d7fcfff]
[    0.000000] PM: Registered nosave memory: [mem 0x9d7fd000-0xa43fbfff]
[    0.000000] PM: Registered nosave memory: [mem 0xa43fc000-0xa43fcfff]
[    0.000000] PM: Registered nosave memory: [mem 0xa43fd000-0xaaffbfff]
[    0.000000] PM: Registered nosave memory: [mem 0xaaffc000-0xaaffcfff]
[    0.000000] PM: Registered nosave memory: [mem 0xaaffd000-0xb1bfbfff]
[    0.000000] PM: Registered nosave memory: [mem 0xb1bfc000-0xb1bfcfff]
[    0.000000] PM: Registered nosave memory: [mem 0xb1bfd000-0xb87fbfff]
[    0.000000] PM: Registered nosave memory: [mem 0xb87fc000-0xb87fcfff]
[    0.000000] PM: Registered nosave memory: [mem 0xb87fd000-0xbf3fbfff]
[    0.000000] PM: Registered nosave memory: [mem 0xbf3fc000-0xbf3fcfff]
[    0.000000] PM: Registered nosave memory: [mem 0xbf3fd000-0xc5ffbfff]
[    0.000000] PM: Registered nosave memory: [mem 0xc5ffc000-0xc5ffcfff]
[    0.000000] PM: Registered nosave memory: [mem 0xc5ffd000-0xccbfbfff]
[    0.000000] PM: Registered nosave memory: [mem 0xccbfc000-0xccbfcfff]
[    0.000000] PM: Registered nosave memory: [mem 0xccbfd000-0xd37fbfff]
[    0.000000] PM: Registered nosave memory: [mem 0xd37fc000-0xd37fcfff]
[    0.000000] PM: Registered nosave memory: [mem 0xd37fd000-0xda3fbfff]
[    0.000000] PM: Registered nosave memory: [mem 0xda3fc000-0xda3fcfff]
[    0.000000] PM: Registered nosave memory: [mem 0xda3fd000-0xe0ffbfff]
[    0.000000] PM: Registered nosave memory: [mem 0xe0ffc000-0xe0ffcfff]
[    0.000000] PM: Registered nosave memory: [mem 0xe0ffd000-0xe7bfbfff]
[    0.000000] PM: Registered nosave memory: [mem 0xe7bfc000-0xe7bfcfff]
[    0.000000] PM: Registered nosave memory: [mem 0xe7bfd000-0xee7fbfff]
[    0.000000] PM: Registered nosave memory: [mem 0xee7fc000-0xee7fcfff]
[    0.000000] PM: Registered nosave memory: [mem 0xee7fd000-0xf53fbfff]
[    0.000000] PM: Registered nosave memory: [mem 0xf53fc000-0xf53fcfff]
[    0.000000] PM: Registered nosave memory: [mem 0xf53fd000-0xfbffbfff]
[    0.000000] PM: Registered nosave memory: [mem 0xfbffc000-0xfbffcfff]
[    0.000000] PM: Registered nosave memory: [mem 0xfbffd000-0xfcffffff]
[    0.000000] PM: Registered nosave memory: [mem 0xfd000000-0xfe7fffff]
[    0.000000] PM: Registered nosave memory: [mem 0xfe800000-0xfebfffff]
[    0.000000] PM: Registered nosave memory: [mem 0xfec00000-0xfec01fff]
[    0.000000] PM: Registered nosave memory: [mem 0xfec02000-0xfec07fff]
[    0.000000] PM: Registered nosave memory: [mem 0xfec08000-0xfec08fff]
[    0.000000] PM: Registered nosave memory: [mem 0xfec09000-0xfec0ffff]
[    0.000000] PM: Registered nosave memory: [mem 0xfec10000-0xfec10fff]
[    0.000000] PM: Registered nosave memory: [mem 0xfec11000-0xfec17fff]
[    0.000000] PM: Registered nosave memory: [mem 0xfec18000-0xfec18fff]
[    0.000000] PM: Registered nosave memory: [mem 0xfec19000-0xfec1ffff]
[    0.000000] PM: Registered nosave memory: [mem 0xfec20000-0xfec20fff]
[    0.000000] PM: Registered nosave memory: [mem 0xfec21000-0xfec27fff]
[    0.000000] PM: Registered nosave memory: [mem 0xfec28000-0xfec28fff]
[    0.000000] PM: Registered nosave memory: [mem 0xfec29000-0xfec2ffff]
[    0.000000] PM: Registered nosave memory: [mem 0xfec30000-0xfec30fff]
[    0.000000] PM: Registered nosave memory: [mem 0xfec31000-0xfec37fff]
[    0.000000] PM: Registered nosave memory: [mem 0xfec38000-0xfec38fff]
[    0.000000] PM: Registered nosave memory: [mem 0xfec39000-0xfec3ffff]
[    0.000000] PM: Registered nosave memory: [mem 0xfec40000-0xfec40fff]
[    0.000000] PM: Registered nosave memory: [mem 0xfec41000-0xfec47fff]
[    0.000000] PM: Registered nosave memory: [mem 0xfec48000-0xfec48fff]
[    0.000000] PM: Registered nosave memory: [mem 0xfec49000-0xfec4ffff]
[    0.000000] PM: Registered nosave memory: [mem 0xfec50000-0xfec50fff]
[    0.000000] PM: Registered nosave memory: [mem 0xfec51000-0xfec57fff]
[    0.000000] PM: Registered nosave memory: [mem 0xfec58000-0xfec58fff]
[    0.000000] PM: Registered nosave memory: [mem 0xfec59000-0xfec5ffff]
[    0.000000] PM: Registered nosave memory: [mem 0xfec60000-0xfec60fff]
[    0.000000] PM: Registered nosave memory: [mem 0xfec61000-0xfec67fff]
[    0.000000] PM: Registered nosave memory: [mem 0xfec68000-0xfec68fff]
[    0.000000] PM: Registered nosave memory: [mem 0xfec69000-0xfec6ffff]
[    0.000000] PM: Registered nosave memory: [mem 0xfec70000-0xfec70fff]
[    0.000000] PM: Registered nosave memory: [mem 0xfec71000-0xfec77fff]
[    0.000000] PM: Registered nosave memory: [mem 0xfec78000-0xfec78fff]
[    0.000000] PM: Registered nosave memory: [mem 0xfec79000-0xfed1ffff][  =
  0.000000] PM: Registered nosave memory: [mem 0xfed20000-0xfed44fff]
[    0.000000] PM: Registered nosave memory: [mem 0xfed45000-0xfedfffff]
[    0.000000] PM: Registered nosave memory: [mem 0xfee00000-0xfeefffff]
[    0.000000] PM: Registered nosave memory: [mem 0xfef00000-0xfeffffff]
[    0.000000] PM: Registered nosave memory: [mem 0xff000000-0xffffffff]
[    0.000000] e820: [mem 0x96bfd000-0x9d7fbfff] available for PCI devices
[    0.000000] Booting paravirtualized kernel on Xen
[    0.000000] Xen version: 4.13.0-rc (preserve-AD)
[    0.000000] clocksource: refined-jiffies: mask: 0xffffffff max_cycles: 0=
xffffffff, max_idle_ns: 7645519600211568 ns
[    0.000000] setup_percpu: NR_CPUS:8192 nr_cpumask_bits:288 nr_cpu_ids:28=
8 nr_node_ids:1
[    0.000000] percpu: Embedded 47 pages/cpu @ffff881ff9400000 s155648 r819=
2 d28672 u262144
[    0.000000] PV qspinlock hash table entries: 256 (order: 0, 4096 bytes)
[    0.000000] Built 1 zonelists in Node order, mobility grouping on.  Tota=
l pages: 32921500
[    0.000000] Policy zone: Normal
[    0.000000] Kernel command line: root=3DUUID=3D79b9262c-a665-468b-8b6a-1=
9eb33b3b9ce console=3Dtty0 console=3Dhvc0,38400 console=3DttyS0,38400 crash=
kernel=3D180M,high crashkernel=3D72M,low
[    0.000000] log_buf_len individual max cpu contribution: 4096 bytes
[    0.000000] log_buf_len total cpu_extra contributions: 258048 bytes
[    0.000000] log_buf_len min size: 262144 bytes
[    0.000000] log_buf_len: 524288 bytes
[    0.000000] early log buf free: 238800(91%)
[    0.000000] PID hash table entries: 4096 (order: 3, 32768 bytes)
[    0.000000] x2apic disabled
[    0.000000] software IO TLB [mem 0x1ff5400000-0x1ff9400000] (64MB) mappe=
d at [ffff881ff5400000-ffff881ff93fffff]
[    0.000000] Memory: 4095532K/133776348K available (10256K kernel code, 2=
268K rwdata, 3324K rodata, 2540K init, 10696K bss, 4925000K reserved, 0K cm=
a-reserved)
[    0.000000] ftrace: allocating 30727 entries in 121 pages
[    0.004000] Hierarchical RCU implementation.
[    0.004000]  RCU event tracing is enabled.
[    0.004000]  RCU restricting CPUs from NR_CPUS=3D8192 to nr_cpu_ids=3D64.
[    0.004000] RCU: Adjusting geometry for rcu_fanout_leaf=3D16, nr_cpu_ids=
=3D64
[    0.004000] Using NULL legacy PIC
[    0.004000] NR_IRQS:524544 nr_irqs:3928 0
[    0.004000] xen:events: Using FIFO-based ABI
[    0.004000] Console: colour dummy device 80x25
[    0.004000] console [tty0] enabled
[    0.004000] console [hvc0] enabled
[    0.004000] console [ttyS0] enabled
[    0.004000] clocksource: xen: mask: 0xffffffffffffffff max_cycles: 0x1cd=
42e4dffb, max_idle_ns: 881590591483 ns
[    0.004000] installing Xen timer for CPU 0
[    0.012002] tsc: Unable to calibrate against PIT
[    0.016003] tsc: HPET/PMTIMER calibration failed
[    0.020003] tsc: Detected 2793.552 MHz processor
[    0.024027] Calibrating delay loop (skipped), value calculated using tim=
er frequency.. 5587.10 BogoMIPS (lpj=3D11174208)
[    0.028003] pid_max: default: 65536 minimum: 512
[    0.032094] ACPI: Core revision 20170303
[    0.317906] ACPI: 7 ACPI AML tables successfully acquired and loaded
[    0.320212] Security Framework initialized
[    0.324073] AppArmor: AppArmor initialized
[    0.351280] Dentry cache hash table entries: 8388608 (order: 14, 6710886=
4 bytes)
[    0.363784] Inode-cache hash table entries: 4194304 (order: 13, 33554432=
 bytes)
[    0.364410] Mount-cache hash table entries: 131072 (order: 8, 1048576 by=
tes)
[    0.368381] Mountpoint-cache hash table entries: 131072 (order: 8, 10485=
76 bytes)
[    0.372522] mce: CPU supports 2 MCE banks
[    0.376025] Last level iTLB entries: 4KB 128, 2MB 8, 4MB 8
[    0.380003] Last level dTLB entries: 4KB 64, 2MB 0, 4MB 0, 1GB 4
[    0.384005] Spectre V2 : Mitigation: Indirect Branch Restricted Speculat=
ion
[    0.388003] Spectre V2 : Spectre v2 / SpectreRSB mitigation: Filling RSB=
 on context switch
[    0.392003] Spectre V2 : Spectre v2 mitigation: Enabling Indirect Branch=
 Prediction Barrier
[    0.396002] Spectre V2 : Enabling Restricted Speculation for firmware ca=
lls
[    0.400004] Speculative Store Bypass: Mitigation: Speculative Store Bypa=
ss disabled via prctl and seccomp
[    0.404137] Freeing SMP alternatives memory: 28K
[    0.412162] cpu 0 spinlock event irq 201
[    0.416036] VPMU disabled by hypervisor.
[    0.420313] Performance Events: unsupported p6 CPU model 85 no PMU drive=
r, software events only.
[    0.425534] NMI watchdog: disabled (cpu0): hardware events not enabled
[    0.428004] NMI watchdog: Shutting down hard lockup detector on all cpus
[    0.432020] smp: Bringing up secondary CPUs ...
[    0.436201] installing Xen timer for CPU 1
(XEN) emul-priv-op.c:1113:d0v1 Domain attempted WRMSR 0000001b from 0x00000=
000fee00c00 to 0x00000000fee00000
(XEN) emul-priv-op.c:1113:d0v1 Domain attempted WRMSR 0000001b from 0x00000=
000fee00c00 to 0x00000000fee00800
[    0.502981] cpu 1 spinlock event irq 213
[    0.516229] installing Xen timer for CPU 2
(XEN) emul-priv-op.c:1113:d0v2 Domain attempted WRMSR 0000001b from 0x00000=
000fee00c00 to 0x00000000fee00000
(XEN) emul-priv-op.c:1113:d0v2 Domain attempted WRMSR 0000001b from 0x00000=
000fee00c00 to 0x00000000fee00800
[    0.582967] cpu 2 spinlock event irq 220
[    0.596192] installing Xen timer for CPU 3
(XEN) emul-priv-op.c:1113:d0v3 Domain attempted WRMSR 0000001b from 0x00000=
000fee00c00 to 0x00000000fee00000
(XEN) emul-priv-op.c:1113:d0v3 Domain attempted WRMSR 0000001b from 0x00000=
000fee00c00 to 0x00000000fee00800
[    0.662976] cpu 3 spinlock event irq 227
[    0.676328] installing Xen timer for CPU 4
(XEN) emul-priv-op.c:1113:d0v4 Domain attempted WRMSR 0000001b from 0x00000=
000fee00c00 to 0x00000000fee00000
(XEN) emul-priv-op.c:1113:d0v4 Domain attempted WRMSR 0000001b from 0x00000=
000fee00c00 to 0x00000000fee00800
[    0.742951] cpu 4 spinlock event irq 234
[    0.756235] installing Xen timer for CPU 5
[    0.756020] random: fast init done
(XEN) emul-priv-op.c:1113:d0v5 Domain attempted WRMSR 0000001b from 0x00000=
000fee00c00 to 0x00000000fee00000
(XEN) emul-priv-op.c:1113:d0v5 Domain attempted WRMSR 0000001b from 0x00000=
000fee00c00 to 0x00000000fee00800
[    0.829238] cpu 5 spinlock event irq 241
[    0.840196] installing Xen timer for CPU 6
(XEN) emul-priv-op.c:1113:d0v6 Domain attempted WRMSR 0000001b from 0x00000=
000fee00c00 to 0x00000000fee00000
(XEN) emul-priv-op.c:1113:d0v6 Domain attempted WRMSR 0000001b from 0x00000=
000fee00c00 to 0x00000000fee00800
[    0.906950] cpu 6 spinlock event irq 248
[    0.920251] installing Xen timer for CPU 7
(XEN) emul-priv-op.c:1113:d0v7 Domain attempted WRMSR 0000001b from 0x00000=
000fee00c00 to 0x00000000fee00000
(XEN) emul-priv-op.c:1113:d0v7 Domain attempted WRMSR 0000001b from 0x00000=
000fee00c00 to 0x00000000fee00800
[    0.986953] cpu 7 spinlock event irq 255
[    1.000297] installing Xen timer for CPU 8
(XEN) emul-priv-op.c:1113:d0v8 Domain attempted WRMSR 0000001b from 0x00000=
000fee00c00 to 0x00000000fee00000
(XEN) emul-priv-op.c:1113:d0v8 Domain attempted WRMSR 0000001b from 0x00000=
000fee00c00 to 0x00000000fee00800
[    1.066956] cpu 8 spinlock event irq 262
[    1.080151] installing Xen timer for CPU 9
(XEN) emul-priv-op.c:1113:d0v9 Domain attempted WRMSR 0000001b from 0x00000=
000fee00c00 to 0x00000000fee00000
(XEN) emul-priv-op.c:1113:d0v9 Domain attempted WRMSR 0000001b from 0x00000=
000fee00c00 to 0x00000000fee00800
[    1.120100] cpu 9 spinlock event irq 269
[    1.132192] installing Xen timer for CPU 10
(XEN) emul-priv-op.c:1113:d0v10 Domain attempted WRMSR 0000001b from 0x0000=
0000fee00c00 to 0x00000000fee00000
(XEN) emul-priv-op.c:1113:d0v10 Domain attempted WRMSR 0000001b from 0x0000=
0000fee00c00 to 0x00000000fee00800
[    1.199526] cpu 10 spinlock event irq 276
[    1.212416] installing Xen timer for CPU 11
(XEN) emul-priv-op.c:1113:d0v11 Domain attempted WRMSR 0000001b from 0x0000=
0000fee00c00 to 0x00000000fee00000
(XEN) emul-priv-op.c:1113:d0v11 Domain attempted WRMSR 0000001b from 0x0000=
0000fee00c00 to 0x00000000fee00800
[    1.279521] cpu 11 spinlock event irq 283
[    1.292261] installing Xen timer for CPU 12
(XEN) emul-priv-op.c:1113:d0v12 Domain attempted WRMSR 0000001b from 0x0000=
0000fee00c00 to 0x00000000fee00000
(XEN) emul-priv-op.c:1113:d0v12 Domain attempted WRMSR 0000001b from 0x0000=
0000fee00c00 to 0x00000000fee00800
[    1.359531] cpu 12 spinlock event irq 290
[    1.372384] installing Xen timer for CPU 13
(XEN) emul-priv-op.c:1113:d0v13 Domain attempted WRMSR 0000001b from 0x0000=
0000fee00c00 to 0x00000000fee00000
(XEN) emul-priv-op.c:1113:d0v13 Domain attempted WRMSR 0000001b from 0x0000=
0000fee00c00 to 0x00000000fee00800
[    1.439526] cpu 13 spinlock event irq 297
[    1.452197] installing Xen timer for CPU 14
(XEN) emul-priv-op.c:1113:d0v14 Domain attempted WRMSR 0000001b from 0x0000=
0000fee00c00 to 0x00000000fee00000
(XEN) emul-priv-op.c:1113:d0v14 Domain attempted WRMSR 0000001b from 0x0000=
0000fee00c00 to 0x00000000fee00800
[    1.519526] cpu 14 spinlock event irq 304
[    1.532321] installing Xen timer for CPU 15
(XEN) emul-priv-op.c:1113:d0v15 Domain attempted WRMSR 0000001b from 0x0000=
0000fee00c00 to 0x00000000fee00000
(XEN) emul-priv-op.c:1113:d0v15 Domain attempted WRMSR 0000001b from 0x0000=
0000fee00c00 to 0x00000000fee00800
[    1.599527] cpu 15 spinlock event irq 311
[    1.612391] installing Xen timer for CPU 16
(XEN) emul-priv-op.c:1113:d0v16 Domain attempted WRMSR 0000001b from 0x0000=
0000fee00c00 to 0x00000000fee00000
(XEN) emul-priv-op.c:1113:d0v16 Domain attempted WRMSR 0000001b from 0x0000=
0000fee00c00 to 0x00000000fee00800
[    1.679522] cpu 16 spinlock event irq 318
[    1.692219] installing Xen timer for CPU 17
(XEN) emul-priv-op.c:1113:d0v17 Domain attempted WRMSR 0000001b from 0x0000=
0000fee00c00 to 0x00000000fee00000
(XEN) emul-priv-op.c:1113:d0v17 Domain attempted WRMSR 0000001b from 0x0000=
0000fee00c00 to 0x00000000fee00800
[    1.759528] cpu 17 spinlock event irq 325
[    1.772193] installing Xen timer for CPU 18
(XEN) emul-priv-op.c:1113:d0v18 Domain attempted WRMSR 0000001b from 0x0000=
0000fee00c00 to 0x00000000fee00000
(XEN) emul-priv-op.c:1113:d0v18 Domain attempted WRMSR 0000001b from 0x0000=
0000fee00c00 to 0x00000000fee00800
[    1.839571] cpu 18 spinlock event irq 332
[    1.852222] installing Xen timer for CPU 19
(XEN) emul-priv-op.c:1113:d0v19 Domain attempted WRMSR 0000001b from 0x0000=
0000fee00c00 to 0x00000000fee00000
(XEN) emul-priv-op.c:1113:d0v19 Domain attempted WRMSR 0000001b from 0x0000=
0000fee00c00 to 0x00000000fee00800
[    1.919529] cpu 19 spinlock event irq 339
[    1.932863] installing Xen timer for CPU 20
(XEN) emul-priv-op.c:1113:d0v20 Domain attempted WRMSR 0000001b from 0x0000=
0000fee00c00 to 0x00000000fee00000
(XEN) emul-priv-op.c:1113:d0v20 Domain attempted WRMSR 0000001b from 0x0000=
0000fee00c00 to 0x00000000fee00800
[    1.999542] cpu 20 spinlock event irq 346
[    2.012371] installing Xen timer for CPU 21
(XEN) emul-priv-op.c:1113:d0v21 Domain attempted WRMSR 0000001b from 0x0000=
0000fee00c00 to 0x00000000fee00000
(XEN) emul-priv-op.c:1113:d0v21 Domain attempted WRMSR 0000001b from 0x0000=
0000fee00c00 to 0x00000000fee00800
[    2.079526] cpu 21 spinlock event irq 353
[    2.092194] installing Xen timer for CPU 22
(XEN) emul-priv-op.c:1113:d0v22 Domain attempted WRMSR 0000001b from 0x0000=
0000fee00c00 to 0x00000000fee00000
(XEN) emul-priv-op.c:1113:d0v22 Domain attempted WRMSR 0000001b from 0x0000=
0000fee00c00 to 0x00000000fee00800
[    2.159522] cpu 22 spinlock event irq 360
[    2.172381] installing Xen timer for CPU 23
(XEN) emul-priv-op.c:1113:d0v23 Domain attempted WRMSR 0000001b from 0x0000=
0000fee00c00 to 0x00000000fee00000
(XEN) emul-priv-op.c:1113:d0v23 Domain attempted WRMSR 0000001b from 0x0000=
0000fee00c00 to 0x00000000fee00800
[    2.239526] cpu 23 spinlock event irq 367
[    2.252226] installing Xen timer for CPU 24
(XEN) emul-priv-op.c:1113:d0v24 Domain attempted WRMSR 0000001b from 0x0000=
0000fee00c00 to 0x00000000fee00000
[    2.256020] r(XEN) emul-priv-op.c:1113:d0v24 Domain attempted WRMSR 0000=
001b from 0x00000000fee00c00 to 0x00000000fee00800
andom: crng init done
[    2.324102] cpu 24 spinlock event irq 374
[    2.344210] installing Xen timer for CPU 25
(XEN) emul-priv-op.c:1113:d0v25 Domain attempted WRMSR 0000001b from 0x0000=
0000fee00c00 to 0x00000000fee00000
(XEN) emul-priv-op.c:1113:d0v25 Domain attempted WRMSR 0000001b from 0x0000=
0000fee00c00 to 0x00000000fee00800
[    2.411528] cpu 25 spinlock event irq 381
[    2.424188] installing Xen timer for CPU 26
(XEN) emul-priv-op.c:1113:d0v26 Domain attempted WRMSR 0000001b from 0x0000=
0000fee00c00 to 0x00000000fee00000
(XEN) emul-priv-op.c:1113:d0v26 Domain attempted WRMSR 0000001b from 0x0000=
0000fee00c00 to 0x00000000fee00800
[    2.491525] cpu 26 spinlock event irq 388
[    2.504301] installing Xen timer for CPU 27
(XEN) emul-priv-op.c:1113:d0v27 Domain attempted WRMSR 0000001b from 0x0000=
0000fee00c00 to 0x00000000fee00000
(XEN) emul-priv-op.c:1113:d0v27 Domain attempted WRMSR 0000001b from 0x0000=
0000fee00c00 to 0x00000000fee00800
[    2.571520] cpu 27 spinlock event irq 395
[    2.584326] installing Xen timer for CPU 28
(XEN) emul-priv-op.c:1113:d0v28 Domain attempted WRMSR 0000001b from 0x0000=
0000fee00c00 to 0x00000000fee00000
(XEN) emul-priv-op.c:1113:d0v28 Domain attempted WRMSR 0000001b from 0x0000=
0000fee00c00 to 0x00000000fee00800
[    2.651533] cpu 28 spinlock event irq 402
[    2.664296] installing Xen timer for CPU 29
(XEN) emul-priv-op.c:1113:d0v29 Domain attempted WRMSR 0000001b from 0x0000=
0000fee00c00 to 0x00000000fee00000
(XEN) emul-priv-op.c:1113:d0v29 Domain attempted WRMSR 0000001b from 0x0000=
0000fee00c00 to 0x00000000fee00800
[    2.731516] cpu 29 spinlock event irq 409
[    2.744192] installing Xen timer for CPU 30
(XEN) emul-priv-op.c:1113:d0v30 Domain attempted WRMSR 0000001b from 0x0000=
0000fee00c00 to 0x00000000fee00000
(XEN) emul-priv-op.c:1113:d0v30 Domain attempted WRMSR 0000001b from 0x0000=
0000fee00c00 to 0x00000000fee00800
[    2.811510] cpu 30 spinlock event irq 416
[    2.824236] installing Xen timer for CPU 31
(XEN) emul-priv-op.c:1113:d0v31 Domain attempted WRMSR 0000001b from 0x0000=
0000fee00c00 to 0x00000000fee00000
(XEN) emul-priv-op.c:1113:d0v31 Domain attempted WRMSR 0000001b from 0x0000=
0000fee00c00 to 0x00000000fee00800
[    2.880122] cpu 31 spinlock event irq 423
[    2.892333] installing Xen timer for CPU 32
(XEN) emul-priv-op.c:1113:d0v32 Domain attempted WRMSR 0000001b from 0x0000=
0000fee00c00 to 0x00000000fee00000
(XEN) emul-priv-op.c:1113:d0v32 Domain attempted WRMSR 0000001b from 0x0000=
0000fee00c00 to 0x00000000fee00800
[    2.959537] cpu 32 spinlock event irq 430
[    2.972598] installing Xen timer for CPU 33
(XEN) emul-priv-op.c:1113:d0v33 Domain attempted WRMSR 0000001b from 0x0000=
0000fee00c00 to 0x00000000fee00000
(XEN) emul-priv-op.c:1113:d0v33 Domain attempted WRMSR 0000001b from 0x0000=
0000fee00c00 to 0x00000000fee00800
[    3.039529] cpu 33 spinlock event irq 437
[    3.052196] installing Xen timer for CPU 34
(XEN) emul-priv-op.c:1113:d0v34 Domain attempted WRMSR 0000001b from 0x0000=
0000fee00c00 to 0x00000000fee00000
(XEN) emul-priv-op.c:1113:d0v34 Domain attempted WRMSR 0000001b from 0x0000=
0000fee00c00 to 0x00000000fee00800
[    3.119523] cpu 34 spinlock event irq 444
[    3.132388] installing Xen timer for CPU 35
(XEN) emul-priv-op.c:1113:d0v35 Domain attempted WRMSR 0000001b from 0x0000=
0000fee00c00 to 0x00000000fee00000
(XEN) emul-priv-op.c:1113:d0v35 Domain attempted WRMSR 0000001b from 0x0000=
0000fee00c00 to 0x00000000fee00800
[    3.199514] cpu 35 spinlock event irq 451
[    3.212292] installing Xen timer for CPU 36
(XEN) emul-priv-op.c:1113:d0v36 Domain attempted WRMSR 0000001b from 0x0000=
0000fee00c00 to 0x00000000fee00000
(XEN) emul-priv-op.c:1113:d0v36 Domain attempted WRMSR 0000001b from 0x0000=
0000fee00c00 to 0x00000000fee00800
[    3.279536] cpu 36 spinlock event irq 458
[    3.292396] installing Xen timer for CPU 37
(XEN) emul-priv-op.c:1113:d0v37 Domain attempted WRMSR 0000001b from 0x0000=
0000fee00c00 to 0x00000000fee00000
(XEN) emul-priv-op.c:1113:d0v37 Domain attempted WRMSR 0000001b from 0x0000=
0000fee00c00 to 0x00000000fee00800
[    3.359529] cpu 37 spinlock event irq 465
[    3.372268] installing Xen timer for CPU 38
(XEN) emul-priv-op.c:1113:d0v38 Domain attempted WRMSR 0000001b from 0x0000=
0000fee00c00 to 0x00000000fee00000
(XEN) emul-priv-op.c:1113:d0v38 Domain attempted WRMSR 0000001b from 0x0000=
0000fee00c00 to 0x00000000fee00800
[    3.439527] cpu 38 spinlock event irq 472
[    3.452217] installing Xen timer for CPU 39
(XEN) emul-priv-op.c:1113:d0v39 Domain attempted WRMSR 0000001b from 0x0000=
0000fee00c00 to 0x00000000fee00000
(XEN) emul-priv-op.c:1113:d0v39 Domain attempted WRMSR 0000001b from 0x0000=
0000fee00c00 to 0x00000000fee00800
[    3.519524] cpu 39 spinlock event irq 479
[    3.532363] installing Xen timer for CPU 40
(XEN) emul-priv-op.c:1113:d0v40 Domain attempted WRMSR 0000001b from 0x0000=
0000fee00c00 to 0x00000000fee00000
(XEN) emul-priv-op.c:1113:d0v40 Domain attempted WRMSR 0000001b from 0x0000=
0000fee00c00 to 0x00000000fee00800
[    3.599535] cpu 40 spinlock event irq 486
[    3.612218] installing Xen timer for CPU 41
(XEN) emul-priv-op.c:1113:d0v41 Domain attempted WRMSR 0000001b from 0x0000=
0000fee00c00 to 0x00000000fee00000
(XEN) emul-priv-op.c:1113:d0v41 Domain attempted WRMSR 0000001b from 0x0000=
0000fee00c00 to 0x00000000fee00800
[    3.679520] cpu 41 spinlock event irq 493
[    3.692193] installing Xen timer for CPU 42
(XEN) emul-priv-op.c:1113:d0v42 Domain attempted WRMSR 0000001b from 0x0000=
0000fee00c00 to 0x00000000fee00000
(XEN) emul-priv-op.c:1113:d0v42 Domain attempted WRMSR 0000001b from 0x0000=
0000fee00c00 to 0x00000000fee00800
[    3.759529] cpu 42 spinlock event irq 500
[    3.772281] installing Xen timer for CPU 43
(XEN) emul-priv-op.c:1113:d0v43 Domain attempted WRMSR 0000001b from 0x0000=
0000fee00c00 to 0x00000000fee00000
(XEN) emul-priv-op.c:1113:d0v43 Domain attempted WRMSR 0000001b from 0x0000=
0000fee00c00 to 0x00000000fee00800
[    3.839532] cpu 43 spinlock event irq 507
[    3.852401] installing Xen timer for CPU 44
(XEN) emul-priv-op.c:1113:d0v44 Domain attempted WRMSR 0000001b from 0x0000=
0000fee00c00 to 0x00000000fee00000
(XEN) emul-priv-op.c:1113:d0v44 Domain attempted WRMSR 0000001b from 0x0000=
0000fee00c00 to 0x00000000fee00800
[    3.919535] cpu 44 spinlock event irq 514
[    3.932689] installing Xen timer for CPU 45
(XEN) emul-priv-op.c:1113:d0v45 Domain attempted WRMSR 0000001b from 0x0000=
0000fee00c00 to 0x00000000fee00000
(XEN) emul-priv-op.c:1113:d0v45 Domain attempted WRMSR 0000001b from 0x0000=
0000fee00c00 to 0x00000000fee00800
[    3.999540] cpu 45 spinlock event irq 521
[    4.012266] installing Xen timer for CPU 46
(XEN) emul-priv-op.c:1113:d0v46 Domain attempted WRMSR 0000001b from 0x0000=
0000fee00c00 to 0x00000000fee00000
(XEN) emul-priv-op.c:1113:d0v46 Domain attempted WRMSR 0000001b from 0x0000=
0000fee00c00 to 0x00000000fee00800
[    4.079524] cpu 46 spinlock event irq 528
[    4.092352] installing Xen timer for CPU 47
(XEN) emul-priv-op.c:1113:d0v47 Domain attempted WRMSR 0000001b from 0x0000=
0000fee00c00 to 0x00000000fee00000
(XEN) emul-priv-op.c:1113:d0v47 Domain attempted WRMSR 0000001b from 0x0000=
0000fee00c00 to 0x00000000fee00800
[    4.159541] cpu 47 spinlock event irq 535
[    4.172397] installing Xen timer for CPU 48
(XEN) emul-priv-op.c:1113:d0v48 Domain attempted WRMSR 0000001b from 0x0000=
0000fee00c00 to 0x00000000fee00000
(XEN) emul-priv-op.c:1113:d0v48 Domain attempted WRMSR 0000001b from 0x0000=
0000fee00c00 to 0x00000000fee00800
[    4.239540] cpu 48 spinlock event irq 542
[    4.252222] installing Xen timer for CPU 49
(XEN) emul-priv-op.c:1113:d0v49 Domain attempted WRMSR 0000001b from 0x0000=
0000fee00c00 to 0x00000000fee00000
(XEN) emul-priv-op.c:1113:d0v49 Domain attempted WRMSR 0000001b from 0x0000=
0000fee00c00 to 0x00000000fee00800
[    4.319541] cpu 49 spinlock event irq 549
[    4.332195] installing Xen timer for CPU 50
(XEN) emul-priv-op.c:1113:d0v50 Domain attempted WRMSR 0000001b from 0x0000=
0000fee00c00 to 0x00000000fee00000
(XEN) emul-priv-op.c:1113:d0v50 Domain attempted WRMSR 0000001b from 0x0000=
0000fee00c00 to 0x00000000fee00800
[    4.399529] cpu 50 spinlock event irq 556
[    4.412267] installing Xen timer for CPU 51
(XEN) emul-priv-op.c:1113:d0v51 Domain attempted WRMSR 0000001b from 0x0000=
0000fee00c00 to 0x00000000fee00000
(XEN) emul-priv-op.c:1113:d0v51 Domain attempted WRMSR 0000001b from 0x0000=
0000fee00c00 to 0x00000000fee00800
[    4.479526] cpu 51 spinlock event irq 563
[    4.492340] installing Xen timer for CPU 52
(XEN) emul-priv-op.c:1113:d0v52 Domain attempted WRMSR 0000001b from 0x0000=
0000fee00c00 to 0x00000000fee00000
(XEN) emul-priv-op.c:1113:d0v52 Domain attempted WRMSR 0000001b from 0x0000=
0000fee00c00 to 0x00000000fee00800
[    4.559542] cpu 52 spinlock event irq 570
[    4.572273] installing Xen timer for CPU 53
(XEN) emul-priv-op.c:1113:d0v53 Domain attempted WRMSR 0000001b from 0x0000=
0000fee00c00 to 0x00000000fee00000
(XEN) emul-priv-op.c:1113:d0v53 Domain attempted WRMSR 0000001b from 0x0000=
0000fee00c00 to 0x00000000fee00800
[    4.639558] cpu 53 spinlock event irq 577
[    4.652194] installing Xen timer for CPU 54
(XEN) emul-priv-op.c:1113:d0v54 Domain attempted WRMSR 0000001b from 0x0000=
0000fee00c00 to 0x00000000fee00000
(XEN) emul-priv-op.c:1113:d0v54 Domain attempted WRMSR 0000001b from 0x0000=
0000fee00c00 to 0x00000000fee00800
[    4.719530] cpu 54 spinlock event irq 584
[    4.732265] installing Xen timer for CPU 55
(XEN) emul-priv-op.c:1113:d0v55 Domain attempted WRMSR 0000001b from 0x0000=
0000fee00c00 to 0x00000000fee00000
(XEN) emul-priv-op.c:1113:d0v55 Domain attempted WRMSR 0000001b from 0x0000=
0000fee00c00 to 0x00000000fee00800
[    4.799518] cpu 55 spinlock event irq 591
[    4.812400] installing Xen timer for CPU 56
(XEN) emul-priv-op.c:1113:d0v56 Domain attempted WRMSR 0000001b from 0x0000=
0000fee00c00 to 0x00000000fee00000
(XEN) emul-priv-op.c:1113:d0v56 Domain attempted WRMSR 0000001b from 0x0000=
0000fee00c00 to 0x00000000fee00800
[    4.879552] cpu 56 spinlock event irq 598
[    4.892479] installing Xen timer for CPU 57
(XEN) emul-priv-op.c:1113:d0v57 Domain attempted WRMSR 0000001b from 0x0000=
0000fee00c00 to 0x00000000fee00000
(XEN) emul-priv-op.c:1113:d0v57 Domain attempted WRMSR 0000001b from 0x0000=
0000fee00c00 to 0x00000000fee00800
[    4.959529] cpu 57 spinlock event irq 605
[    4.972634] installing Xen timer for CPU 58
(XEN) emul-priv-op.c:1113:d0v58 Domain attempted WRMSR 0000001b from 0x0000=
0000fee00c00 to 0x00000000fee00000
(XEN) emul-priv-op.c:1113:d0v58 Domain attempted WRMSR 0000001b from 0x0000=
0000fee00c00 to 0x00000000fee00800
[    5.039528] cpu 58 spinlock event irq 612
[    5.052196] installing Xen timer for CPU 59
(XEN) emul-priv-op.c:1113:d0v59 Domain attempted WRMSR 0000001b from 0x0000=
0000fee00c00 to 0x00000000fee00000
(XEN) emul-priv-op.c:1113:d0v59 Domain attempted WRMSR 0000001b from 0x0000=
0000fee00c00 to 0x00000000fee00800
[    5.119537] cpu 59 spinlock event irq 619
[    5.132336] installing Xen timer for CPU 60
(XEN) emul-priv-op.c:1113:d0v60 Domain attempted WRMSR 0000001b from 0x0000=
0000fee00c00 to 0x00000000fee00000
(XEN) emul-priv-op.c:1113:d0v60 Domain attempted WRMSR 0000001b from 0x0000=
0000fee00c00 to 0x00000000fee00800
[    5.199526] cpu 60 spinlock event irq 626
[    5.212190] installing Xen timer for CPU 61
(XEN) emul-priv-op.c:1113:d0v61 Domain attempted WRMSR 0000001b from 0x0000=
0000fee00d00 to 0x00000000fee00100
(XEN) emul-priv-op.c:1113:d0v61 Domain attempted WRMSR 0000001b from 0x0000=
0000fee00d00 to 0x00000000fee00900
[    5.279537] cpu 61 spinlock event irq 633
[    5.292330] installing Xen timer for CPU 62
(XEN) emul-priv-op.c:1113:d0v62 Domain attempted WRMSR 0000001b from 0x0000=
0000fee00c00 to 0x00000000fee00000
(XEN) emul-priv-op.c:1113:d0v62 Domain attempted WRMSR 0000001b from 0x0000=
0000fee00c00 to 0x00000000fee00800
[    5.359539] cpu 62 spinlock event irq 640
[    5.372217] installing Xen timer for CPU 63
(XEN) emul-priv-op.c:1113:d0v63 Domain attempted WRMSR 0000001b from 0x0000=
0000fee00c00 to 0x00000000fee00000
(XEN) emul-priv-op.c:1113:d0v63 Domain attempted WRMSR 0000001b from 0x0000=
0000fee00c00 to 0x00000000fee00800
[    5.439540] cpu 63 spinlock event irq 647
[    5.452046] smp: Brought up 1 node, 64 CPUs
[    5.456005] smpboot: Max logical packages: 1
[    5.862950] node 0 initialised, 31188954 pages in 404ms
[    5.891119] devtmpfs: initialized
[    5.892061] x86/mm: Memory block size: 2048MB
[    5.898790] evm: security.selinux
[    5.900003] evm: security.ima
[    5.904003] evm: security.capability
[    5.908051] PM: Registering ACPI NVS region [mem 0x67b34000-0x6d72cfff] =
(96440320 bytes)
[    5.914626] clocksource: jiffies: mask: 0xffffffff max_cycles: 0xfffffff=
f, max_idle_ns: 7645041785100000 ns
[    5.916341] futex hash table entries: 16384 (order: 8, 1048576 bytes)
[    5.921196] pinctrl core: initialized pinctrl subsystem
[    5.924101] RTC time: 12:22:08, date: 11/12/19
[    5.928749] NET: Registered protocol family 16
[    5.932018] xen:grant_table: Grant tables using version 1 layout
[    5.936055] Grant table initialized
[    5.941292] Detected 1 PCC Subspaces
[    5.944028] Registering PCC driver as Mailbox controller
[    5.948037] ACPI FADT declares the system doesn't support PCIe ASPM, so =
disable it
[    5.952004] ACPI: bus type PCI registered
[    5.956004] acpiphp: ACPI Hot Plug PCI Controller Driver version: 0.5
[    5.960694] PCI: MMCONFIG for domain 0000 [bus 00-ff] at [mem 0x80000000=
=2D0x8fffffff] (base 0x80000000)
[    5.964005] PCI: MMCONFIG at [mem 0x80000000-0x8fffffff] reserved in E820
(XEN) d0: Forcing write emulation on MFNs 80000-8ffff
[    6.033474] PCI: Using configuration type 1 for base access
[    6.044687] ACPI: Added _OSI(Module Device)
[    6.056005] ACPI: Added _OSI(Processor Device)
[    6.072004] ACPI: Added _OSI(3.0 _SCP Extensions)
[    6.088004] ACPI: Added _OSI(Processor Aggregator Device)
[    6.152111] ACPI: [Firmware Bug]: BIOS _OSI(Linux) query ignored
[    6.197203] ACPI: Dynamic OEM Table Load:
[    6.490267] ACPI: Interpreter enabled
[    6.504036] ACPI: (supports S0 S5)
[    6.512005] ACPI: Using IOAPIC for interrupt routing
[    6.528102] HEST: Table parsing has been initialized.
[    6.548006] PCI: Using host bridge windows from ACPI; if necessary, use =
"pci=3Dnocrs" and report a bug
[    6.576934] ACPI: Enabled 6 GPEs in block 00 to 7F
[    6.696962] ACPI: PCI Root Bridge [PC00] (domain 0000 [bus 00-15])
[    6.716010] acpi PNP0A08:00: _OSC: OS supports [ExtendedConfig ASPM Cloc=
kPM Segments MSI]
[    6.744350] acpi PNP0A08:00: _OSC: platform does not support [AER]
[    6.764328] acpi PNP0A08:00: _OSC: OS now controls [PCIeHotplug PME PCIe=
Capability]
[    6.788004] acpi PNP0A08:00: FADT indicates ASPM is unsupported, using B=
IOS configuration
[    6.812999] PCI host bridge to bus 0000:00
[    6.828005] pci_bus 0000:00: root bus resource [io  0x0000-0x03af window]
[    6.852021] pci_bus 0000:00: root bus resource [io  0x03e0-0x0cf7 window]
[    6.872005] pci_bus 0000:00: root bus resource [io  0x03b0-0x03bb window]
[    6.896005] pci_bus 0000:00: root bus resource [io  0x03c0-0x03df window]
[    6.916019] pci_bus 0000:00: root bus resource [io  0x1000-0x3fff window]
[    6.940005] pci_bus 0000:00: root bus resource [mem 0x000a0000-0x000bfff=
f window]
[    6.964005] pci_bus 0000:00: root bus resource [mem 0x000c4000-0x000c7ff=
f window]
[    6.988005] pci_bus 0000:00: root bus resource [mem 0xfe010000-0xfe010ff=
f window]
[    7.012005] pci_bus 0000:00: root bus resource [mem 0x90000000-0x96bffff=
f window]
[    7.036005] pci_bus 0000:00: root bus resource [bus 00-15]
(XEN) PCI add device 0000:00:00.0
(XEN) PCI add device 0000:00:04.0
(XEN) PCI add device 0000:00:04.1
(XEN) PCI add device 0000:00:04.2
(XEN) PCI add device 0000:00:04.3
(XEN) PCI add device 0000:00:04.4
(XEN) PCI add device 0000:00:04.5
(XEN) PCI add device 0000:00:04.6
(XEN) PCI add device 0000:00:04.7
(XEN) PCI add device 0000:00:05.0
(XEN) PCI add device 0000:00:05.2
(XEN) PCI add device 0000:00:05.4
(XEN) PCI add device 0000:00:08.0
(XEN) PCI add device 0000:00:08.1
(XEN) PCI add device 0000:00:08.2
(XEN) PCI add device 0000:00:11.0
[    7.208548] pci 0000:00:14.0: System wakeup disabled by ACPI
(XEN) PCI add device 0000:00:14.0
(XEN) PCI add device 0000:00:14.2
(XEN) PCI add device 0000:00:16.0
(XEN) PCI add device 0000:00:16.1
(XEN) PCI add device 0000:00:16.4
(XEN) PCI add device 0000:00:17.0
[    7.284508] pci 0000:00:1c.0: System wakeup disabled by ACPI
(XEN) PCI add device 0000:00:1c.0
[    7.312518] pci 0000:00:1c.3: System wakeup disabled by ACPI
(XEN) PCI add device 0000:00:1c.3
[    7.340522] pci 0000:00:1c.4: System wakeup disabled by ACPI
(XEN) PCI add device 0000:00:1c.4
[    7.372521] pci 0000:00:1d.0: System wakeup disabled by ACPI
(XEN) PCI add device 0000:00:1d.0
(XEN) PCI add device 0000:00:1f.0
(XEN) PCI add device 0000:00:1f.2
(XEN) PCI add device 0000:00:1f.4
(XEN) PCI add device 0000:00:1f.5
[    7.436115] pci 0000:00:1c.0: PCI bridge to [bus 01]
(XEN) PCI add device 0000:02:00.0
[    7.464032] pci 0000:00:1c.3: PCI bridge to [bus 02-03]
(XEN) PCI add device 0000:03:00.0
(XEN) PCI add device 0000:03:01.0
[    7.500108] pci 0000:02:00.0: PCI bridge to [bus 03]
[    7.516160] pci 0000:00:1c.4: PCI bridge to [bus 04]
[    7.532136] pci 0000:00:1d.0: PCI bridge to [bus 05]
[    7.552027] ACPI: PCI Root Bridge [PC01] (domain 0000 [bus 16-23])
[    7.572008] acpi PNP0A08:01: _OSC: OS supports [ExtendedConfig ASPM Cloc=
kPM Segments MSI]
[    7.596934] acpi PNP0A08:01: _OSC: platform does not support [AER]
[    7.620820] acpi PNP0A08:01: _OSC: OS now controls [PCIeHotplug PME PCIe=
Capability]
[    7.644025] acpi PNP0A08:01: FADT indicates ASPM is unsupported, using B=
IOS configuration
[    7.672228] PCI host bridge to bus 0000:16
[    7.684028] pci_bus 0000:16: root bus resource [io  0x4000-0x4fff window]
[    7.708011] pci_bus 0000:16: root bus resource [mem 0x96c00000-0x9d7ffff=
f window]
[    7.732006] pci_bus 0000:16: root bus resource [bus 16-23]
[    7.748378] pci 0000:16:00.0: System wakeup disabled by ACPI
(XEN) PCI add device 0000:16:00.0
(XEN) PCI add device 0000:16:05.0
(XEN) PCI add device 0000:16:05.2
(XEN) PCI add device 0000:16:05.4
(XEN) PCI add device 0000:16:08.0
(XEN) PCI add device 0000:16:08.1
(XEN) PCI add device 0000:16:08.2
(XEN) PCI add device 0000:16:08.3
(XEN) PCI add device 0000:16:08.4
(XEN) PCI add device 0000:16:08.5
(XEN) PCI add device 0000:16:08.6
(XEN) PCI add device 0000:16:08.7
(XEN) PCI add device 0000:16:09.0
(XEN) PCI add device 0000:16:09.1
(XEN) PCI add device 0000:16:09.2
(XEN) PCI add device 0000:16:09.3
(XEN) PCI add device 0000:16:09.4
(XEN) PCI add device 0000:16:09.5
(XEN) PCI add device 0000:16:09.6
(XEN) PCI add device 0000:16:09.7
(XEN) PCI add device 0000:16:0a.0
(XEN) PCI add device 0000:16:0a.1
(XEN) PCI add device 0000:16:0a.2
(XEN) PCI add device 0000:16:0a.3
(XEN) PCI add device 0000:16:0a.4
(XEN) PCI add device 0000:16:0a.5
(XEN) PCI add device 0000:16:0a.6
(XEN) PCI add device 0000:16:0a.7
(XEN) PCI add device 0000:16:0b.0
(XEN) PCI add device 0000:16:0b.1
(XEN) PCI add device 0000:16:0b.2
(XEN) PCI add device 0000:16:0b.3
(XEN) PCI add device 0000:16:0e.0
(XEN) PCI add device 0000:16:0e.1
(XEN) PCI add device 0000:16:0e.2
(XEN) PCI add device 0000:16:0e.3
(XEN) PCI add device 0000:16:0e.4
(XEN) PCI add device 0000:16:0e.5
(XEN) PCI add device 0000:16:0e.6
(XEN) PCI add device 0000:16:0e.7
(XEN) PCI add device 0000:16:0f.0
(XEN) PCI add device 0000:16:0f.1
(XEN) PCI add device 0000:16:0f.2
(XEN) PCI add device 0000:16:0f.3
(XEN) PCI add device 0000:16:0f.4
(XEN) PCI add device 0000:16:0f.5
(XEN) PCI add device 0000:16:0f.6
(XEN) PCI add device 0000:16:0f.7
(XEN) PCI add device 0000:16:10.0
(XEN) PCI add device 0000:16:10.1
(XEN) PCI add device 0000:16:10.2
(XEN) PCI add device 0000:16:10.3
(XEN) PCI add device 0000:16:10.4
(XEN) PCI add device 0000:16:10.5
(XEN) PCI add device 0000:16:10.6
(XEN) PCI add device 0000:16:10.7
(XEN) PCI add device 0000:16:11.0
(XEN) PCI add device 0000:16:11.1
(XEN) PCI add device 0000:16:11.2
(XEN) PCI add device 0000:16:11.3
(XEN) PCI add device 0000:16:1d.0
(XEN) PCI add device 0000:16:1d.1
(XEN) PCI add device 0000:16:1d.2
(XEN) PCI add device 0000:16:1d.3
(XEN) PCI add device 0000:16:1e.0
(XEN) PCI add device 0000:16:1e.1
(XEN) PCI add device 0000:16:1e.2
(XEN) PCI add device 0000:16:1e.3
(XEN) PCI add device 0000:16:1e.4
(XEN) PCI add device 0000:16:1e.5
(XEN) PCI add device 0000:16:1e.6
[    8.470827] pci 0000:17:00.0: VF(n) BAR0 space: [mem 0x00000000-0x0007ff=
ff 64bit pref] (contains BAR0 for 16 VFs)(XEN) PCI add device 0000:17:00.0
[    8.518642] pci 0000:17:00.1: VF(n) BAR0 space: [mem 0x00000000-0x0007ff=
ff 64bit pref] (contains BAR0 for 16 VFs)
(XEN) PCI add device 0000:17:00.1
[    8.564133] pci 0000:16:00.0: PCI bridge to [bus 17]
[    8.580214] ACPI: PCI Root Bridge [PC02] (domain 0000 [bus 24-31])
[    8.600025] acpi PNP0A08:02: _OSC: OS supports [ExtendedConfig ASPM Cloc=
kPM Segments MSI]
[    8.624928] acpi PNP0A08:02: _OSC: platform does not support [AER]
[    8.648789] acpi PNP0A08:02: _OSC: OS now controls [PCIeHotplug PME PCIe=
Capability]
[    8.672039] acpi PNP0A08:02: FADT indicates ASPM is unsupported, using B=
IOS configuration
[    8.700167] PCI host bridge to bus 0000:24
[    8.712016] pci_bus 0000:24: root bus resource [io  0x5000-0x5fff window]
[    8.736022] pci_bus 0000:24: root bus resource [mem 0x9d800000-0xa43ffff=
f window]
[    8.760005] pci_bus 0000:24: root bus resource [bus 24-31]
[    8.776120] pci 0000:24:00.0: enabling Extended Tags
[    8.792210] pci 0000:24:00.0: System wakeup disabled by ACPI
(XEN) PCI add device 0000:24:00.0
(XEN) PCI add device 0000:24:05.0
(XEN) PCI add device 0000:24:05.2
(XEN) PCI add device 0000:24:05.4
(XEN) PCI add device 0000:24:08.0
(XEN) PCI add device 0000:24:09.0
(XEN) PCI add device 0000:24:0a.0
(XEN) PCI add device 0000:24:0a.1
(XEN) PCI add device 0000:24:0a.2
(XEN) PCI add device 0000:24:0a.3
(XEN) PCI add device 0000:24:0a.4
(XEN) PCI add device 0000:24:0a.5
(XEN) PCI add device 0000:24:0a.6
(XEN) PCI add device 0000:24:0a.7
(XEN) PCI add device 0000:24:0b.0
(XEN) PCI add device 0000:24:0b.1
(XEN) PCI add device 0000:24:0b.2
(XEN) PCI add device 0000:24:0b.3
(XEN) PCI add device 0000:24:0c.0
(XEN) PCI add device 0000:24:0c.1
(XEN) PCI add device 0000:24:0c.2
(XEN) PCI add device 0000:24:0c.3
(XEN) PCI add device 0000:24:0c.4
(XEN) PCI add device 0000:24:0c.5
(XEN) PCI add device 0000:24:0c.6
(XEN) PCI add device 0000:24:0c.7
(XEN) PCI add device 0000:24:0d.0
(XEN) PCI add device 0000:24:0d.1
(XEN) PCI add device 0000:24:0d.2
(XEN) PCI add device 0000:24:0d.3
[    9.108464] pci 0000:25:00.0: System wakeup disabled by ACPI
(XEN) PCI add device 0000:25:00.0
[    9.136027] pci 0000:24:00.0: PCI bridge to [bus 25-27]
[    9.152505] pci 0000:26:03.0: System wakeup disabled by ACPI
(XEN) PCI add device 0000:26:03.0
[    9.180091] pci 0000:25:00.0: PCI bridge to [bus 26-27]
[    9.196344] pci 0000:27:00.0: enabling Extended Tags
[    9.216268] pci 0000:27:00.0: VF(n) BAR0 space: [mem 0x00000000-0x003fff=
ff 64bit pref] (contains BAR0 for 32 VFs)
[    9.248041] pci 0000:27:00.0: VF(n) BAR3 space: [mem 0x00000000-0x0007ff=
ff 64bit pref] (contains BAR3 for 32 VFs)
(XEN) PCI add device 0000:27:00.0
[    9.292216] pci 0000:27:00.1: enabling Extended Tags
[    9.308253] pci 0000:27:00.1: VF(n) BAR0 space: [mem 0x00000000-0x003fff=
ff 64bit pref] (contains BAR0 for 32 VFs)
[    9.340041] pci 0000:27:00.1: VF(n) BAR3 space: [mem 0x00000000-0x0007ff=
ff 64bit pref] (contains BAR3 for 32 VFs)
(XEN) PCI add device 0000:27:00.1
[    9.384213] pci 0000:27:00.2: enabling Extended Tags
[    9.400252] pci 0000:27:00.2: VF(n) BAR0 space: [mem 0x00000000-0x003fff=
ff 64bit pref] (contains BAR0 for 32 VFs)
[    9.432041] pci 0000:27:00.2: VF(n) BAR3 space: [mem 0x00000000-0x0007ff=
ff 64bit pref] (contains BAR3 for 32 VFs)
(XEN) PCI add device 0000:27:00.2
[    9.476211] pci 0000:27:00.3: enabling Extended Tags
[    9.492254] pci 0000:27:00.3: VF(n) BAR0 space: [mem 0x00000000-0x003fff=
ff 64bit pref] (contains BAR0 for 32 VFs)
[    9.528041] pci 0000:27:00.3: VF(n) BAR3 space: [mem 0x00000000-0x0007ff=
ff 64bit pref] (contains BAR3 for 32 VFs)
(XEN) PCI add device 0000:27:00.3
[    9.568146] pci 0000:26:03.0: PCI bridge to [bus 27]
[    9.588239] ACPI: PCI Root Bridge [PC03] (domain 0000 [bus 32-3f])
[    9.608008] acpi PNP0A08:03: _OSC: OS supports [ExtendedConfig ASPM Cloc=
kPM Segments MSI]
[    9.632917] acpi PNP0A08:03: _OSC: platform does not support [AER]
[    9.652797] acpi PNP0A08:03: _OSC: OS now controls [PCIeHotplug PME PCIe=
Capability]
[    9.680005] acpi PNP0A08:03: FADT indicates ASPM is unsupported, using B=
IOS configuration
[    9.708201] PCI host bridge to bus 0000:32
[    9.720005] pci_bus 0000:32: root bus resource [io  0x6000-0x6fff window]
[    9.740005] pci_bus 0000:32: root bus resource [mem 0xa4400000-0xaafffff=
f window]
[    9.768006] pci_bus 0000:32: root bus resource [bus 32-3f]
[    9.784371] pci 0000:32:00.0: System wakeup disabled by ACPI
(XEN) PCI add device 0000:32:00.0
(XEN) PCI add device 0000:32:05.0
(XEN) PCI add device 0000:32:05.2
(XEN) PCI add device 0000:32:05.4
(XEN) PCI add device 0000:32:0e.0
(XEN) PCI add device 0000:32:0e.1
(XEN) PCI add device 0000:32:0f.0
(XEN) PCI add device 0000:32:0f.1
(XEN) PCI add device 0000:32:10.0
(XEN) PCI add device 0000:32:10.1
(XEN) PCI add device 0000:32:12.0
(XEN) PCI add device 0000:32:12.1
(XEN) PCI add device 0000:32:12.2
(XEN) PCI add device 0000:32:12.4
(XEN) PCI add device 0000:32:12.5
(XEN) PCI add device 0000:32:15.0
(XEN) PCI add device 0000:32:15.1
(XEN) PCI add device 0000:32:16.0
(XEN) PCI add device 0000:32:16.1
(XEN) PCI add device 0000:32:16.4
(XEN) PCI add device 0000:32:16.5
(XEN) PCI add device 0000:32:17.0
(XEN) PCI add device 0000:32:17.1
[   10.028561] pci 0000:33:00.0: VF(n) BAR0 space: [mem 0x00000000-0x001fff=
ff 64bit pref] (contains BAR0 for 32 VFs)
[   10.064038] pci 0000:33:00.0: VF(n) BAR3 space: [mem 0x00000000-0x0007ff=
ff 64bit pref] (contains BAR3 for 32 VFs)
(XEN) PCI add device 0000:33:00.0
[   10.104412] pci 0000:33:00.1: VF(n) BAR0 space: [mem 0x00000000-0x001fff=
ff 64bit pref] (contains BAR0 for 32 VFs)
[   10.140038] pci 0000:33:00.1: VF(n) BAR3 space: [mem 0x00000000-0x0007ff=
ff 64bit pref] (contains BAR3 for 32 VFs)
(XEN) PCI add device 0000:33:00.1
[   10.180412] pci 0000:33:00.2: VF(n) BAR0 space: [mem 0x00000000-0x001fff=
ff 64bit pref] (contains BAR0 for 32 VFs)
[   10.216038] pci 0000:33:00.2: VF(n) BAR3 space: [mem 0x00000000-0x0007ff=
ff 64bit pref] (contains BAR3 for 32 VFs)
(XEN) PCI add device 0000:33:00.2
[   10.260407] pci 0000:33:00.3: VF(n) BAR0 space: [mem 0x00000000-0x001fff=
ff 64bit pref] (contains BAR0 for 32 VFs)
[   10.292038] pci 0000:33:00.3: VF(n) BAR3 space: [mem 0x00000000-0x0007ff=
ff 64bit pref] (contains BAR3 for 32 VFs)
(XEN) PCI add device 0000:33:00.3
[   10.336034] pci 0000:32:00.0: PCI bridge to [bus 33]
[   10.352317] ACPI: PCI Root Bridge [PC06] (domain 0000 [bus 40-43])
[   10.372027] acpi PNP0A08:06: _OSC: OS supports [ExtendedConfig ASPM Cloc=
kPM Segments MSI]
[   10.400555] acpi PNP0A08:06: _OSC: platform does not support [AER]
[   10.420519] acpi PNP0A08:06: _OSC: OS now controls [PCIeHotplug PME PCIe=
Capability]
[   10.444005] acpi PNP0A08:06: FADT indicates ASPM is unsupported, using B=
IOS configuration
[   10.472163] acpiphp: Slot [1] registered
[   10.484090] PCI host bridge to bus 0000:40
[   10.496004] pci_bus 0000:40: root bus resource [io  0x7000-0x7fff window]
[   10.520025] pci_bus 0000:40: root bus resource [mem 0xab000000-0xb1bffff=
f window]
[   10.544005] pci_bus 0000:40: root bus resource [bus 40-43]
(XEN) PCI add device 0000:40:04.0
(XEN) PCI add device 0000:40:04.1
(XEN) PCI add device 0000:40:04.2
(XEN) PCI add device 0000:40:04.3
(XEN) PCI add device 0000:40:04.4
(XEN) PCI add device 0000:40:04.5
(XEN) PCI add device 0000:40:04.6
(XEN) PCI add device 0000:40:04.7
(XEN) PCI add device 0000:40:05.0
(XEN) PCI add device 0000:40:05.2
(XEN) PCI add device 0000:40:05.4
(XEN) PCI add device 0000:40:08.0
(XEN) PCI add device 0000:40:08.1
(XEN) PCI add device 0000:40:08.2
[   10.700217] ACPI: PCI Root Bridge [PC07] (domain 0000 [bus 44-57])
[   10.720029] acpi PNP0A08:07: _OSC: OS supports [ExtendedConfig ASPM Cloc=
kPM Segments MSI]
[   10.748897] acpi PNP0A08:07: _OSC: platform does not support [AER]
[   10.768780] acpi PNP0A08:07: _OSC: OS now controls [PCIeHotplug PME PCIe=
Capability]
[   10.792015] acpi PNP0A08:07: FADT indicates ASPM is unsupported, using B=
IOS configuration
[   10.820159] acpiphp: Slot [1-1] registered
[   10.832027] acpiphp: Slot [2] registered
[   10.844024] acpiphp: Slot [3] registered
[   10.860026] acpiphp: Slot [4] registered
[   10.872113] PCI host bridge to bus 0000:44
[   10.884027] pci_bus 0000:44: root bus resource [io  0x8000-0x8fff window]
[   10.908027] pci_bus 0000:44: root bus resource [mem 0xb1c00000-0xb87ffff=
f window]
[   10.932005] pci_bus 0000:44: root bus resource [bus 44-57]
[   10.948377] pci 0000:44:00.0: System wakeup disabled by ACPI
(XEN) PCI add device 0000:44:00.0
(XEN) PCI add device 0000:44:05.0
(XEN) PCI add device 0000:44:05.2
(XEN) PCI add device 0000:44:05.4
(XEN) PCI add device 0000:44:08.0
(XEN) PCI add device 0000:44:08.1
(XEN) PCI add device 0000:44:08.2
(XEN) PCI add device 0000:44:08.3
(XEN) PCI add device 0000:44:08.4
(XEN) PCI add device 0000:44:08.5
(XEN) PCI add device 0000:44:08.6
(XEN) PCI add device 0000:44:08.7
(XEN) PCI add device 0000:44:09.0
(XEN) PCI add device 0000:44:09.1
(XEN) PCI add device 0000:44:09.2
(XEN) PCI add device 0000:44:09.3
(XEN) PCI add device 0000:44:09.4
(XEN) PCI add device 0000:44:09.5
(XEN) PCI add device 0000:44:09.6
(XEN) PCI add device 0000:44:09.7
(XEN) PCI add device 0000:44:0a.0
(XEN) PCI add device 0000:44:0a.1
(XEN) PCI add device 0000:44:0a.2
(XEN) PCI add device 0000:44:0a.3
(XEN) PCI add device 0000:44:0a.4
(XEN) PCI add device 0000:44:0a.5
(XEN) PCI add device 0000:44:0a.6
(XEN) PCI add device 0000:44:0a.7
(XEN) PCI add device 0000:44:0b.0
(XEN) PCI add device 0000:44:0b.1
(XEN) PCI add device 0000:44:0b.2
(XEN) PCI add device 0000:44:0b.3
(XEN) PCI add device 0000:44:0e.0
(XEN) PCI add device 0000:44:0e.1
(XEN) PCI add device 0000:44:0e.2
(XEN) PCI add device 0000:44:0e.3
(XEN) PCI add device 0000:44:0e.4
(XEN) PCI add device 0000:44:0e.5
(XEN) PCI add device 0000:44:0e.6
(XEN) PCI add device 0000:44:0e.7
(XEN) PCI add device 0000:44:0f.0
(XEN) PCI add device 0000:44:0f.1
(XEN) PCI add device 0000:44:0f.2
(XEN) PCI add device 0000:44:0f.3
(XEN) PCI add device 0000:44:0f.4
(XEN) PCI add device 0000:44:0f.5
(XEN) PCI add device 0000:44:0f.6
(XEN) PCI add device 0000:44:0f.7
(XEN) PCI add device 0000:44:10.0
(XEN) PCI add device 0000:44:10.1
(XEN) PCI add device 0000:44:10.2
(XEN) PCI add device 0000:44:10.3
(XEN) PCI add device 0000:44:10.4
(XEN) PCI add device 0000:44:10.5
(XEN) PCI add device 0000:44:10.6
(XEN) PCI add device 0000:44:10.7
(XEN) PCI add device 0000:44:11.0
(XEN) PCI add device 0000:44:11.1
(XEN) PCI add device 0000:44:11.2
(XEN) PCI add device 0000:44:11.3
(XEN) PCI add device 0000:44:1d.0
(XEN) PCI add device 0000:44:1d.1
(XEN) PCI add device 0000:44:1d.2
(XEN) PCI add device 0000:44:1d.3
(XEN) PCI add device 0000:44:1e.0
(XEN) PCI add device 0000:44:1e.1
(XEN) PCI add device 0000:44:1e.2
(XEN) PCI add device 0000:44:1e.3
(XEN) PCI add device 0000:44:1e.4
(XEN) PCI add device 0000:44:1e.5
(XEN) PCI add device 0000:44:1e.6
(XEN) PCI add device 0000:45:00.0
[   11.672029] pci 0000:44:00.0: PCI bridge to [bus 45]
[   11.692241] ACPI: PCI Root Bridge [PC08] (domain 0000 [bus 58-6b])
[   11.712008] acpi PNP0A08:08: _OSC: OS supports [ExtendedConfig ASPM Cloc=
kPM Segments MSI]
[   11.736909] acpi PNP0A08:08: _OSC: platform does not support [AER]
[   11.760010] acpi PNP0A08:08: _OSC: OS now controls [PCIeHotplug PME PCIe=
Capability]
[   11.784005] acpi PNP0A08:08: FADT indicates ASPM is unsupported, using B=
IOS configuration
[   11.808143] acpiphp: Slot [1-2] registered
[   11.824026] acpiphp: Slot [2-1] registered
[   11.836025] acpiphp: Slot [3-1] registered
[   11.852025] acpiphp: Slot [4-1] registered
[   11.864066] PCI host bridge to bus 0000:58
[   11.876026] pci_bus 0000:58: root bus resource [io  0x9000-0x9fff window]
[   11.900005] pci_bus 0000:58: root bus resource [mem 0xb8800000-0xbf3ffff=
f window]
[   11.924005] pci_bus 0000:58: root bus resource [bus 58-6b]
[   11.940125] pci 0000:58:00.0: enabling Extended Tags
[   11.960209] pci 0000:58:00.0: System wakeup disabled by ACPI
(XEN) PCI add device 0000:58:00.0
[   11.988126] pci 0000:58:01.0: enabling Extended Tags
[   12.004205] pci 0000:58:01.0: System wakeup disabled by ACPI
(XEN) PCI add device 0000:58:01.0
[   12.032127] pci 0000:58:02.0: enabling Extended Tags
[   12.048205] pci 0000:58:02.0: System wakeup disabled by ACPI
(XEN) PCI add device 0000:58:02.0
[   12.076223] pci 0000:58:03.0: enabling Extended Tags
[   12.092205] pci 0000:58:03.0: System wakeup disabled by ACPI
(XEN) PCI add device 0000:58:03.0
(XEN) PCI add device 0000:58:05.0
(XEN) PCI add device 0000:58:05.2
(XEN) PCI add device 0000:58:05.4
(XEN) PCI add device 0000:58:08.0
(XEN) PCI add device 0000:58:09.0
(XEN) PCI add device 0000:58:0a.0
(XEN) PCI add device 0000:58:0a.1
(XEN) PCI add device 0000:58:0a.2
(XEN) PCI add device 0000:58:0a.3
(XEN) PCI add device 0000:58:0a.4
(XEN) PCI add device 0000:58:0a.5
(XEN) PCI add device 0000:58:0a.6
(XEN) PCI add device 0000:58:0a.7
(XEN) PCI add device 0000:58:0b.0
(XEN) PCI add device 0000:58:0b.1
(XEN) PCI add device 0000:58:0b.2
(XEN) PCI add device 0000:58:0b.3
(XEN) PCI add device 0000:58:0c.0
(XEN) PCI add device 0000:58:0c.1
(XEN) PCI add device 0000:58:0c.2
(XEN) PCI add device 0000:58:0c.3
(XEN) PCI add device 0000:58:0c.4
(XEN) PCI add device 0000:58:0c.5
(XEN) PCI add device 0000:58:0c.6
(XEN) PCI add device 0000:58:0c.7
(XEN) PCI add device 0000:58:0d.0
(XEN) PCI add device 0000:58:0d.1
(XEN) PCI add device 0000:58:0d.2
(XEN) PCI add device 0000:58:0d.3
[   12.404158] pci 0000:58:00.0: PCI bridge to [bus 59]
[   12.424120] pci 0000:58:01.0: PCI bridge to [bus 5a]
[   12.440115] pci 0000:58:02.0: PCI bridge to [bus 5b]
[   12.456115] pci 0000:58:03.0: PCI bridge to [bus 5c]
[   12.472268] ACPI: PCI Root Bridge [PC09] (domain 0000 [bus 6c-7f])
[   12.492023] acpi PNP0A08:09: _OSC: OS supports [ExtendedConfig ASPM Cloc=
kPM Segments MSI]
[   12.516893] acpi PNP0A08:09: _OSC: platform does not support [AER]
[   12.540771] acpi PNP0A08:09: _OSC: OS now controls [PCIeHotplug PME PCIe=
Capability]
[   12.564004] acpi PNP0A08:09: FADT indicates ASPM is unsupported, using B=
IOS configuration
[   12.592140] acpiphp: Slot [1-3] registered
[   12.604027] acpiphp: Slot [2-2] registered
[   12.616025] acpiphp: Slot [3-2] registered
[   12.632025] acpiphp: Slot [4-2] registered
[   12.644056] PCI host bridge to bus 0000:6c
[   12.656025] pci_bus 0000:6c: root bus resource [io  0xa000-0xafff window]
[   12.680006] pci_bus 0000:6c: root bus resource [mem 0xbf400000-0xc5fffff=
f window]
[   12.704020] pci_bus 0000:6c: root bus resource [bus 6c-7f]
[   12.724372] pci 0000:6c:00.0: System wakeup disabled by ACPI
(XEN) PCI add device 0000:6c:00.0
(XEN) PCI add device 0000:6c:05.0
(XEN) PCI add device 0000:6c:05.2
(XEN) PCI add device 0000:6c:05.4
(XEN) PCI add device 0000:6c:0e.0
(XEN) PCI add device 0000:6c:0e.1
(XEN) PCI add device 0000:6c:0f.0
(XEN) PCI add device 0000:6c:0f.1
(XEN) PCI add device 0000:6c:10.0
(XEN) PCI add device 0000:6c:10.1
(XEN) PCI add device 0000:6c:12.0
(XEN) PCI add device 0000:6c:12.1
(XEN) PCI add device 0000:6c:12.2
(XEN) PCI add device 0000:6c:12.4
(XEN) PCI add device 0000:6c:12.5
(XEN) PCI add device 0000:6c:15.0
(XEN) PCI add device 0000:6c:15.1
(XEN) PCI add device 0000:6c:16.0
(XEN) PCI add device 0000:6c:16.1
(XEN) PCI add device 0000:6c:16.4
(XEN) PCI add device 0000:6c:16.5
(XEN) PCI add device 0000:6c:17.0
(XEN) PCI add device 0000:6c:17.1
[   12.968557] pci 0000:6d:00.0: VF(n) BAR0 space: [mem 0x00000000-0x001fff=
ff 64bit pref] (contains BAR0 for 32 VFs)
[   13.000038] pci 0000:6d:00.0: VF(n) BAR3 space: [mem 0x00000000-0x0007ff=
ff 64bit pref] (contains BAR3 for 32 VFs)
(XEN) PCI add device 0000:6d:00.0
[   13.044406] pci 0000:6d:00.1: VF(n) BAR0 space: [mem 0x00000000-0x001fff=
ff 64bit pref] (contains BAR0 for 32 VFs)
[   13.076038] pci 0000:6d:00.1: VF(n) BAR3 space: [mem 0x00000000-0x0007ff=
ff 64bit pref] (contains BAR3 for 32 VFs)
(XEN) PCI add device 0000:6d:00.1
[   13.120406] pci 0000:6d:00.2: VF(n) BAR0 space: [mem 0x00000000-0x001fff=
ff 64bit pref] (contains BAR0 for 32 VFs)
[   13.156046] pci 0000:6d:00.2: VF(n) BAR3 space: [mem 0x00000000-0x0007ff=
ff 64bit pref] (contains BAR3 for 32 VFs)
(XEN) PCI add device 0000:6d:00.2
[   13.196408] pci 0000:6d:00.3: VF(n) BAR0 space: [mem 0x00000000-0x001fff=
ff 64bit pref] (contains BAR0 for 32 VFs)
[   13.232039] pci 0000:6d:00.3: VF(n) BAR3 space: [mem 0x00000000-0x0007ff=
ff 64bit pref] (contains BAR3 for 32 VFs)
(XEN) PCI add device 0000:6d:00.3
[   13.276035] pci 0000:6c:00.0: PCI bridge to [bus 6d]
[   13.292347] ACPI: PCI Root Bridge [PC12] (domain 0000 [bus 80-83])
[   13.312025] acpi PNP0A08:0c: _OSC: OS supports [ExtendedConfig ASPM Cloc=
kPM Segments MSI]
[   13.336556] acpi PNP0A08:0c: _OSC: platform does not support [AER]
[   13.360026] acpi PNP0A08:0c: _OSC: OS now controls [PCIeHotplug PME PCIe=
Capability]
[   13.384005] acpi PNP0A08:0c: FADT indicates ASPM is unsupported, using B=
IOS configuration
[   13.408158] acpiphp: Slot [1-4] registered
[   13.424090] PCI host bridge to bus 0000:80
[   13.436007] pci_bus 0000:80: root bus resource [io  0xb000-0xbfff window]
[   13.460005] pci_bus 0000:80: root bus resource [mem 0xc6000000-0xccbffff=
f window]
[   13.484025] pci_bus 0000:80: root bus resource [bus 80-83]
(XEN) PCI add device 0000:80:04.0
(XEN) PCI add device 0000:80:04.1
(XEN) PCI add device 0000:80:04.2
(XEN) PCI add device 0000:80:04.3
(XEN) PCI add device 0000:80:04.4
