Return-Path: <xen-devel-bounces@lists.xenproject.org>
X-Original-To: lists+xen-devel@lfdr.de
Delivered-To: lists+xen-devel@lfdr.de
Received: from lists.xenproject.org (lists.xenproject.org [192.237.175.120])
	by mail.lfdr.de (Postfix) with ESMTPS id 399D56F7EF9
	for <lists+xen-devel@lfdr.de>; Fri,  5 May 2023 10:25:49 +0200 (CEST)
Received: from list by lists.xenproject.org with outflank-mailman.530256.825766 (Exim 4.92)
	(envelope-from <xen-devel-bounces@lists.xenproject.org>)
	id 1puqju-0004Bz-Bu; Fri, 05 May 2023 08:24:30 +0000
X-Outflank-Mailman: Message body and most headers restored to incoming version
Received: by outflank-mailman (output) from mailman id 530256.825766; Fri, 05 May 2023 08:24:30 +0000
Received: from localhost ([127.0.0.1] helo=lists.xenproject.org)
	by lists.xenproject.org with esmtp (Exim 4.92)
	(envelope-from <xen-devel-bounces@lists.xenproject.org>)
	id 1puqju-00049I-7T; Fri, 05 May 2023 08:24:30 +0000
Received: by outflank-mailman (input) for mailman id 530256;
 Fri, 05 May 2023 08:24:28 +0000
Received: from se1-gles-sth1-in.inumbo.com ([159.253.27.254]
 helo=se1-gles-sth1.inumbo.com)
 by lists.xenproject.org with esmtp (Exim 4.92) (envelope-from
 <SRS0=KcVv=A2=gmail.com=oleshiiwood@srs-se1.protection.inumbo.net>)
 id 1puqjr-000498-GW
 for xen-devel@lists.xenproject.org; Fri, 05 May 2023 08:24:28 +0000
Received: from mail-pl1-x631.google.com (mail-pl1-x631.google.com
 [2607:f8b0:4864:20::631])
 by se1-gles-sth1.inumbo.com (Halon) with ESMTPS
 id 3a2b559a-eb1e-11ed-b226-6b7b168915f2;
 Fri, 05 May 2023 10:24:18 +0200 (CEST)
Received: by mail-pl1-x631.google.com with SMTP id
 d9443c01a7336-1aaf2ede38fso14157385ad.2
 for <xen-devel@lists.xenproject.org>; Fri, 05 May 2023 01:24:18 -0700 (PDT)
X-BeenThere: xen-devel@lists.xenproject.org
List-Id: Xen developer discussion <xen-devel.lists.xenproject.org>
List-Unsubscribe: <https://lists.xenproject.org/mailman/options/xen-devel>,
 <mailto:xen-devel-request@lists.xenproject.org?subject=unsubscribe>
List-Post: <mailto:xen-devel@lists.xenproject.org>
List-Help: <mailto:xen-devel-request@lists.xenproject.org?subject=help>
List-Subscribe: <https://lists.xenproject.org/mailman/listinfo/xen-devel>,
 <mailto:xen-devel-request@lists.xenproject.org?subject=subscribe>
Errors-To: xen-devel-bounces@lists.xenproject.org
Precedence: list
Sender: "Xen-devel" <xen-devel-bounces@lists.xenproject.org>
X-Inumbo-ID: 3a2b559a-eb1e-11ed-b226-6b7b168915f2
DKIM-Signature: v=1; a=rsa-sha256; c=relaxed/relaxed;
        d=gmail.com; s=20221208; t=1683275057; x=1685867057;
        h=cc:to:subject:message-id:date:from:in-reply-to:references
         :mime-version:from:to:cc:subject:date:message-id:reply-to;
        bh=YPzxmB9FIePwlqxtbt/uuMFpqYIeF7DSqLXDc5GDEAs=;
        b=NcjzHf0UjOD3MJxJNJokdR8VZ3XJ7eyQ+AV1KTriBnIWNIY5sPW263X+JUj7qeQ8+R
         sglN+hUlW5/tlGBL7d9QmkJ79fdWQAiXEA6043Tu3zzj7MAZbYcEsUJoMgunPNdhEt0N
         Xu5hhRFEstR+/LnF1+3Zg/wj96Hp8axuHzhPOhLVWw+HNTJnI2ffx/WNpRMVvfYCMAVl
         xz3GP77AGEfpffHdSiLYt0IhPDYp/AZfioKKC2ejmnofQzMbCI50axMEUCa+31k3/kpi
         u2ZVYNPVY8SXxfGgArAkmJiyyyFjonwvTUnqgDm0ab5TU+aDziDQkC5U+2DkOwCbiFtV
         QIeg==
X-Google-DKIM-Signature: v=1; a=rsa-sha256; c=relaxed/relaxed;
        d=1e100.net; s=20221208; t=1683275057; x=1685867057;
        h=cc:to:subject:message-id:date:from:in-reply-to:references
         :mime-version:x-gm-message-state:from:to:cc:subject:date:message-id
         :reply-to;
        bh=YPzxmB9FIePwlqxtbt/uuMFpqYIeF7DSqLXDc5GDEAs=;
        b=eD6V2zTgmivTV7F6L+kQ/JVz5pYXF2cX1zYvDXolPvdW4A96Al94L641aOgR6PIwQS
         lYYUbopGboZQCZapooi2r53DEhDJ7xOdInS+N1Wjbi62IS+zIAOULqwofW7KqlgIt4yh
         sLpqR1vfpsdUT2wTqPlYs86ATmoWfKXgNtsB6mzP2P0dyGd6bVYU+HbzIdlk/ChGIiDP
         mBYhBj27gntTYWq1JWr0uvukHcKoIgYcyRmwPF0TKKGS9uhH2JiUWYipJZUuAChUEHIp
         6gN0Xnvfeu33qodUgmZz50Pi+Xw4MRkRU/fkAIG6QwULB8WTjeKrs/zIUs3YHI7QFaL+
         AuaQ==
X-Gm-Message-State: AC+VfDwdECS6c1ZYn/RZTJgf/HcnccdvtIKrAjM6EG8YslZuswhq2sug
	K8rAVC0EDO6Xf4GA0db3W9PdI1KPWEiW1eHxM20=
X-Google-Smtp-Source: ACHHUZ5Jx4GL90foDMd3kgoy5wNT4T/8jw/xCRc7UpExGsRCZf3jQOoKQGOx0Dsydc8eeU9ffYjgAtzsptEa//4q044=
X-Received: by 2002:a17:903:234c:b0:1ab:289f:65cf with SMTP id
 c12-20020a170903234c00b001ab289f65cfmr740923plh.54.1683275056513; Fri, 05 May
 2023 01:24:16 -0700 (PDT)
MIME-Version: 1.0
References: <CA+SAi2uwrKFYN1tkYJ1_LVC-f+b-xb46RWTUv6wDOUO41yx8zg@mail.gmail.com>
 <CA+SAi2tc_3r3SAXVOmdbDJXvppaXkSdMH0iv-fG1zUwG3Ub_hQ@mail.gmail.com>
 <alpine.DEB.2.22.394.2304191304570.15580@ubuntu-linux-20-04-desktop>
 <CA+SAi2tEbV0Y=p=NhT_8H1SeBzqXxUTS5R9pZu3_UYn5zU952A@mail.gmail.com>
 <CA+SAi2s7jUf4ZB6WCDqEbG5jV1A5XV=bJDiGOseQBBG+Xt9_vQ@mail.gmail.com>
 <CA+SAi2uPnpwNowMWPdcbSkF=iNe9Xr5LQMtmtF-G7dKNswog_g@mail.gmail.com>
 <cc6380b9-b452-6492-75ab-fc0825b223d3@amd.com> <CA+SAi2upd1P=KzbQS2BpD5zr3+OA=mrq7JiC7Zou9XSEJ_OYhA@mail.gmail.com>
 <43f5fdaa-47c7-6ec9-c477-dac62a5bceae@amd.com> <CA+SAi2uBmnUA0Z=+Ji_jaoOGjS8H8ea1_aRuRm=_B89oidxHCA@mail.gmail.com>
 <alpine.DEB.2.22.394.2304241337280.3419@ubuntu-linux-20-04-desktop>
 <CA+SAi2tPrvUYhkF2cmch5zowRqmpvJ6Cq0scxGHEaczhiDaJnw@mail.gmail.com>
 <alpine.DEB.2.22.394.2304251120530.3419@ubuntu-linux-20-04-desktop>
 <CA+SAi2vWP76fxNS3wCWumNFSBd9knVmdSdStsfRpfOr1iQQw+A@mail.gmail.com> <alpine.DEB.2.22.394.2304271451420.3419@ubuntu-linux-20-04-desktop>
In-Reply-To: <alpine.DEB.2.22.394.2304271451420.3419@ubuntu-linux-20-04-desktop>
From: Oleg Nikitenko <oleshiiwood@gmail.com>
Date: Fri, 5 May 2023 11:28:53 +0300
Message-ID: <CA+SAi2u4rqdJwO5s_wU2brHgqtV=GrOpBkk+7ZXr9D4rpKME9w@mail.gmail.com>
Subject: Re: xen cache colors in ARM
To: Stefano Stabellini <sstabellini@kernel.org>
Cc: Michal Orzel <michal.orzel@amd.com>, Julien Grall <julien@xen.org>, 
	"xen-devel@lists.xenproject.org" <xen-devel@lists.xenproject.org>, 
	Bertrand Marquis <bertrand.marquis@arm.com>, Carlo Nonato <carlo.nonato@minervasys.tech>, 
	Stewart.Hildebrand@amd.com
Content-Type: multipart/alternative; boundary="000000000000cd85bd05faee032e"

--000000000000cd85bd05faee032e
Content-Type: text/plain; charset="UTF-8"
Content-Transfer-Encoding: quoted-printable

Hello Stefano,

I would like to try a xen cache color property from this repo
https://xenbits.xen.org/git-http/xen.git
Could you tell whot branch I should use ?

Regards,
Oleg

=D0=BF=D1=82, 28 =D0=B0=D0=BF=D1=80. 2023=E2=80=AF=D0=B3. =D0=B2 00:51, Ste=
fano Stabellini <sstabellini@kernel.org>:

> I am familiar with the zcu102 but I don't know how you could possibly
> generate a SError.
>
> I suggest to try to use ImageBuilder [1] to generate the boot
> configuration as a test because that is known to work well for zcu102.
>
> [1] https://gitlab.com/xen-project/imagebuilder
>
>
> On Thu, 27 Apr 2023, Oleg Nikitenko wrote:
> > Hello Stefano,
> >
> > Thanks for clarification.
> > We nighter use ImageBuilder nor uboot boot script.
> > A model is zcu102 compatible.
> >
> > Regards,
> > O.
> >
> > =D0=B2=D1=82, 25 =D0=B0=D0=BF=D1=80. 2023=E2=80=AF=D0=B3. =D0=B2 21:21,=
 Stefano Stabellini <sstabellini@kernel.org
> >:
> >       This is interesting. Are you using Xilinx hardware by any chance?
> If so,
> >       which board?
> >
> >       Are you using ImageBuilder to generate your boot.scr boot script?
> If so,
> >       could you please post your ImageBuilder config file? If not, can
> you
> >       post the source of your uboot boot script?
> >
> >       SErrors are supposed to be related to a hardware failure of some
> kind.
> >       You are not supposed to be able to trigger an SError easily by
> >       "mistake". I have not seen SErrors due to wrong cache coloring
> >       configurations on any Xilinx board before.
> >
> >       The differences between Xen with and without cache coloring from =
a
> >       hardware perspective are:
> >
> >       - With cache coloring, the SMMU is enabled and does address
> translations
> >         even for dom0. Without cache coloring the SMMU could be
> disabled, and
> >         if enabled, the SMMU doesn't do any address translations for
> Dom0. If
> >         there is a hardware failure related to SMMU address translation
> it
> >         could only trigger with cache coloring. This would be my normal
> >         suggestion for you to explore, but the failure happens too earl=
y
> >         before any DMA-capable device is programmed. So I don't think
> this can
> >         be the issue.
> >
> >       - With cache coloring, the memory allocation is very different so
> you'll
> >         end up using different DDR regions for Dom0. So if your DDR is
> >         defective, you might only see a failure with cache coloring
> enabled
> >         because you end up using different regions.
> >
> >
> >       On Tue, 25 Apr 2023, Oleg Nikitenko wrote:
> >       > Hi Stefano,
> >       >
> >       > Thank you.
> >       > If I build xen without colors support there is not this error.
> >       > All the domains are booted well.
> >       > Hense it can not be a hardware issue.
> >       > This panic arrived during unpacking the rootfs.
> >       > Here I attached the boot log xen/Dom0 without color.
> >       > A highlighted strings printed exactly after the place where 1-s=
t
> time panic arrived.
> >       >
> >       >  Xen 4.16.1-pre
> >       > (XEN) Xen version 4.16.1-pre (nole2390@(none))
> (aarch64-portable-linux-gcc (GCC) 11.3.0) debug=3Dy 2023-04-21
> >       > (XEN) Latest ChangeSet: Wed Apr 19 12:56:14 2023 +0300
> git:321687b231-dirty
> >       > (XEN) build-id: c1847258fdb1b79562fc710dda40008f96c0fde5
> >       > (XEN) Processor: 00000000410fd034: "ARM Limited", variant: 0x0,
> part 0xd03,rev 0x4
> >       > (XEN) 64-bit Execution:
> >       > (XEN)   Processor Features: 0000000000002222 0000000000000000
> >       > (XEN)     Exception Levels: EL3:64+32 EL2:64+32 EL1:64+32
> EL0:64+32
> >       > (XEN)     Extensions: FloatingPoint AdvancedSIMD
> >       > (XEN)   Debug Features: 0000000010305106 0000000000000000
> >       > (XEN)   Auxiliary Features: 0000000000000000 0000000000000000
> >       > (XEN)   Memory Model Features: 0000000000001122 000000000000000=
0
> >       > (XEN)   ISA Features:  0000000000011120 0000000000000000
> >       > (XEN) 32-bit Execution:
> >       > (XEN)   Processor Features: 0000000000000131:0000000000011011
> >       > (XEN)     Instruction Sets: AArch32 A32 Thumb Thumb-2 Jazelle
> >       > (XEN)     Extensions: GenericTimer Security
> >       > (XEN)   Debug Features: 0000000003010066
> >       > (XEN)   Auxiliary Features: 0000000000000000
> >       > (XEN)   Memory Model Features: 0000000010201105 000000004000000=
0
> >       > (XEN)                          0000000001260000 000000000210221=
1
> >       > (XEN)   ISA Features: 0000000002101110 0000000013112111
> 0000000021232042
> >       > (XEN)                 0000000001112131 0000000000011142
> 0000000000011121
> >       > (XEN) Using SMC Calling Convention v1.2
> >       > (XEN) Using PSCI v1.1
> >       > (XEN) SMP: Allowing 4 CPUs
> >       > (XEN) Generic Timer IRQ: phys=3D30 hyp=3D26 virt=3D27 Freq: 100=
000 KHz
> >       > (XEN) GICv2 initialization:
> >       > (XEN)         gic_dist_addr=3D00000000f9010000
> >       > (XEN)         gic_cpu_addr=3D00000000f9020000
> >       > (XEN)         gic_hyp_addr=3D00000000f9040000
> >       > (XEN)         gic_vcpu_addr=3D00000000f9060000
> >       > (XEN)         gic_maintenance_irq=3D25
> >       > (XEN) GICv2: Adjusting CPU interface base to 0xf902f000
> >       > (XEN) GICv2: 192 lines, 4 cpus, secure (IID 0200143b).
> >       > (XEN) Using scheduler: null Scheduler (null)
> >       > (XEN) Initializing null scheduler
> >       > (XEN) WARNING: This is experimental software in development.
> >       > (XEN) Use at your own risk.
> >       > (XEN) Allocated console ring of 32 KiB.
> >       > (XEN) CPU0: Guest atomics will try 12 times before pausing the
> domain
> >       > (XEN) Bringing up CPU1
> >       > (XEN) CPU1: Guest atomics will try 13 times before pausing the
> domain
> >       > (XEN) CPU 1 booted.
> >       > (XEN) Bringing up CPU2
> >       > (XEN) CPU2: Guest atomics will try 13 times before pausing the
> domain
> >       > (XEN) CPU 2 booted.
> >       > (XEN) Bringing up CPU3
> >       > (XEN) CPU3: Guest atomics will try 13 times before pausing the
> domain
> >       > (XEN) Brought up 4 CPUs
> >       > (XEN) CPU 3 booted.
> >       > (XEN) smmu: /axi/smmu@fd800000: probing hardware
> configuration...
> >       > (XEN) smmu: /axi/smmu@fd800000: SMMUv2 with:
> >       > (XEN) smmu: /axi/smmu@fd800000: stage 2 translation
> >       > (XEN) smmu: /axi/smmu@fd800000: stream matching with 48
> register groups, mask 0x7fff<2>smmu: /axi/smmu@fd800000: 16 context
> >       banks (0
> >       > stage-2 only)
> >       > (XEN) smmu: /axi/smmu@fd800000: Stage-2: 48-bit IPA -> 48-bit P=
A
> >       > (XEN) smmu: /axi/smmu@fd800000: registered 29 master devices
> >       > (XEN) I/O virtualisation enabled
> >       > (XEN)  - Dom0 mode: Relaxed
> >       > (XEN) P2M: 40-bit IPA with 40-bit PA and 8-bit VMID
> >       > (XEN) P2M: 3 levels with order-1 root, VTCR 0x0000000080023558
> >       > (XEN) Scheduling granularity: cpu, 1 CPU per sched-resource
> >       > (XEN) alternatives: Patching with alt table 00000000002cc5c8 ->
> 00000000002ccb2c
> >       > (XEN) *** LOADING DOMAIN 0 ***
> >       > (XEN) Loading d0 kernel from boot module @ 0000000001000000
> >       > (XEN) Loading ramdisk from boot module @ 0000000002000000
> >       > (XEN) Allocating 1:1 mappings totalling 1600MB for dom0:
> >       > (XEN) BANK[0] 0x00000010000000-0x00000020000000 (256MB)
> >       > (XEN) BANK[1] 0x00000024000000-0x00000028000000 (64MB)
> >       > (XEN) BANK[2] 0x00000030000000-0x00000080000000 (1280MB)
> >       > (XEN) Grant table range: 0x00000000e00000-0x00000000e40000
> >       > (XEN) smmu: /axi/smmu@fd800000: d0: p2maddr 0x000000087bf94000
> >       > (XEN) Allocating PPI 16 for event channel interrupt
> >       > (XEN) Extended region 0: 0x81200000->0xa0000000
> >       > (XEN) Extended region 1: 0xb1200000->0xc0000000
> >       > (XEN) Extended region 2: 0xc8000000->0xe0000000
> >       > (XEN) Extended region 3: 0xf0000000->0xf9000000
> >       > (XEN) Extended region 4: 0x100000000->0x600000000
> >       > (XEN) Extended region 5: 0x880000000->0x8000000000
> >       > (XEN) Extended region 6: 0x8001000000->0x10000000000
> >       > (XEN) Loading zImage from 0000000001000000 to
> 0000000010000000-0000000010e41008
> >       > (XEN) Loading d0 initrd from 0000000002000000 to
> 0x0000000013600000-0x000000001ff3a617
> >       > (XEN) Loading d0 DTB to 0x0000000013400000-0x000000001340cbdc
> >       > (XEN) Initial low memory virq threshold set at 0x4000 pages.
> >       > (XEN) Std. Loglevel: All
> >       > (XEN) Guest Loglevel: All
> >       > (XEN) *** Serial input to DOM0 (type 'CTRL-a' three times to
> switch input)
> >       > (XEN) null.c:353: 0 <-- d0v0
> >       > (XEN) Freed 356kB init memory.
> >       > (XEN) d0v0 Unhandled SMC/HVC: 0x84000050
> >       > (XEN) d0v0 Unhandled SMC/HVC: 0x8600ff01
> >       > (XEN) d0v0: vGICD: unhandled word write 0x000000ffffffff to
> ICACTIVER4
> >       > (XEN) d0v0: vGICD: unhandled word write 0x000000ffffffff to
> ICACTIVER8
> >       > (XEN) d0v0: vGICD: unhandled word write 0x000000ffffffff to
> ICACTIVER12
> >       > (XEN) d0v0: vGICD: unhandled word write 0x000000ffffffff to
> ICACTIVER16
> >       > (XEN) d0v0: vGICD: unhandled word write 0x000000ffffffff to
> ICACTIVER20
> >       > (XEN) d0v0: vGICD: unhandled word write 0x000000ffffffff to
> ICACTIVER0
> >       > [    0.000000] Booting Linux on physical CPU 0x0000000000
> [0x410fd034]
> >       > [    0.000000] Linux version 5.15.72-xilinx-v2022.1
> (oe-user@oe-host) (aarch64-portable-linux-gcc (GCC) 11.3.0, GNU ld (GNU
> >       Binutils)
> >       > 2.38.20220708) #1 SMP Tue Feb 21 05:47:54 UTC 2023
> >       > [    0.000000] Machine model: D14 Viper Board - White Unit
> >       > [    0.000000] Xen 4.16 support found
> >       > [    0.000000] Zone ranges:
> >       > [    0.000000]   DMA      [mem
> 0x0000000010000000-0x000000007fffffff]
> >       > [    0.000000]   DMA32    empty
> >       > [    0.000000]   Normal   empty
> >       > [    0.000000] Movable zone start for each node
> >       > [    0.000000] Early memory node ranges
> >       > [    0.000000]   node   0: [mem
> 0x0000000010000000-0x000000001fffffff]
> >       > [    0.000000]   node   0: [mem
> 0x0000000022000000-0x0000000022147fff]
> >       > [    0.000000]   node   0: [mem
> 0x0000000022200000-0x0000000022347fff]
> >       > [    0.000000]   node   0: [mem
> 0x0000000024000000-0x0000000027ffffff]
> >       > [    0.000000]   node   0: [mem
> 0x0000000030000000-0x000000007fffffff]
> >       > [    0.000000] Initmem setup node 0 [mem
> 0x0000000010000000-0x000000007fffffff]
> >       > [    0.000000] On node 0, zone DMA: 8192 pages in unavailable
> ranges
> >       > [    0.000000] On node 0, zone DMA: 184 pages in unavailable
> ranges
> >       > [    0.000000] On node 0, zone DMA: 7352 pages in unavailable
> ranges
> >       > [    0.000000] cma: Reserved 256 MiB at 0x000000006e000000
> >       > [    0.000000] psci: probing for conduit method from DT.
> >       > [    0.000000] psci: PSCIv1.1 detected in firmware.
> >       > [    0.000000] psci: Using standard PSCI v0.2 function IDs
> >       > [    0.000000] psci: Trusted OS migration not required
> >       > [    0.000000] psci: SMC Calling Convention v1.1
> >       > [    0.000000] percpu: Embedded 16 pages/cpu s32792 r0 d32744
> u65536
> >       > [    0.000000] Detected VIPT I-cache on CPU0
> >       > [    0.000000] CPU features: kernel page table isolation forced
> ON by KASLR
> >       > [    0.000000] CPU features: detected: Kernel page table
> isolation (KPTI)
> >       > [    0.000000] Built 1 zonelists, mobility grouping on.  Total
> pages: 403845
> >       > [    0.000000] Kernel command line: console=3Dhvc0 earlycon=3Dx=
en
> earlyprintk=3Dxen clk_ignore_unused fips=3D1 root=3D/dev/ram0
> >       maxcpus=3D2
> >       > [    0.000000] Unknown kernel command line parameters
> "earlyprintk=3Dxen fips=3D1", will be passed to user space.
> >       > [    0.000000] Dentry cache hash table entries: 262144 (order:
> 9, 2097152 bytes, linear)
> >       > [    0.000000] Inode-cache hash table entries: 131072 (order: 8=
,
> 1048576 bytes, linear)
> >       > [    0.000000] mem auto-init: stack:off, heap alloc:on, heap
> free:on
> >       > [    0.000000] mem auto-init: clearing system memory may take
> some time...
> >       > [    0.000000] Memory: 1121936K/1641024K available (9728K kerne=
l
> code, 836K rwdata, 2396K rodata, 1536K init, 262K bss,
> >       256944K reserved,
> >       > 262144K cma-reserved)
> >       > [    0.000000] SLUB: HWalign=3D64, Order=3D0-3, MinObjects=3D0,
> CPUs=3D2, Nodes=3D1
> >       > [    0.000000] rcu: Hierarchical RCU implementation.
> >       > [    0.000000] rcu: RCU event tracing is enabled.
> >       > [    0.000000] rcu: RCU restricting CPUs from NR_CPUS=3D8 to
> nr_cpu_ids=3D2.
> >       > [    0.000000] rcu: RCU calculated value of scheduler-enlistmen=
t
> delay is 25 jiffies.
> >       > [    0.000000] rcu: Adjusting geometry for rcu_fanout_leaf=3D16=
,
> nr_cpu_ids=3D2
> >       > [    0.000000] NR_IRQS: 64, nr_irqs: 64, preallocated irqs: 0
> >       > [    0.000000] Root IRQ handler: gic_handle_irq
> >       > [    0.000000] arch_timer: cp15 timer(s) running at 100.00MHz
> (virt).
> >       > [    0.000000] clocksource: arch_sys_counter: mask:
> 0xffffffffffffff max_cycles: 0x171024e7e0, max_idle_ns: 440795205315 ns
> >       > [    0.000000] sched_clock: 56 bits at 100MHz, resolution 10ns,
> wraps every 4398046511100ns
> >       > [    0.000258] Console: colour dummy device 80x25
> >       > [    0.310231] printk: console [hvc0] enabled
> >       > [    0.314403] Calibrating delay loop (skipped), value
> calculated using timer frequency.. 200.00 BogoMIPS (lpj=3D400000)
> >       > [    0.324851] pid_max: default: 32768 minimum: 301
> >       > [    0.329706] LSM: Security Framework initializing
> >       > [    0.334204] Yama: becoming mindful.
> >       > [    0.337865] Mount-cache hash table entries: 4096 (order: 3,
> 32768 bytes, linear)
> >       > [    0.345180] Mountpoint-cache hash table entries: 4096 (order=
:
> 3, 32768 bytes, linear)
> >       > [    0.354743] xen:grant_table: Grant tables using version 1
> layout
> >       > [    0.359132] Grant table initialized
> >       > [    0.362664] xen:events: Using FIFO-based ABI
> >       > [    0.366993] Xen: initializing cpu0
> >       > [    0.370515] rcu: Hierarchical SRCU implementation.
> >       > [    0.375930] smp: Bringing up secondary CPUs ...
> >       > (XEN) null.c:353: 1 <-- d0v1
> >       > (XEN) d0v1: vGICD: unhandled word write 0x000000ffffffff to
> ICACTIVER0
> >       > [    0.382549] Detected VIPT I-cache on CPU1
> >       > [    0.388712] Xen: initializing cpu1
> >       > [    0.388743] CPU1: Booted secondary processor 0x0000000001
> [0x410fd034]
> >       > [    0.388829] smp: Brought up 1 node, 2 CPUs
> >       > [    0.406941] SMP: Total of 2 processors activated.
> >       > [    0.411698] CPU features: detected: 32-bit EL0 Support
> >       > [    0.416888] CPU features: detected: CRC32 instructions
> >       > [    0.422121] CPU: All CPU(s) started at EL1
> >       > [    0.426248] alternatives: patching kernel code
> >       > [    0.431424] devtmpfs: initialized
> >       > [    0.441454] KASLR enabled
> >       > [    0.441602] clocksource: jiffies: mask: 0xffffffff
> max_cycles: 0xffffffff, max_idle_ns: 7645041785100000 ns
> >       > [    0.448321] futex hash table entries: 512 (order: 3, 32768
> bytes, linear)
> >       > [    0.496183] NET: Registered PF_NETLINK/PF_ROUTE protocol
> family
> >       > [    0.498277] DMA: preallocated 256 KiB GFP_KERNEL pool for
> atomic allocations
> >       > [    0.503772] DMA: preallocated 256 KiB GFP_KERNEL|GFP_DMA poo=
l
> for atomic allocations
> >       > [    0.511610] DMA: preallocated 256 KiB GFP_KERNEL|GFP_DMA32
> pool for atomic allocations
> >       > [    0.519478] audit: initializing netlink subsys (disabled)
> >       > [    0.524985] audit: type=3D2000 audit(0.336:1):
> state=3Dinitialized audit_enabled=3D0 res=3D1
> >       > [    0.529169] thermal_sys: Registered thermal governor
> 'step_wise'
> >       > [    0.533023] hw-breakpoint: found 6 breakpoint and 4
> watchpoint registers.
> >       > [    0.545608] ASID allocator initialised with 32768 entries
> >       > [    0.551030] xen:swiotlb_xen: Warning: only able to allocate =
4
> MB for software IO TLB
> >       > [    0.559332] software IO TLB: mapped [mem
> 0x0000000011800000-0x0000000011c00000] (4MB)
> >       > [    0.583565] HugeTLB registered 1.00 GiB page size,
> pre-allocated 0 pages
> >       > [    0.584721] HugeTLB registered 32.0 MiB page size,
> pre-allocated 0 pages
> >       > [    0.591478] HugeTLB registered 2.00 MiB page size,
> pre-allocated 0 pages
> >       > [    0.598225] HugeTLB registered 64.0 KiB page size,
> pre-allocated 0 pages
> >       > [    0.636520] DRBG: Continuing without Jitter RNG
> >       > [    0.737187] raid6: neonx8   gen()  2143 MB/s
> >       > [    0.805294] raid6: neonx8   xor()  1589 MB/s
> >       > [    0.873406] raid6: neonx4   gen()  2177 MB/s
> >       > [    0.941499] raid6: neonx4   xor()  1556 MB/s
> >       > [    1.009612] raid6: neonx2   gen()  2072 MB/s
> >       > [    1.077715] raid6: neonx2   xor()  1430 MB/s
> >       > [    1.145834] raid6: neonx1   gen()  1769 MB/s
> >       > [    1.213935] raid6: neonx1   xor()  1214 MB/s
> >       > [    1.282046] raid6: int64x8  gen()  1366 MB/s
> >       > [    1.350132] raid6: int64x8  xor()   773 MB/s
> >       > [    1.418259] raid6: int64x4  gen()  1602 MB/s
> >       > [    1.486349] raid6: int64x4  xor()   851 MB/s
> >       > [    1.554464] raid6: int64x2  gen()  1396 MB/s
> >       > [    1.622561] raid6: int64x2  xor()   744 MB/s
> >       > [    1.690687] raid6: int64x1  gen()  1033 MB/s
> >       > [    1.758770] raid6: int64x1  xor()   517 MB/s
> >       > [    1.758809] raid6: using algorithm neonx4 gen() 2177 MB/s
> >       > [    1.762941] raid6: .... xor() 1556 MB/s, rmw enabled
> >       > [    1.767957] raid6: using neon recovery algorithm
> >       > [    1.772824] xen:balloon: Initialising balloon driver
> >       > [    1.778021] iommu: Default domain type: Translated
> >       > [    1.782584] iommu: DMA domain TLB invalidation policy: stric=
t
> mode
> >       > [    1.789149] SCSI subsystem initialized
> >       > [    1.792820] usbcore: registered new interface driver usbfs
> >       > [    1.798254] usbcore: registered new interface driver hub
> >       > [    1.803626] usbcore: registered new device driver usb
> >       > [    1.808761] pps_core: LinuxPPS API ver. 1 registered
> >       > [    1.813716] pps_core: Software ver. 5.3.6 - Copyright
> 2005-2007 Rodolfo Giometti <giometti@linux.it>
> >       > [    1.822903] PTP clock support registered
> >       > [    1.826893] EDAC MC: Ver: 3.0.0
> >       > [    1.830375] zynqmp-ipi-mbox mailbox@ff990400: Registered
> ZynqMP IPI mbox with TX/RX channels.
> >       > [    1.838863] zynqmp-ipi-mbox mailbox@ff990600: Registered
> ZynqMP IPI mbox with TX/RX channels.
> >       > [    1.847356] zynqmp-ipi-mbox mailbox@ff990800: Registered
> ZynqMP IPI mbox with TX/RX channels.
> >       > [    1.855907] FPGA manager framework
> >       > [    1.859952] clocksource: Switched to clocksource
> arch_sys_counter
> >       > [    1.871712] NET: Registered PF_INET protocol family
> >       > [    1.871838] IP idents hash table entries: 32768 (order: 6,
> 262144 bytes, linear)
> >       > [    1.879392] tcp_listen_portaddr_hash hash table entries: 102=
4
> (order: 2, 16384 bytes, linear)
> >       > [    1.887078] Table-perturb hash table entries: 65536 (order:
> 6, 262144 bytes, linear)
> >       > [    1.894846] TCP established hash table entries: 16384 (order=
:
> 5, 131072 bytes, linear)
> >       > [    1.902900] TCP bind hash table entries: 16384 (order: 6,
> 262144 bytes, linear)
> >       > [    1.910350] TCP: Hash tables configured (established 16384
> bind 16384)
> >       > [    1.916778] UDP hash table entries: 1024 (order: 3, 32768
> bytes, linear)
> >       > [    1.923509] UDP-Lite hash table entries: 1024 (order: 3,
> 32768 bytes, linear)
> >       > [    1.930759] NET: Registered PF_UNIX/PF_LOCAL protocol family
> >       > [    1.936834] RPC: Registered named UNIX socket transport
> module.
> >       > [    1.942342] RPC: Registered udp transport module.
> >       > [    1.947088] RPC: Registered tcp transport module.
> >       > [    1.951843] RPC: Registered tcp NFSv4.1 backchannel transpor=
t
> module.
> >       > [    1.958334] PCI: CLS 0 bytes, default 64
> >       > [    1.962709] Trying to unpack rootfs image as initramfs...
> >       > [    1.977090] workingset: timestamp_bits=3D62 max_order=3D19
> bucket_order=3D0
> >       > [    1.982863] Installing knfsd (copyright (C) 1996
> okir@monad.swb.de).
> >       > [    2.021045] NET: Registered PF_ALG protocol family
> >       > [    2.021122] xor: measuring software checksum speed
> >       > [    2.029347]    8regs           :  2366 MB/sec
> >       > [    2.033081]    32regs          :  2802 MB/sec
> >       > [    2.038223]    arm64_neon      :  2320 MB/sec
> >       > [    2.038385] xor: using function: 32regs (2802 MB/sec)
> >       > [    2.043614] Block layer SCSI generic (bsg) driver version 0.=
4
> loaded (major 247)
> >       > [    2.050959] io scheduler mq-deadline registered
> >       > [    2.055521] io scheduler kyber registered
> >       > [    2.068227] xen:xen_evtchn: Event-channel device installed
> >       > [    2.069281] Serial: 8250/16550 driver, 4 ports, IRQ sharing
> disabled
> >       > [    2.076190] cacheinfo: Unable to detect cache hierarchy for
> CPU 0
> >       > [    2.085548] brd: module loaded
> >       > [    2.089290] loop: module loaded
> >       > [    2.089341] Invalid max_queues (4), will use default max: 2.
> >       > [    2.094565] tun: Universal TUN/TAP device driver, 1.6
> >       > [    2.098655] xen_netfront: Initialising Xen virtual ethernet
> driver
> >       > [    2.104156] usbcore: registered new interface driver rtl8150
> >       > [    2.109813] usbcore: registered new interface driver r8152
> >       > [    2.115367] usbcore: registered new interface driver asix
> >       > [    2.120794] usbcore: registered new interface driver
> ax88179_178a
> >       > [    2.126934] usbcore: registered new interface driver cdc_eth=
er
> >       > [    2.132816] usbcore: registered new interface driver cdc_eem
> >       > [    2.138527] usbcore: registered new interface driver net1080
> >       > [    2.144256] usbcore: registered new interface driver
> cdc_subset
> >       > [    2.150205] usbcore: registered new interface driver zaurus
> >       > [    2.155837] usbcore: registered new interface driver cdc_ncm
> >       > [    2.161550] usbcore: registered new interface driver r8153_e=
cm
> >       > [    2.168240] usbcore: registered new interface driver cdc_acm
> >       > [    2.173109] cdc_acm: USB Abstract Control Model driver for
> USB modems and ISDN adapters
> >       > [    2.181358] usbcore: registered new interface driver uas
> >       > [    2.186547] usbcore: registered new interface driver
> usb-storage
> >       > [    2.192643] usbcore: registered new interface driver ftdi_si=
o
> >       > [    2.198384] usbserial: USB Serial support registered for FTD=
I
> USB Serial Device
> >       > [    2.206118] udc-core: couldn't find an available UDC - added
> [g_mass_storage] to list of pending drivers
> >       > [    2.215332] i2c_dev: i2c /dev entries driver
> >       > [    2.220467] xen_wdt xen_wdt: initialized (timeout=3D60s,
> nowayout=3D0)
> >       > [    2.225923] device-mapper: uevent: version 1.0.3
> >       > [    2.230668] device-mapper: ioctl: 4.45.0-ioctl (2021-03-22)
> initialised: dm-devel@redhat.com
> >       > [    2.239315] EDAC MC0: Giving out device to module 1
> controller synps_ddr_controller: DEV synps_edac (INTERRUPT)
> >       > [    2.249405] EDAC DEVICE0: Giving out device to module
> zynqmp-ocm-edac controller zynqmp_ocm: DEV
> >       ff960000.memory-controller (INTERRUPT)
> >       > [    2.261719] sdhci: Secure Digital Host Controller Interface
> driver
> >       > [    2.267487] sdhci: Copyright(c) Pierre Ossman
> >       > [    2.271890] sdhci-pltfm: SDHCI platform and OF driver helper
> >       > [    2.278157] ledtrig-cpu: registered to indicate activity on
> CPUs
> >       > [    2.283816] zynqmp_firmware_probe Platform Management API v1=
.1
> >       > [    2.289554] zynqmp_firmware_probe Trustzone version v1.0
> >       > [    2.327875] securefw securefw: securefw probed
> >       > [    2.328324] alg: No test for xilinx-zynqmp-aes (zynqmp-aes)
> >       > [    2.332563] zynqmp_aes firmware:zynqmp-firmware:zynqmp-aes:
> AES Successfully Registered
> >       > [    2.341183] alg: No test for xilinx-zynqmp-rsa (zynqmp-rsa)
> >       > [    2.347667] remoteproc remoteproc0: ff9a0000.rf5ss:r5f_0 is
> available
> >       > [    2.353003] remoteproc remoteproc1: ff9a0000.rf5ss:r5f_1 is
> available
> >       > [    2.362605] fpga_manager fpga0: Xilinx ZynqMP FPGA Manager
> registered
> >       > [    2.366540] viper-xen-proxy viper-xen-proxy: Viper Xen Proxy
> registered
> >       > [    2.372525] viper-vdpp a4000000.vdpp: Device Tree Probing
> >       > [    2.377778] viper-vdpp a4000000.vdpp: VDPP Version: 1.3.9.0
> Info: 1.512.15.0 KeyLen: 32
> >       > [    2.386432] viper-vdpp a4000000.vdpp: Unable to register
> tamper handler. Retrying...
> >       > [    2.394094] viper-vdpp-net a5000000.vdpp_net: Device Tree
> Probing
> >       > [    2.399854] viper-vdpp-net a5000000.vdpp_net: Device
> registered
> >       > [    2.405931] viper-vdpp-stat a8000000.vdpp_stat: Device Tree
> Probing
> >       > [    2.412037] viper-vdpp-stat a8000000.vdpp_stat: Build
> parameters: VTI Count: 512 Event Count: 32
> >       > [    2.420856] default preset
> >       > [    2.423797] viper-vdpp-stat a8000000.vdpp_stat: Device
> registered
> >       > [    2.430054] viper-vdpp-rng ac000000.vdpp_rng: Device Tree
> Probing
> >       > [    2.435948] viper-vdpp-rng ac000000.vdpp_rng: Device
> registered
> >       > [    2.441976] vmcu driver init
> >       > [    2.444922] VMCU: : (240:0) registered
> >       > [    2.444956] In K81 Updater init
> >       > [    2.449003] pktgen: Packet Generator for packet performance
> testing. Version: 2.75
> >       > [    2.468833] Initializing XFRM netlink socket
> >       > [    2.468902] NET: Registered PF_PACKET protocol family
> >       > [    2.472729] Bridge firewalling registered
> >       > [    2.476785] 8021q: 802.1Q VLAN Support v1.8
> >       > [    2.481341] registered taskstats version 1
> >       > [    2.486394] Btrfs loaded, crc32c=3Dcrc32c-generic, zoned=3Dn=
o,
> fsverity=3Dno
> >       > [    2.503145] ff010000.serial: ttyPS1 at MMIO 0xff010000 (irq =
=3D
> 36, base_baud =3D 6250000) is a xuartps
> >       > [    2.507103] of-fpga-region fpga-full: FPGA Region probed
> >       > [    2.512986] xilinx-zynqmp-dma fd500000.dma-controller: ZynqM=
P
> DMA driver Probe success
> >       > [    2.520267] xilinx-zynqmp-dma fd510000.dma-controller: ZynqM=
P
> DMA driver Probe success
> >       > [    2.528239] xilinx-zynqmp-dma fd520000.dma-controller: ZynqM=
P
> DMA driver Probe success
> >       > [    2.536152] xilinx-zynqmp-dma fd530000.dma-controller: ZynqM=
P
> DMA driver Probe success
> >       > [    2.544153] xilinx-zynqmp-dma fd540000.dma-controller: ZynqM=
P
> DMA driver Probe success
> >       > [    2.552127] xilinx-zynqmp-dma fd550000.dma-controller: ZynqM=
P
> DMA driver Probe success
> >       > [    2.560178] xilinx-zynqmp-dma ffa80000.dma-controller: ZynqM=
P
> DMA driver Probe success
> >       > [    2.567987] xilinx-zynqmp-dma ffa90000.dma-controller: ZynqM=
P
> DMA driver Probe success
> >       > [    2.576018] xilinx-zynqmp-dma ffaa0000.dma-controller: ZynqM=
P
> DMA driver Probe success
> >       > [    2.583889] xilinx-zynqmp-dma ffab0000.dma-controller: ZynqM=
P
> DMA driver Probe success
> >       > [    2.946379] spi-nor spi0.0: mt25qu512a (131072 Kbytes)
> >       > [    2.946467] 2 fixed-partitions partitions found on MTD devic=
e
> spi0.0
> >       > [    2.952393] Creating 2 MTD partitions on "spi0.0":
> >       > [    2.957231] 0x000004000000-0x000008000000 : "bank A"
> >       > [    2.963332] 0x000000000000-0x000004000000 : "bank B"
> >       > [    2.968694] macb ff0b0000.ethernet: Not enabling partial
> store and forward
> >       > [    2.975333] macb ff0b0000.ethernet eth0: Cadence GEM rev
> 0x50070106 at 0xff0b0000 irq 25 (18:41:fe:0f:ff:02)
> >       > [    2.984472] macb ff0c0000.ethernet: Not enabling partial
> store and forward
> >       > [    2.992144] macb ff0c0000.ethernet eth1: Cadence GEM rev
> 0x50070106 at 0xff0c0000 irq 26 (18:41:fe:0f:ff:03)
> >       > [    3.001043] viper_enet viper_enet: Viper power GPIOs
> initialised
> >       > [    3.007313] viper_enet viper_enet vnet0 (uninitialized):
> Validate interface QSGMII
> >       > [    3.014914] viper_enet viper_enet vnet1 (uninitialized):
> Validate interface QSGMII
> >       > [    3.022138] viper_enet viper_enet vnet1 (uninitialized):
> Validate interface type 18
> >       > [    3.030274] viper_enet viper_enet vnet2 (uninitialized):
> Validate interface QSGMII
> >       > [    3.037785] viper_enet viper_enet vnet3 (uninitialized):
> Validate interface QSGMII
> >       > [    3.045301] viper_enet viper_enet: Viper enet registered
> >       > [    3.050958] xilinx-axipmon ffa00000.perf-monitor: Probed
> Xilinx APM
> >       > [    3.057135] xilinx-axipmon fd0b0000.perf-monitor: Probed
> Xilinx APM
> >       > [    3.063538] xilinx-axipmon fd490000.perf-monitor: Probed
> Xilinx APM
> >       > [    3.069920] xilinx-axipmon ffa10000.perf-monitor: Probed
> Xilinx APM
> >       > [    3.097729] si70xx: probe of 2-0040 failed with error -5
> >       > [    3.098042] cdns-wdt fd4d0000.watchdog: Xilinx Watchdog Time=
r
> with timeout 60s
> >       > [    3.105111] cdns-wdt ff150000.watchdog: Xilinx Watchdog Time=
r
> with timeout 10s
> >       > [    3.112457] viper-tamper viper-tamper: Device registered
> >       > [    3.117593] active_bank active_bank: boot bank: 1
> >       > [    3.122184] active_bank active_bank: boot mode: (0x02) qspi3=
2
> >       > [    3.128247] viper-vdpp a4000000.vdpp: Device Tree Probing
> >       > [    3.133439] viper-vdpp a4000000.vdpp: VDPP Version: 1.3.9.0
> Info: 1.512.15.0 KeyLen: 32
> >       > [    3.142151] viper-vdpp a4000000.vdpp: Tamper handler
> registered
> >       > [    3.147438] viper-vdpp a4000000.vdpp: Device registered
> >       > [    3.153007] lpc55_l2 spi1.0: registered handler for protocol=
 0
> >       > [    3.158582] lpc55_user lpc55_user: The major number for your
> device is 236
> >       > [    3.165976] lpc55_l2 spi1.0: registered handler for protocol=
 1
> >       > [    3.181999] rtc-lpc55 rtc_lpc55: lpc55_rtc_get_time: bad
> result: 1
> >       > [    3.182856] rtc-lpc55 rtc_lpc55: registered as rtc0
> >       > [    3.188656] lpc55_l2 spi1.0: (2) mcu still not ready?
> >       > [    3.193744] lpc55_l2 spi1.0: (3) mcu still not ready?
> >       > [    3.198848] lpc55_l2 spi1.0: (4) mcu still not ready?
> >       > [    3.202932] mmc0: SDHCI controller on ff160000.mmc
> [ff160000.mmc] using ADMA 64-bit
> >       > [    3.210689] lpc55_l2 spi1.0: (5) mcu still not ready?
> >       > [    3.215694] lpc55_l2 spi1.0: rx error: -110
> >       > [    3.284438] mmc0: new HS200 MMC card at address 0001
> >       > [    3.285179] mmcblk0: mmc0:0001 SEM16G 14.6 GiB
> >       > [    3.291784]  mmcblk0: p1 p2 p3 p4 p5 p6 p7 p8
> >       > [    3.293915] mmcblk0boot0: mmc0:0001 SEM16G 4.00 MiB
> >       > [    3.299054] mmcblk0boot1: mmc0:0001 SEM16G 4.00 MiB
> >       > [    3.303905] mmcblk0rpmb: mmc0:0001 SEM16G 4.00 MiB, chardev
> (244:0)
> >       > [    3.582676] rtc-lpc55 rtc_lpc55: lpc55_rtc_get_time: bad
> result: 1
> >       > [    3.583332] rtc-lpc55 rtc_lpc55: hctosys: unable to read the
> hardware clock
> >       > [    3.591252] cdns-i2c ff020000.i2c: recovery information
> complete
> >       > [    3.597085] at24 0-0050: supply vcc not found, using dummy
> regulator
> >       > [    3.603011] lpc55_l2 spi1.0: (2) mcu still not ready?
> >       > [    3.608093] at24 0-0050: 256 byte spd EEPROM, read-only
> >       > [    3.613620] lpc55_l2 spi1.0: (3) mcu still not ready?
> >       > [    3.619362] lpc55_l2 spi1.0: (4) mcu still not ready?
> >       > [    3.624224] rtc-rv3028 0-0052: registered as rtc1
> >       > [    3.628343] lpc55_l2 spi1.0: (5) mcu still not ready?
> >       > [    3.633253] lpc55_l2 spi1.0: rx error: -110
> >       > [    3.639104] k81_bootloader 0-0010: probe
> >       > [    3.641628] VMCU: : (235:0) registered
> >       > [    3.641635] k81_bootloader 0-0010: probe completed
> >       > [    3.668346] cdns-i2c ff020000.i2c: 400 kHz mmio ff020000 irq
> 28
> >       > [    3.669154] cdns-i2c ff030000.i2c: recovery information
> complete
> >       > [    3.675412] lm75 1-0048: supply vs not found, using dummy
> regulator
> >       > [    3.682920] lm75 1-0048: hwmon1: sensor 'tmp112'
> >       > [    3.686548] i2c i2c-1: Added multiplexed i2c bus 3
> >       > [    3.690795] i2c i2c-1: Added multiplexed i2c bus 4
> >       > [    3.695629] i2c i2c-1: Added multiplexed i2c bus 5
> >       > [    3.700492] i2c i2c-1: Added multiplexed i2c bus 6
> >       > [    3.705157] pca954x 1-0070: registered 4 multiplexed busses
> for I2C switch pca9546
> >       > [    3.713049] at24 1-0054: supply vcc not found, using dummy
> regulator
> >       > [    3.720067] at24 1-0054: 1024 byte 24c08 EEPROM, read-only
> >       > [    3.724761] cdns-i2c ff030000.i2c: 100 kHz mmio ff030000 irq
> 29
> >       > [    3.731272] sfp viper_enet:sfp-eth1: Host maximum power 2.0W
> >       > [    3.737549] sfp_register_socket: got sfp_bus
> >       > [    3.740709] sfp_register_socket: register sfp_bus
> >       > [    3.745459] sfp_register_bus: ops ok!
> >       > [    3.749179] sfp_register_bus: Try to attach
> >       > [    3.753419] sfp_register_bus: Attach succeeded
> >       > [    3.757914] sfp_register_bus: upstream ops attach
> >       > [    3.762677] sfp_register_bus: Bus registered
> >       > [    3.766999] sfp_register_socket: register sfp_bus succeeded
> >       > [    3.775870] of_cfs_init
> >       > [    3.776000] of_cfs_init: OK
> >       > [    3.778211] clk: Not disabling unused clocks
> >       > [   11.278477] Freeing initrd memory: 206056K
> >       > [   11.279406] Freeing unused kernel memory: 1536K
> >       > [   11.314006] Checked W+X mappings: passed, no W+X pages found
> >       > [   11.314142] Run /init as init process
> >       > INIT: version 3.01 booting
> >       > fsck (busybox 1.35.0)
> >       > /dev/mmcblk0p1: clean, 12/102400 files, 238162/409600 blocks
> >       > /dev/mmcblk0p2: clean, 12/102400 files, 171972/409600 blocks
> >       > /dev/mmcblk0p3 was not cleanly unmounted, check forced.
> >       > /dev/mmcblk0p3: 20/4096 files (0.0% non-contiguous), 663/16384
> blocks
> >       > [   11.553073] EXT4-fs (mmcblk0p3): mounted filesystem without
> journal. Opts: (null). Quota mode: disabled.
> >       > Starting random number generator daemon.
> >       > [   11.580662] random: crng init done
> >       > Starting udev
> >       > [   11.613159] udevd[142]: starting version 3.2.10
> >       > [   11.620385] udevd[143]: starting eudev-3.2.10
> >       > [   11.704481] macb ff0b0000.ethernet control_red: renamed from
> eth0
> >       > [   11.720264] macb ff0c0000.ethernet control_black: renamed
> from eth1
> >       > [   12.063396] ip_local_port_range: prefer different parity for
> start/end values.
> >       > [   12.084801] rtc-lpc55 rtc_lpc55: lpc55_rtc_get_time: bad
> result: 1
> >       > hwclock: RTC_RD_TIME: Invalid exchange
> >       > Mon Feb 27 08:40:53 UTC 2023
> >       > [   12.115309] rtc-lpc55 rtc_lpc55: lpc55_rtc_set_time: bad
> result
> >       > hwclock: RTC_SET_TIME: Invalid exchange
> >       > [   12.131027] rtc-lpc55 rtc_lpc55: lpc55_rtc_get_time: bad
> result: 1
> >       > Starting mcud
> >       > INIT: Entering runlevel: 5
> >       > Configuring network interfaces... done.
> >       > resetting network interface
> >       > [   12.718295] macb ff0b0000.ethernet control_red: PHY
> [ff0b0000.ethernet-ffffffff:02] driver [Xilinx PCS/PMA PHY] (irq=3DPOLL)
> >       > [   12.723919] macb ff0b0000.ethernet control_red: configuring
> for phy/gmii link mode
> >       > [   12.732151] pps pps0: new PPS source ptp0
> >       > [   12.735563] macb ff0b0000.ethernet: gem-ptp-timer ptp clock
> registered.
> >       > [   12.745724] macb ff0c0000.ethernet control_black: PHY
> [ff0c0000.ethernet-ffffffff:01] driver [Xilinx PCS/PMA PHY]
> >       (irq=3DPOLL)
> >       > [   12.753469] macb ff0c0000.ethernet control_black: configurin=
g
> for phy/gmii link mode
> >       > [   12.761804] pps pps1: new PPS source ptp1
> >       > [   12.765398] macb ff0c0000.ethernet: gem-ptp-timer ptp clock
> registered.
> >       > Auto-negotiation: off
> >       > Auto-negotiation: off
> >       > [   16.828151] macb ff0b0000.ethernet control_red: unable to
> generate target frequency: 125000000 Hz
> >       > [   16.834553] macb ff0b0000.ethernet control_red: Link is Up -
> 1Gbps/Full - flow control off
> >       > [   16.860552] macb ff0c0000.ethernet control_black: unable to
> generate target frequency: 125000000 Hz
> >       > [   16.867052] macb ff0c0000.ethernet control_black: Link is Up
> - 1Gbps/Full - flow control off
> >       > Starting Failsafe Secure Shell server in port 2222: sshd
> >       > done.
> >       > Starting rpcbind daemon...done.
> >       >
> >       > [   17.093019] rtc-lpc55 rtc_lpc55: lpc55_rtc_get_time: bad
> result: 1
> >       > hwclock: RTC_RD_TIME: Invalid exchange
> >       > Starting State Manager Service
> >       > Start state-manager restarter...
> >       > (XEN) d0v1 Forwarding AES operation: 3254779951
> >       > Starting /usr/sbin/xenstored....[   17.265256] BTRFS: device
> fsid 80efc224-c202-4f8e-a949-4dae7f04a0aa devid 1 transid 744
> >       /dev/dm-0
> >       > scanned by udevd (385)
> >       > [   17.349933] BTRFS info (device dm-0): disk space caching is
> enabled
> >       > [   17.350670] BTRFS info (device dm-0): has skinny extents
> >       > [   17.364384] BTRFS info (device dm-0): enabling ssd
> optimizations
> >       > [   17.830462] BTRFS: device fsid
> 27ff666b-f4e5-4f90-9054-c210db5b2e2e devid 1 transid 6
> /dev/mapper/client_prov scanned by
> >       mkfs.btrfs
> >       > (526)
> >       > [   17.872699] BTRFS info (device dm-1): using free space tree
> >       > [   17.872771] BTRFS info (device dm-1): has skinny extents
> >       > [   17.878114] BTRFS info (device dm-1): flagging fs with big
> metadata feature
> >       > [   17.894289] BTRFS info (device dm-1): enabling ssd
> optimizations
> >       > [   17.895695] BTRFS info (device dm-1): checking UUID tree
> >       >
> >       > Setting domain 0 name, domid and JSON config...
> >       > Done setting up Dom0
> >       > Starting xenconsoled...
> >       > Starting QEMU as disk backend for dom0
> >       > Starting domain watchdog daemon: xenwatchdogd startup
> >       >
> >       > [   18.408647] BTRFS: device fsid
> 5e08d5e9-bc2a-46b9-af6a-44c7087b8921 devid 1 transid 6
> /dev/mapper/client_config scanned by
> >       mkfs.btrfs
> >       > (574)
> >       > [done]
> >       > [   18.465552] BTRFS info (device dm-2): using free space tree
> >       > [   18.465629] BTRFS info (device dm-2): has skinny extents
> >       > [   18.471002] BTRFS info (device dm-2): flagging fs with big
> metadata feature
> >       > Starting crond: [   18.482371] BTRFS info (device dm-2):
> enabling ssd optimizations
> >       > [   18.486659] BTRFS info (device dm-2): checking UUID tree
> >       > OK
> >       > starting rsyslogd ... Log partition ready after 0 poll loops
> >       > done
> >       > rsyslogd: cannot connect to 172.18.0.1:514: Network is
> unreachable [v8.2208.0 try https://www.rsyslog.com/e/2027 ]
> >       > [   18.670637] BTRFS: device fsid
> 39d7d9e1-967d-478e-94ae-690deb722095 devid 1 transid 608 /dev/dm-3 scanne=
d
> by udevd (518)
> >       >
> >       > Please insert USB token and enter your role in login prompt.
> >       >
> >       > login:
> >       >
> >       > Regards,
> >       > O.
> >       >
> >       >
> >       > =D0=BF=D0=BD, 24 =D0=B0=D0=BF=D1=80. 2023=E2=80=AF=D0=B3. =D0=
=B2 23:39, Stefano Stabellini <
> sstabellini@kernel.org>:
> >       >       Hi Oleg,
> >       >
> >       >       Here is the issue from your logs:
> >       >
> >       >       SError Interrupt on CPU0, code 0xbe000000 -- SError
> >       >
> >       >       SErrors are special signals to notify software of serious
> hardware
> >       >       errors.  Something is going very wrong. Defective hardwar=
e
> is a
> >       >       possibility.  Another possibility if software accessing
> address ranges
> >       >       that it is not supposed to, sometimes it causes SErrors.
> >       >
> >       >       Cheers,
> >       >
> >       >       Stefano
> >       >
> >       >
> >       >
> >       >       On Mon, 24 Apr 2023, Oleg Nikitenko wrote:
> >       >
> >       >       > Hello,
> >       >       >
> >       >       > Thanks guys.
> >       >       > I found out where the problem was.
> >       >       > Now dom0 booted more. But I have a new one.
> >       >       > This is a kernel panic during Dom0 loading.
> >       >       > Maybe someone is able to suggest something ?
> >       >       >
> >       >       > Regards,
> >       >       > O.
> >       >       >
> >       >       > [    3.771362] sfp_register_bus: upstream ops attach
> >       >       > [    3.776119] sfp_register_bus: Bus registered
> >       >       > [    3.780459] sfp_register_socket: register sfp_bus
> succeeded
> >       >       > [    3.789399] of_cfs_init
> >       >       > [    3.789499] of_cfs_init: OK
> >       >       > [    3.791685] clk: Not disabling unused clocks
> >       >       > [   11.010355] SError Interrupt on CPU0, code 0xbe00000=
0
> -- SError
> >       >       > [   11.010380] CPU: 0 PID: 9 Comm: kworker/u4:0 Not
> tainted 5.15.72-xilinx-v2022.1 #1
> >       >       > [   11.010393] Workqueue: events_unbound
> async_run_entry_fn
> >       >       > [   11.010414] pstate: 60000005 (nZCv daif -PAN -UAO
> -TCO -DIT -SSBS BTYPE=3D--)
> >       >       > [   11.010422] pc : simple_write_end+0xd0/0x130
> >       >       > [   11.010431] lr : generic_perform_write+0x118/0x1e0
> >       >       > [   11.010438] sp : ffffffc00809b910
> >       >       > [   11.010441] x29: ffffffc00809b910 x28:
> 0000000000000000 x27: ffffffef69ba88c0
> >       >       > [   11.010451] x26: 0000000000003eec x25:
> ffffff807515db00 x24: 0000000000000000
> >       >       > [   11.010459] x23: ffffffc00809ba90 x22:
> 0000000002aac000 x21: ffffff807315a260
> >       >       > [   11.010472] x20: 0000000000001000 x19:
> fffffffe02000000 x18: 0000000000000000
> >       >       > [   11.010481] x17: 00000000ffffffff x16:
> 0000000000008000 x15: 0000000000000000
> >       >       > [   11.010490] x14: 0000000000000000 x13:
> 0000000000000000 x12: 0000000000000000
> >       >       > [   11.010498] x11: 0000000000000000 x10:
> 0000000000000000 x9 : 0000000000000000
> >       >       > [   11.010507] x8 : 0000000000000000 x7 :
> ffffffef693ba680 x6 : 000000002d89b700
> >       >       > [   11.010515] x5 : fffffffe02000000 x4 :
> ffffff807315a3c8 x3 : 0000000000001000
> >       >       > [   11.010524] x2 : 0000000002aab000 x1 :
> 0000000000000001 x0 : 0000000000000005
> >       >       > [   11.010534] Kernel panic - not syncing: Asynchronous
> SError Interrupt
> >       >       > [   11.010539] CPU: 0 PID: 9 Comm: kworker/u4:0 Not
> tainted 5.15.72-xilinx-v2022.1 #1
> >       >       > [   11.010545] Hardware name: D14 Viper Board - White
> Unit (DT)
> >       >       > [   11.010548] Workqueue: events_unbound
> async_run_entry_fn
> >       >       > [   11.010556] Call trace:
> >       >       > [   11.010558]  dump_backtrace+0x0/0x1c4
> >       >       > [   11.010567]  show_stack+0x18/0x2c
> >       >       > [   11.010574]  dump_stack_lvl+0x7c/0xa0
> >       >       > [   11.010583]  dump_stack+0x18/0x34
> >       >       > [   11.010588]  panic+0x14c/0x2f8
> >       >       > [   11.010597]  print_tainted+0x0/0xb0
> >       >       > [   11.010606]  arm64_serror_panic+0x6c/0x7c
> >       >       > [   11.010614]  do_serror+0x28/0x60
> >       >       > [   11.010621]  el1h_64_error_handler+0x30/0x50
> >       >       > [   11.010628]  el1h_64_error+0x78/0x7c
> >       >       > [   11.010633]  simple_write_end+0xd0/0x130
> >       >       > [   11.010639]  generic_perform_write+0x118/0x1e0
> >       >       > [   11.010644]  __generic_file_write_iter+0x138/0x1c4
> >       >       > [   11.010650]  generic_file_write_iter+0x78/0xd0
> >       >       > [   11.010656]  __kernel_write+0xfc/0x2ac
> >       >       > [   11.010665]  kernel_write+0x88/0x160
> >       >       > [   11.010673]  xwrite+0x44/0x94
> >       >       > [   11.010680]  do_copy+0xa8/0x104
> >       >       > [   11.010686]  write_buffer+0x38/0x58
> >       >       > [   11.010692]  flush_buffer+0x4c/0xbc
> >       >       > [   11.010698]  __gunzip+0x280/0x310
> >       >       > [   11.010704]  gunzip+0x1c/0x28
> >       >       > [   11.010709]  unpack_to_rootfs+0x170/0x2b0
> >       >       > [   11.010715]  do_populate_rootfs+0x80/0x164
> >       >       > [   11.010722]  async_run_entry_fn+0x48/0x164
> >       >       > [   11.010728]  process_one_work+0x1e4/0x3a0
> >       >       > [   11.010736]  worker_thread+0x7c/0x4c0
> >       >       > [   11.010743]  kthread+0x120/0x130
> >       >       > [   11.010750]  ret_from_fork+0x10/0x20
> >       >       > [   11.010757] SMP: stopping secondary CPUs
> >       >       > [   11.010784] Kernel Offset: 0x2f61200000 from
> 0xffffffc008000000
> >       >       > [   11.010788] PHYS_OFFSET: 0x0
> >       >       > [   11.010790] CPU features: 0x00000401,00000842
> >       >       > [   11.010795] Memory Limit: none
> >       >       > [   11.277509] ---[ end Kernel panic - not syncing:
> Asynchronous SError Interrupt ]---
> >       >       >
> >       >       > =D0=BF=D1=82, 21 =D0=B0=D0=BF=D1=80. 2023=E2=80=AF=D0=
=B3. =D0=B2 15:52, Michal Orzel <
> michal.orzel@amd.com>:
> >       >       >       Hi Oleg,
> >       >       >
> >       >       >       On 21/04/2023 14:49, Oleg Nikitenko wrote:
> >       >       >       >
> >       >       >       >
> >       >       >       >
> >       >       >       > Hello Michal,
> >       >       >       >
> >       >       >       > I was not able to enable earlyprintk in the xen
> for now.
> >       >       >       > I decided to choose another way.
> >       >       >       > This is a xen's command line that I found out
> completely.
> >       >       >       >
> >       >       >       > (XEN) $$$$ console=3Ddtuart dtuart=3Dserial0
> dom0_mem=3D1600M dom0_max_vcpus=3D2 dom0_vcpus_pin bootscrub=3D0
> >       vwfi=3Dnative
> >       >       sched=3Dnull
> >       >       >       timer_slop=3D0
> >       >       >       Yes, adding a printk() in Xen was also a good ide=
a.
> >       >       >
> >       >       >       >
> >       >       >       > So you are absolutely right about a command lin=
e.
> >       >       >       > Now I am going to find out why xen did not have
> the correct parameters from the device tree.
> >       >       >       Maybe you will find this document helpful:
> >       >       >
> https://github.com/Xilinx/xen/blob/xlnx_rebase_4.16/docs/misc/arm/device-=
tree/booting.txt
> >       >       >
> >       >       >       ~Michal
> >       >       >
> >       >       >       >
> >       >       >       > Regards,
> >       >       >       > Oleg
> >       >       >       >
> >       >       >       > =D0=BF=D1=82, 21 =D0=B0=D0=BF=D1=80. 2023=E2=80=
=AF=D0=B3. =D0=B2 11:16, Michal Orzel <
> michal.orzel@amd.com <mailto:michal.orzel@amd.com>>:
> >       >       >       >
> >       >       >       >
> >       >       >       >     On 21/04/2023 10:04, Oleg Nikitenko wrote:
> >       >       >       >     >
> >       >       >       >     >
> >       >       >       >     >
> >       >       >       >     > Hello Michal,
> >       >       >       >     >
> >       >       >       >     > Yes, I use yocto.
> >       >       >       >     >
> >       >       >       >     > Yesterday all day long I tried to follow
> your suggestions.
> >       >       >       >     > I faced a problem.
> >       >       >       >     > Manually in the xen config build file I
> pasted the strings:
> >       >       >       >     In the .config file or in some Yocto file
> (listing additional Kconfig options) added to SRC_URI?
> >       >       >       >     You shouldn't really modify .config file bu=
t
> if you do, you should execute "make olddefconfig"
> >       afterwards.
> >       >       >       >
> >       >       >       >     >
> >       >       >       >     > CONFIG_EARLY_PRINTK
> >       >       >       >     > CONFIG_EARLY_PRINTK_ZYNQMP
> >       >       >       >     > CONFIG_EARLY_UART_CHOICE_CADENCE
> >       >       >       >     I hope you added =3Dy to them.
> >       >       >       >
> >       >       >       >     Anyway, you have at least the following
> solutions:
> >       >       >       >     1) Run bitbake xen -c menuconfig to properl=
y
> set early printk
> >       >       >       >     2) Find out how you enable other Kconfig
> options in your project (e.g. CONFIG_COLORING=3Dy that is not
> >       enabled by
> >       >       default)
> >       >       >       >     3) Append the following to
> "xen/arch/arm/configs/arm64_defconfig":
> >       >       >       >     CONFIG_EARLY_PRINTK_ZYNQMP=3Dy
> >       >       >       >
> >       >       >       >     ~Michal
> >       >       >       >
> >       >       >       >     >
> >       >       >       >     > Host hangs in build time.
> >       >       >       >     > Maybe I did not set something in the
> config build file ?
> >       >       >       >     >
> >       >       >       >     > Regards,
> >       >       >       >     > Oleg
> >       >       >       >     >
> >       >       >       >     > =D1=87=D1=82, 20 =D0=B0=D0=BF=D1=80. 2023=
=E2=80=AF=D0=B3. =D0=B2 11:57, Oleg
> Nikitenko <oleshiiwood@gmail.com <mailto:oleshiiwood@gmail.com>
> >       >       >       <mailto:oleshiiwood@gmail.com <mailto:
> oleshiiwood@gmail.com>>>:
> >       >       >       >     >
> >       >       >       >     >     Thanks Michal,
> >       >       >       >     >
> >       >       >       >     >     You gave me an idea.
> >       >       >       >     >     I am going to try it today.
> >       >       >       >     >
> >       >       >       >     >     Regards,
> >       >       >       >     >     O.
> >       >       >       >     >
> >       >       >       >     >     =D1=87=D1=82, 20 =D0=B0=D0=BF=D1=80. =
2023=E2=80=AF=D0=B3. =D0=B2 11:56, Oleg
> Nikitenko <oleshiiwood@gmail.com <mailto:oleshiiwood@gmail.com>
> >       >       >       <mailto:oleshiiwood@gmail.com <mailto:
> oleshiiwood@gmail.com>>>:
> >       >       >       >     >
> >       >       >       >     >         Thanks Stefano.
> >       >       >       >     >
> >       >       >       >     >         I am going to do it today.
> >       >       >       >     >
> >       >       >       >     >         Regards,
> >       >       >       >     >         O.
> >       >       >       >     >
> >       >       >       >     >         =D1=81=D1=80, 19 =D0=B0=D0=BF=D1=
=80. 2023=E2=80=AF=D0=B3. =D0=B2 23:05,
> Stefano Stabellini <sstabellini@kernel.org
> >       <mailto:sstabellini@kernel.org>
> >       >       >       <mailto:sstabellini@kernel.org <mailto:
> sstabellini@kernel.org>>>:
> >       >       >       >     >
> >       >       >       >     >             On Wed, 19 Apr 2023, Oleg
> Nikitenko wrote:
> >       >       >       >     >             > Hi Michal,
> >       >       >       >     >             >
> >       >       >       >     >             > I corrected xen's command
> line.
> >       >       >       >     >             > Now it is
> >       >       >       >     >             > xen,xen-bootargs =3D
> "console=3Ddtuart dtuart=3Dserial0 dom0_mem=3D1600M dom0_max_vcpus=3D2
> >       dom0_vcpus_pin
> >       >       >       bootscrub=3D0 vwfi=3Dnative sched=3Dnull
> >       >       >       >     >             > timer_slop=3D0 way_size=3D6=
5536
> xen_colors=3D0-3 dom0_colors=3D4-7";
> >       >       >       >     >
> >       >       >       >     >             4 colors is way too many for
> xen, just do xen_colors=3D0-0. There is no
> >       >       >       >     >             advantage in using more than =
1
> color for Xen.
> >       >       >       >     >
> >       >       >       >     >             4 colors is too few for dom0,
> if you are giving 1600M of memory to Dom0.
> >       >       >       >     >             Each color is 256M. For 1600M
> you should give at least 7 colors. Try:
> >       >       >       >     >
> >       >       >       >     >             xen_colors=3D0-0 dom0_colors=
=3D1-8
> >       >       >       >     >
> >       >       >       >     >
> >       >       >       >     >
> >       >       >       >     >             > Unfortunately the result wa=
s
> the same.
> >       >       >       >     >             >
> >       >       >       >     >             > (XEN)  - Dom0 mode: Relaxed
> >       >       >       >     >             > (XEN) P2M: 40-bit IPA with
> 40-bit PA and 8-bit VMID
> >       >       >       >     >             > (XEN) P2M: 3 levels with
> order-1 root, VTCR 0x0000000080023558
> >       >       >       >     >             > (XEN) Scheduling
> granularity: cpu, 1 CPU per sched-resource
> >       >       >       >     >             > (XEN) Coloring general
> information
> >       >       >       >     >             > (XEN) Way size: 64kB
> >       >       >       >     >             > (XEN) Max. number of colors
> available: 16
> >       >       >       >     >             > (XEN) Xen color(s): [ 0 ]
> >       >       >       >     >             > (XEN) alternatives: Patchin=
g
> with alt table 00000000002cc690 -> 00000000002ccc0c
> >       >       >       >     >             > (XEN) Color array allocatio=
n
> failed for dom0
> >       >       >       >     >             > (XEN)
> >       >       >       >     >             > (XEN)
> ****************************************
> >       >       >       >     >             > (XEN) Panic on CPU 0:
> >       >       >       >     >             > (XEN) Error creating domain=
 0
> >       >       >       >     >             > (XEN)
> ****************************************
> >       >       >       >     >             > (XEN)
> >       >       >       >     >             > (XEN) Reboot in five
> seconds...
> >       >       >       >     >             >
> >       >       >       >     >             > I am going to find out how
> command line arguments passed and parsed.
> >       >       >       >     >             >
> >       >       >       >     >             > Regards,
> >       >       >       >     >             > Oleg
> >       >       >       >     >             >
> >       >       >       >     >             > =D1=81=D1=80, 19 =D0=B0=D0=
=BF=D1=80. 2023=E2=80=AF=D0=B3. =D0=B2 11:25,
> Oleg Nikitenko <oleshiiwood@gmail.com
> >       <mailto:oleshiiwood@gmail.com>
> >       >       >       <mailto:oleshiiwood@gmail.com <mailto:
> oleshiiwood@gmail.com>>>:
> >       >       >       >     >             >       Hi Michal,
> >       >       >       >     >             >
> >       >       >       >     >             > You put my nose into the
> problem. Thank you.
> >       >       >       >     >             > I am going to use your poin=
t.
> >       >       >       >     >             > Let's see what happens.
> >       >       >       >     >             >
> >       >       >       >     >             > Regards,
> >       >       >       >     >             > Oleg
> >       >       >       >     >             >
> >       >       >       >     >             >
> >       >       >       >     >             > =D1=81=D1=80, 19 =D0=B0=D0=
=BF=D1=80. 2023=E2=80=AF=D0=B3. =D0=B2 10:37,
> Michal Orzel <michal.orzel@amd.com
> >       <mailto:michal.orzel@amd.com>
> >       >       >       <mailto:michal.orzel@amd.com <mailto:
> michal.orzel@amd.com>>>:
> >       >       >       >     >             >       Hi Oleg,
> >       >       >       >     >             >
> >       >       >       >     >             >       On 19/04/2023 09:03,
> Oleg Nikitenko wrote:
> >       >       >       >     >             >       >
> >       >       >       >     >             >       >
> >       >       >       >     >             >       >
> >       >       >       >     >             >       > Hello Stefano,
> >       >       >       >     >             >       >
> >       >       >       >     >             >       > Thanks for the
> clarification.
> >       >       >       >     >             >       > My company uses
> yocto for image generation.
> >       >       >       >     >             >       > What kind of
> information do you need to consult me in this case ?
> >       >       >       >     >             >       >
> >       >       >       >     >             >       > Maybe modules
> sizes/addresses which were mentioned by @Julien Grall
> >       >       <mailto:julien@xen.org
> >       >       >       <mailto:julien@xen.org> <mailto:julien@xen.org
> <mailto:julien@xen.org>>> ?
> >       >       >       >     >             >
> >       >       >       >     >             >       Sorry for jumping int=
o
> discussion, but FWICS the Xen command line you provided
> >       seems to be
> >       >       not the
> >       >       >       one
> >       >       >       >     >             >       Xen booted with. The
> error you are observing most likely is due to dom0 colors
> >       >       configuration not
> >       >       >       being
> >       >       >       >     >             >       specified (i.e. lack
> of dom0_colors=3D<> parameter). Although in the command line you
> >       >       provided, this
> >       >       >       parameter
> >       >       >       >     >             >       is set, I strongly
> doubt that this is the actual command line in use.
> >       >       >       >     >             >
> >       >       >       >     >             >       You wrote:
> >       >       >       >     >             >       xen,xen-bootargs =3D
> "console=3Ddtuart dtuart=3Dserial0 dom0_mem=3D1600M dom0_max_vcpus=3D2
> >       >       dom0_vcpus_pin
> >       >       >       bootscrub=3D0 vwfi=3Dnative
> >       >       >       >     >             >       sched=3Dnull
> timer_slop=3D0 way_szize=3D65536 xen_colors=3D0-3 dom0_colors=3D4-7";
> >       >       >       >     >             >
> >       >       >       >     >             >       but:
> >       >       >       >     >             >       1) way_szize has a ty=
po
> >       >       >       >     >             >       2) you specified 4
> colors (0-3) for Xen, but the boot log says that Xen has only
> >       one:
> >       >       >       >     >             >       (XEN) Xen color(s): [
> 0 ]
> >       >       >       >     >             >
> >       >       >       >     >             >       This makes me believe
> that no colors configuration actually end up in command line
> >       that Xen
> >       >       booted
> >       >       >       with.
> >       >       >       >     >             >       Single color for Xen
> is a "default if not specified" and way size was probably
> >       calculated
> >       >       by asking
> >       >       >       HW.
> >       >       >       >     >             >
> >       >       >       >     >             >       So I would suggest to
> first cross-check the command line in use.
> >       >       >       >     >             >
> >       >       >       >     >             >       ~Michal
> >       >       >       >     >             >
> >       >       >       >     >             >
> >       >       >       >     >             >       >
> >       >       >       >     >             >       > Regards,
> >       >       >       >     >             >       > Oleg
> >       >       >       >     >             >       >
> >       >       >       >     >             >       > =D0=B2=D1=82, 18 =
=D0=B0=D0=BF=D1=80. 2023=E2=80=AF=D0=B3.
> =D0=B2 20:44, Stefano Stabellini <sstabellini@kernel.org
> >       >       >       <mailto:sstabellini@kernel.org> <mailto:
> sstabellini@kernel.org <mailto:sstabellini@kernel.org>>
> >       >       <mailto:sstabellini@kernel.org
> >       >       >       <mailto:sstabellini@kernel.org> <mailto:
> sstabellini@kernel.org <mailto:sstabellini@kernel.org>>>>:
> >       >       >       >     >             >       >
> >       >       >       >     >             >       >     On Tue, 18 Apr
> 2023, Oleg Nikitenko wrote:
> >       >       >       >     >             >       >     > Hi Julien,
> >       >       >       >     >             >       >     >
> >       >       >       >     >             >       >     > >> This
> feature has not been merged in Xen upstream yet
> >       >       >       >     >             >       >     >
> >       >       >       >     >             >       >     > > would assum=
e
> that upstream + the series on the ML [1] work
> >       >       >       >     >             >       >     >
> >       >       >       >     >             >       >     > Please clarif=
y
> this point.
> >       >       >       >     >             >       >     > Because the
> two thoughts are controversial.
> >       >       >       >     >             >       >
> >       >       >       >     >             >       >     Hi Oleg,
> >       >       >       >     >             >       >
> >       >       >       >     >             >       >     As Julien wrote=
,
> there is nothing controversial. As you are aware,
> >       >       >       >     >             >       >     Xilinx maintain=
s
> a separate Xen tree specific for Xilinx here:
> >       >       >       >     >             >       >
> https://github.com/xilinx/xen <https://github.com/xilinx/xen>
> >       >       <https://github.com/xilinx/xen
> >       >       >       <https://github.com/xilinx/xen>> <
> https://github.com/xilinx/xen <https://github.com/xilinx/xen>
> >       >       <https://github.com/xilinx/xen
> >       >       >       <https://github.com/xilinx/xen>>>
> >       >       >       >     >             >       >
> >       >       >       >     >             >       >     and the branch
> you are using (xlnx_rebase_4.16) comes from there.
> >       >       >       >     >             >       >
> >       >       >       >     >             >       >
> >       >       >       >     >             >       >     Instead, the
> upstream Xen tree lives here:
> >       >       >       >     >             >       >
> https://xenbits.xen.org/gitweb/?p=3Dxen.git;a=3Dsummary
> >       >       >       <
> https://xenbits.xen.org/gitweb/?p=3Dxen.git;a=3Dsummary> <
> https://xenbits.xen.org/gitweb/?p=3Dxen.git;a=3Dsummary
> >       >       >       <
> https://xenbits.xen.org/gitweb/?p=3Dxen.git;a=3Dsummary>> <
> https://xenbits.xen.org/gitweb/?p=3Dxen.git;a=3Dsummary
> >       >       >       <
> https://xenbits.xen.org/gitweb/?p=3Dxen.git;a=3Dsummary> <
> https://xenbits.xen.org/gitweb/?p=3Dxen.git;a=3Dsummary
> >       >       >       <
> https://xenbits.xen.org/gitweb/?p=3Dxen.git;a=3Dsummary>>>
> >       >       >       >     >             >       >
> >       >       >       >     >             >       >
> >       >       >       >     >             >       >     The Cache
> Coloring feature that you are trying to configure is present
> >       >       >       >     >             >       >     in
> xlnx_rebase_4.16, but not yet present upstream (there is an
> >       >       >       >     >             >       >     outstanding
> patch series to add cache coloring to Xen upstream but it
> >       >       >       >     >             >       >     hasn't been
> merged yet.)
> >       >       >       >     >             >       >
> >       >       >       >     >             >       >
> >       >       >       >     >             >       >     Anyway, if you
> are using xlnx_rebase_4.16 it doesn't matter too much for
> >       >       >       >     >             >       >     you as you
> already have Cache Coloring as a feature there.
> >       >       >       >     >             >       >
> >       >       >       >     >             >       >
> >       >       >       >     >             >       >     I take you are
> using ImageBuilder to generate the boot configuration? If
> >       >       >       >     >             >       >     so, please post
> the ImageBuilder config file that you are using.
> >       >       >       >     >             >       >
> >       >       >       >     >             >       >     But from the
> boot message, it looks like the colors configuration for
> >       >       >       >     >             >       >     Dom0 is
> incorrect.
> >       >       >       >     >             >       >
> >       >       >       >     >             >
> >       >       >       >     >             >
> >       >       >       >     >             >
> >       >       >       >     >
> >       >       >       >
> >       >       >
> >       >       >
> >       >       >
> >       >
> >       >
> >       >
> >
> >
> >

--000000000000cd85bd05faee032e
Content-Type: text/html; charset="UTF-8"
Content-Transfer-Encoding: base64

PGRpdiBkaXI9Imx0ciI+PGRpdj5IZWxsbyBTdGVmYW5vLDwvZGl2PjxkaXY+PGJyPjwvZGl2Pjxk
aXY+SSB3b3VsZCBsaWtlIHRvIHRyeSBhIHhlbiBjYWNoZSBjb2xvciBwcm9wZXJ0eSBmcm9tIHRo
aXMgcmVwb8KgIDxhIGhyZWY9Imh0dHBzOi8veGVuYml0cy54ZW4ub3JnL2dpdC1odHRwL3hlbi5n
aXQiPmh0dHBzOi8veGVuYml0cy54ZW4ub3JnL2dpdC1odHRwL3hlbi5naXQ8L2E+PC9kaXY+PGRp
dj5Db3VsZCB5b3UgdGVsbCB3aG90IGJyYW5jaCBJIHNob3VsZCB1c2UgPzwvZGl2PjxkaXY+PGJy
PjwvZGl2PjxkaXY+UmVnYXJkcyw8L2Rpdj48ZGl2Pk9sZWc8YnI+PC9kaXY+PC9kaXY+PGJyPjxk
aXYgY2xhc3M9ImdtYWlsX3F1b3RlIj48ZGl2IGRpcj0ibHRyIiBjbGFzcz0iZ21haWxfYXR0ciI+
0L/RgiwgMjgg0LDQv9GALiAyMDIz4oCv0LMuINCyIDAwOjUxLCBTdGVmYW5vIFN0YWJlbGxpbmkg
Jmx0OzxhIGhyZWY9Im1haWx0bzpzc3RhYmVsbGluaUBrZXJuZWwub3JnIj5zc3RhYmVsbGluaUBr
ZXJuZWwub3JnPC9hPiZndDs6PGJyPjwvZGl2PjxibG9ja3F1b3RlIGNsYXNzPSJnbWFpbF9xdW90
ZSIgc3R5bGU9Im1hcmdpbjowcHggMHB4IDBweCAwLjhleDtib3JkZXItbGVmdDoxcHggc29saWQg
cmdiKDIwNCwyMDQsMjA0KTtwYWRkaW5nLWxlZnQ6MWV4Ij5JIGFtIGZhbWlsaWFyIHdpdGggdGhl
IHpjdTEwMiBidXQgSSBkb24mIzM5O3Qga25vdyBob3cgeW91IGNvdWxkIHBvc3NpYmx5PGJyPg0K
Z2VuZXJhdGUgYSBTRXJyb3IuPGJyPg0KPGJyPg0KSSBzdWdnZXN0IHRvIHRyeSB0byB1c2UgSW1h
Z2VCdWlsZGVyIFsxXSB0byBnZW5lcmF0ZSB0aGUgYm9vdDxicj4NCmNvbmZpZ3VyYXRpb24gYXMg
YSB0ZXN0IGJlY2F1c2UgdGhhdCBpcyBrbm93biB0byB3b3JrIHdlbGwgZm9yIHpjdTEwMi48YnI+
DQo8YnI+DQpbMV0gPGEgaHJlZj0iaHR0cHM6Ly9naXRsYWIuY29tL3hlbi1wcm9qZWN0L2ltYWdl
YnVpbGRlciIgcmVsPSJub3JlZmVycmVyIiB0YXJnZXQ9Il9ibGFuayI+aHR0cHM6Ly9naXRsYWIu
Y29tL3hlbi1wcm9qZWN0L2ltYWdlYnVpbGRlcjwvYT48YnI+DQo8YnI+DQo8YnI+DQpPbiBUaHUs
IDI3IEFwciAyMDIzLCBPbGVnIE5pa2l0ZW5rbyB3cm90ZTo8YnI+DQomZ3Q7IEhlbGxvIFN0ZWZh
bm8sPGJyPg0KJmd0OyA8YnI+DQomZ3Q7IFRoYW5rcyBmb3IgY2xhcmlmaWNhdGlvbi48YnI+DQom
Z3Q7IFdlIG5pZ2h0ZXIgdXNlIEltYWdlQnVpbGRlciBub3IgdWJvb3QgYm9vdCBzY3JpcHQuPGJy
Pg0KJmd0OyBBIG1vZGVsIGlzIHpjdTEwMiBjb21wYXRpYmxlLjxicj4NCiZndDsgPGJyPg0KJmd0
OyBSZWdhcmRzLDxicj4NCiZndDsgTy48YnI+DQomZ3Q7IDxicj4NCiZndDsg0LLRgiwgMjUg0LDQ
v9GALiAyMDIz4oCv0LMuINCyIDIxOjIxLCBTdGVmYW5vIFN0YWJlbGxpbmkgJmx0OzxhIGhyZWY9
Im1haWx0bzpzc3RhYmVsbGluaUBrZXJuZWwub3JnIiB0YXJnZXQ9Il9ibGFuayI+c3N0YWJlbGxp
bmlAa2VybmVsLm9yZzwvYT4mZ3Q7Ojxicj4NCiZndDvCoCDCoCDCoCDCoFRoaXMgaXMgaW50ZXJl
c3RpbmcuIEFyZSB5b3UgdXNpbmcgWGlsaW54IGhhcmR3YXJlIGJ5IGFueSBjaGFuY2U/IElmIHNv
LDxicj4NCiZndDvCoCDCoCDCoCDCoHdoaWNoIGJvYXJkPzxicj4NCiZndDsgPGJyPg0KJmd0O8Kg
IMKgIMKgIMKgQXJlIHlvdSB1c2luZyBJbWFnZUJ1aWxkZXIgdG8gZ2VuZXJhdGUgeW91ciBib290
LnNjciBib290IHNjcmlwdD8gSWYgc28sPGJyPg0KJmd0O8KgIMKgIMKgIMKgY291bGQgeW91IHBs
ZWFzZSBwb3N0IHlvdXIgSW1hZ2VCdWlsZGVyIGNvbmZpZyBmaWxlPyBJZiBub3QsIGNhbiB5b3U8
YnI+DQomZ3Q7wqAgwqAgwqAgwqBwb3N0IHRoZSBzb3VyY2Ugb2YgeW91ciB1Ym9vdCBib290IHNj
cmlwdD88YnI+DQomZ3Q7IDxicj4NCiZndDvCoCDCoCDCoCDCoFNFcnJvcnMgYXJlIHN1cHBvc2Vk
IHRvIGJlIHJlbGF0ZWQgdG8gYSBoYXJkd2FyZSBmYWlsdXJlIG9mIHNvbWUga2luZC48YnI+DQom
Z3Q7wqAgwqAgwqAgwqBZb3UgYXJlIG5vdCBzdXBwb3NlZCB0byBiZSBhYmxlIHRvIHRyaWdnZXIg
YW4gU0Vycm9yIGVhc2lseSBieTxicj4NCiZndDvCoCDCoCDCoCDCoCZxdW90O21pc3Rha2UmcXVv
dDsuIEkgaGF2ZSBub3Qgc2VlbiBTRXJyb3JzIGR1ZSB0byB3cm9uZyBjYWNoZSBjb2xvcmluZzxi
cj4NCiZndDvCoCDCoCDCoCDCoGNvbmZpZ3VyYXRpb25zIG9uIGFueSBYaWxpbnggYm9hcmQgYmVm
b3JlLjxicj4NCiZndDsgPGJyPg0KJmd0O8KgIMKgIMKgIMKgVGhlIGRpZmZlcmVuY2VzIGJldHdl
ZW4gWGVuIHdpdGggYW5kIHdpdGhvdXQgY2FjaGUgY29sb3JpbmcgZnJvbSBhPGJyPg0KJmd0O8Kg
IMKgIMKgIMKgaGFyZHdhcmUgcGVyc3BlY3RpdmUgYXJlOjxicj4NCiZndDsgPGJyPg0KJmd0O8Kg
IMKgIMKgIMKgLSBXaXRoIGNhY2hlIGNvbG9yaW5nLCB0aGUgU01NVSBpcyBlbmFibGVkIGFuZCBk
b2VzIGFkZHJlc3MgdHJhbnNsYXRpb25zPGJyPg0KJmd0O8KgIMKgIMKgIMKgwqAgZXZlbiBmb3Ig
ZG9tMC4gV2l0aG91dCBjYWNoZSBjb2xvcmluZyB0aGUgU01NVSBjb3VsZCBiZSBkaXNhYmxlZCwg
YW5kPGJyPg0KJmd0O8KgIMKgIMKgIMKgwqAgaWYgZW5hYmxlZCwgdGhlIFNNTVUgZG9lc24mIzM5
O3QgZG8gYW55IGFkZHJlc3MgdHJhbnNsYXRpb25zIGZvciBEb20wLiBJZjxicj4NCiZndDvCoCDC
oCDCoCDCoMKgIHRoZXJlIGlzIGEgaGFyZHdhcmUgZmFpbHVyZSByZWxhdGVkIHRvIFNNTVUgYWRk
cmVzcyB0cmFuc2xhdGlvbiBpdDxicj4NCiZndDvCoCDCoCDCoCDCoMKgIGNvdWxkIG9ubHkgdHJp
Z2dlciB3aXRoIGNhY2hlIGNvbG9yaW5nLiBUaGlzIHdvdWxkIGJlIG15IG5vcm1hbDxicj4NCiZn
dDvCoCDCoCDCoCDCoMKgIHN1Z2dlc3Rpb24gZm9yIHlvdSB0byBleHBsb3JlLCBidXQgdGhlIGZh
aWx1cmUgaGFwcGVucyB0b28gZWFybHk8YnI+DQomZ3Q7wqAgwqAgwqAgwqDCoCBiZWZvcmUgYW55
IERNQS1jYXBhYmxlIGRldmljZSBpcyBwcm9ncmFtbWVkLiBTbyBJIGRvbiYjMzk7dCB0aGluayB0
aGlzIGNhbjxicj4NCiZndDvCoCDCoCDCoCDCoMKgIGJlIHRoZSBpc3N1ZS48YnI+DQomZ3Q7IDxi
cj4NCiZndDvCoCDCoCDCoCDCoC0gV2l0aCBjYWNoZSBjb2xvcmluZywgdGhlIG1lbW9yeSBhbGxv
Y2F0aW9uIGlzIHZlcnkgZGlmZmVyZW50IHNvIHlvdSYjMzk7bGw8YnI+DQomZ3Q7wqAgwqAgwqAg
wqDCoCBlbmQgdXAgdXNpbmcgZGlmZmVyZW50IEREUiByZWdpb25zIGZvciBEb20wLiBTbyBpZiB5
b3VyIEREUiBpczxicj4NCiZndDvCoCDCoCDCoCDCoMKgIGRlZmVjdGl2ZSwgeW91IG1pZ2h0IG9u
bHkgc2VlIGEgZmFpbHVyZSB3aXRoIGNhY2hlIGNvbG9yaW5nIGVuYWJsZWQ8YnI+DQomZ3Q7wqAg
wqAgwqAgwqDCoCBiZWNhdXNlIHlvdSBlbmQgdXAgdXNpbmcgZGlmZmVyZW50IHJlZ2lvbnMuPGJy
Pg0KJmd0OyA8YnI+DQomZ3Q7IDxicj4NCiZndDvCoCDCoCDCoCDCoE9uIFR1ZSwgMjUgQXByIDIw
MjMsIE9sZWcgTmlraXRlbmtvIHdyb3RlOjxicj4NCiZndDvCoCDCoCDCoCDCoCZndDsgSGkgU3Rl
ZmFubyw8YnI+DQomZ3Q7wqAgwqAgwqAgwqAmZ3Q7PGJyPg0KJmd0O8KgIMKgIMKgIMKgJmd0OyBU
aGFuayB5b3UuPGJyPg0KJmd0O8KgIMKgIMKgIMKgJmd0OyBJZiBJIGJ1aWxkIHhlbiB3aXRob3V0
IGNvbG9ycyBzdXBwb3J0IHRoZXJlIGlzIG5vdCB0aGlzIGVycm9yLjxicj4NCiZndDvCoCDCoCDC
oCDCoCZndDsgQWxsIHRoZSBkb21haW5zIGFyZSBib290ZWQgd2VsbC48YnI+DQomZ3Q7wqAgwqAg
wqAgwqAmZ3Q7IEhlbnNlIGl0IGNhbiBub3QgYmUgYSBoYXJkd2FyZSBpc3N1ZS48YnI+DQomZ3Q7
wqAgwqAgwqAgwqAmZ3Q7IFRoaXMgcGFuaWMgYXJyaXZlZCBkdXJpbmcgdW5wYWNraW5nIHRoZSBy
b290ZnMuPGJyPg0KJmd0O8KgIMKgIMKgIMKgJmd0OyBIZXJlIEkgYXR0YWNoZWQgdGhlIGJvb3Qg
bG9nIHhlbi9Eb20wIHdpdGhvdXQgY29sb3IuPGJyPg0KJmd0O8KgIMKgIMKgIMKgJmd0OyBBIGhp
Z2hsaWdodGVkIHN0cmluZ3MgcHJpbnRlZCBleGFjdGx5IGFmdGVyIHRoZSBwbGFjZSB3aGVyZSAx
LXN0IHRpbWUgcGFuaWMgYXJyaXZlZC48YnI+DQomZ3Q7wqAgwqAgwqAgwqAmZ3Q7PGJyPg0KJmd0
O8KgIMKgIMKgIMKgJmd0OyDCoFhlbiA0LjE2LjEtcHJlPGJyPg0KJmd0O8KgIMKgIMKgIMKgJmd0
OyAoWEVOKSBYZW4gdmVyc2lvbiA0LjE2LjEtcHJlIChub2xlMjM5MEAobm9uZSkpIChhYXJjaDY0
LXBvcnRhYmxlLWxpbnV4LWdjYyAoR0NDKSAxMS4zLjApIGRlYnVnPXkgMjAyMy0wNC0yMTxicj4N
CiZndDvCoCDCoCDCoCDCoCZndDsgKFhFTikgTGF0ZXN0IENoYW5nZVNldDogV2VkIEFwciAxOSAx
Mjo1NjoxNCAyMDIzICswMzAwIGdpdDozMjE2ODdiMjMxLWRpcnR5PGJyPg0KJmd0O8KgIMKgIMKg
IMKgJmd0OyAoWEVOKSBidWlsZC1pZDogYzE4NDcyNThmZGIxYjc5NTYyZmM3MTBkZGE0MDAwOGY5
NmMwZmRlNTxicj4NCiZndDvCoCDCoCDCoCDCoCZndDsgKFhFTikgUHJvY2Vzc29yOiAwMDAwMDAw
MDQxMGZkMDM0OiAmcXVvdDtBUk0gTGltaXRlZCZxdW90OywgdmFyaWFudDogMHgwLCBwYXJ0IDB4
ZDAzLHJldiAweDQ8YnI+DQomZ3Q7wqAgwqAgwqAgwqAmZ3Q7IChYRU4pIDY0LWJpdCBFeGVjdXRp
b246PGJyPg0KJmd0O8KgIMKgIMKgIMKgJmd0OyAoWEVOKSDCoCBQcm9jZXNzb3IgRmVhdHVyZXM6
IDAwMDAwMDAwMDAwMDIyMjIgMDAwMDAwMDAwMDAwMDAwMDxicj4NCiZndDvCoCDCoCDCoCDCoCZn
dDsgKFhFTikgwqAgwqAgRXhjZXB0aW9uIExldmVsczogRUwzOjY0KzMyIEVMMjo2NCszMiBFTDE6
NjQrMzIgRUwwOjY0KzMyPGJyPg0KJmd0O8KgIMKgIMKgIMKgJmd0OyAoWEVOKSDCoCDCoCBFeHRl
bnNpb25zOiBGbG9hdGluZ1BvaW50IEFkdmFuY2VkU0lNRDxicj4NCiZndDvCoCDCoCDCoCDCoCZn
dDsgKFhFTikgwqAgRGVidWcgRmVhdHVyZXM6IDAwMDAwMDAwMTAzMDUxMDYgMDAwMDAwMDAwMDAw
MDAwMDxicj4NCiZndDvCoCDCoCDCoCDCoCZndDsgKFhFTikgwqAgQXV4aWxpYXJ5IEZlYXR1cmVz
OiAwMDAwMDAwMDAwMDAwMDAwIDAwMDAwMDAwMDAwMDAwMDA8YnI+DQomZ3Q7wqAgwqAgwqAgwqAm
Z3Q7IChYRU4pIMKgIE1lbW9yeSBNb2RlbCBGZWF0dXJlczogMDAwMDAwMDAwMDAwMTEyMiAwMDAw
MDAwMDAwMDAwMDAwPGJyPg0KJmd0O8KgIMKgIMKgIMKgJmd0OyAoWEVOKSDCoCBJU0EgRmVhdHVy
ZXM6IMKgMDAwMDAwMDAwMDAxMTEyMCAwMDAwMDAwMDAwMDAwMDAwPGJyPg0KJmd0O8KgIMKgIMKg
IMKgJmd0OyAoWEVOKSAzMi1iaXQgRXhlY3V0aW9uOjxicj4NCiZndDvCoCDCoCDCoCDCoCZndDsg
KFhFTikgwqAgUHJvY2Vzc29yIEZlYXR1cmVzOiAwMDAwMDAwMDAwMDAwMTMxOjAwMDAwMDAwMDAw
MTEwMTE8YnI+DQomZ3Q7wqAgwqAgwqAgwqAmZ3Q7IChYRU4pIMKgIMKgIEluc3RydWN0aW9uIFNl
dHM6IEFBcmNoMzIgQTMyIFRodW1iIFRodW1iLTIgSmF6ZWxsZTxicj4NCiZndDvCoCDCoCDCoCDC
oCZndDsgKFhFTikgwqAgwqAgRXh0ZW5zaW9uczogR2VuZXJpY1RpbWVyIFNlY3VyaXR5PGJyPg0K
Jmd0O8KgIMKgIMKgIMKgJmd0OyAoWEVOKSDCoCBEZWJ1ZyBGZWF0dXJlczogMDAwMDAwMDAwMzAx
MDA2Njxicj4NCiZndDvCoCDCoCDCoCDCoCZndDsgKFhFTikgwqAgQXV4aWxpYXJ5IEZlYXR1cmVz
OiAwMDAwMDAwMDAwMDAwMDAwPGJyPg0KJmd0O8KgIMKgIMKgIMKgJmd0OyAoWEVOKSDCoCBNZW1v
cnkgTW9kZWwgRmVhdHVyZXM6IDAwMDAwMDAwMTAyMDExMDUgMDAwMDAwMDA0MDAwMDAwMDxicj4N
CiZndDvCoCDCoCDCoCDCoCZndDsgKFhFTikgwqAgwqAgwqAgwqAgwqAgwqAgwqAgwqAgwqAgwqAg
wqAgwqAgwqAwMDAwMDAwMDAxMjYwMDAwIDAwMDAwMDAwMDIxMDIyMTE8YnI+DQomZ3Q7wqAgwqAg
wqAgwqAmZ3Q7IChYRU4pIMKgIElTQSBGZWF0dXJlczogMDAwMDAwMDAwMjEwMTExMCAwMDAwMDAw
MDEzMTEyMTExIDAwMDAwMDAwMjEyMzIwNDI8YnI+DQomZ3Q7wqAgwqAgwqAgwqAmZ3Q7IChYRU4p
IMKgIMKgIMKgIMKgIMKgIMKgIMKgIMKgIDAwMDAwMDAwMDExMTIxMzEgMDAwMDAwMDAwMDAxMTE0
MiAwMDAwMDAwMDAwMDExMTIxPGJyPg0KJmd0O8KgIMKgIMKgIMKgJmd0OyAoWEVOKSBVc2luZyBT
TUMgQ2FsbGluZyBDb252ZW50aW9uIHYxLjI8YnI+DQomZ3Q7wqAgwqAgwqAgwqAmZ3Q7IChYRU4p
IFVzaW5nIFBTQ0kgdjEuMTxicj4NCiZndDvCoCDCoCDCoCDCoCZndDsgKFhFTikgU01QOiBBbGxv
d2luZyA0IENQVXM8YnI+DQomZ3Q7wqAgwqAgwqAgwqAmZ3Q7IChYRU4pIEdlbmVyaWMgVGltZXIg
SVJROiBwaHlzPTMwIGh5cD0yNiB2aXJ0PTI3IEZyZXE6IDEwMDAwMCBLSHo8YnI+DQomZ3Q7wqAg
wqAgwqAgwqAmZ3Q7IChYRU4pIEdJQ3YyIGluaXRpYWxpemF0aW9uOjxicj4NCiZndDvCoCDCoCDC
oCDCoCZndDsgKFhFTikgwqAgwqAgwqAgwqAgZ2ljX2Rpc3RfYWRkcj0wMDAwMDAwMGY5MDEwMDAw
PGJyPg0KJmd0O8KgIMKgIMKgIMKgJmd0OyAoWEVOKSDCoCDCoCDCoCDCoCBnaWNfY3B1X2FkZHI9
MDAwMDAwMDBmOTAyMDAwMDxicj4NCiZndDvCoCDCoCDCoCDCoCZndDsgKFhFTikgwqAgwqAgwqAg
wqAgZ2ljX2h5cF9hZGRyPTAwMDAwMDAwZjkwNDAwMDA8YnI+DQomZ3Q7wqAgwqAgwqAgwqAmZ3Q7
IChYRU4pIMKgIMKgIMKgIMKgIGdpY192Y3B1X2FkZHI9MDAwMDAwMDBmOTA2MDAwMDxicj4NCiZn
dDvCoCDCoCDCoCDCoCZndDsgKFhFTikgwqAgwqAgwqAgwqAgZ2ljX21haW50ZW5hbmNlX2lycT0y
NTxicj4NCiZndDvCoCDCoCDCoCDCoCZndDsgKFhFTikgR0lDdjI6IEFkanVzdGluZyBDUFUgaW50
ZXJmYWNlIGJhc2UgdG8gMHhmOTAyZjAwMDxicj4NCiZndDvCoCDCoCDCoCDCoCZndDsgKFhFTikg
R0lDdjI6IDE5MiBsaW5lcywgNCBjcHVzLCBzZWN1cmUgKElJRCAwMjAwMTQzYikuPGJyPg0KJmd0
O8KgIMKgIMKgIMKgJmd0OyAoWEVOKSBVc2luZyBzY2hlZHVsZXI6IG51bGwgU2NoZWR1bGVyIChu
dWxsKTxicj4NCiZndDvCoCDCoCDCoCDCoCZndDsgKFhFTikgSW5pdGlhbGl6aW5nIG51bGwgc2No
ZWR1bGVyPGJyPg0KJmd0O8KgIMKgIMKgIMKgJmd0OyAoWEVOKSBXQVJOSU5HOiBUaGlzIGlzIGV4
cGVyaW1lbnRhbCBzb2Z0d2FyZSBpbiBkZXZlbG9wbWVudC48YnI+DQomZ3Q7wqAgwqAgwqAgwqAm
Z3Q7IChYRU4pIFVzZSBhdCB5b3VyIG93biByaXNrLjxicj4NCiZndDvCoCDCoCDCoCDCoCZndDsg
KFhFTikgQWxsb2NhdGVkIGNvbnNvbGUgcmluZyBvZiAzMiBLaUIuPGJyPg0KJmd0O8KgIMKgIMKg
IMKgJmd0OyAoWEVOKSBDUFUwOiBHdWVzdCBhdG9taWNzIHdpbGwgdHJ5IDEyIHRpbWVzIGJlZm9y
ZSBwYXVzaW5nIHRoZSBkb21haW48YnI+DQomZ3Q7wqAgwqAgwqAgwqAmZ3Q7IChYRU4pIEJyaW5n
aW5nIHVwIENQVTE8YnI+DQomZ3Q7wqAgwqAgwqAgwqAmZ3Q7IChYRU4pIENQVTE6IEd1ZXN0IGF0
b21pY3Mgd2lsbCB0cnkgMTMgdGltZXMgYmVmb3JlIHBhdXNpbmcgdGhlIGRvbWFpbjxicj4NCiZn
dDvCoCDCoCDCoCDCoCZndDsgKFhFTikgQ1BVIDEgYm9vdGVkLjxicj4NCiZndDvCoCDCoCDCoCDC
oCZndDsgKFhFTikgQnJpbmdpbmcgdXAgQ1BVMjxicj4NCiZndDvCoCDCoCDCoCDCoCZndDsgKFhF
TikgQ1BVMjogR3Vlc3QgYXRvbWljcyB3aWxsIHRyeSAxMyB0aW1lcyBiZWZvcmUgcGF1c2luZyB0
aGUgZG9tYWluPGJyPg0KJmd0O8KgIMKgIMKgIMKgJmd0OyAoWEVOKSBDUFUgMiBib290ZWQuPGJy
Pg0KJmd0O8KgIMKgIMKgIMKgJmd0OyAoWEVOKSBCcmluZ2luZyB1cCBDUFUzPGJyPg0KJmd0O8Kg
IMKgIMKgIMKgJmd0OyAoWEVOKSBDUFUzOiBHdWVzdCBhdG9taWNzIHdpbGwgdHJ5IDEzIHRpbWVz
IGJlZm9yZSBwYXVzaW5nIHRoZSBkb21haW48YnI+DQomZ3Q7wqAgwqAgwqAgwqAmZ3Q7IChYRU4p
IEJyb3VnaHQgdXAgNCBDUFVzPGJyPg0KJmd0O8KgIMKgIMKgIMKgJmd0OyAoWEVOKSBDUFUgMyBi
b290ZWQuPGJyPg0KJmd0O8KgIMKgIMKgIMKgJmd0OyAoWEVOKSBzbW11OiAvYXhpL3NtbXVAZmQ4
MDAwMDA6IHByb2JpbmcgaGFyZHdhcmUgY29uZmlndXJhdGlvbi4uLjxicj4NCiZndDvCoCDCoCDC
oCDCoCZndDsgKFhFTikgc21tdTogL2F4aS9zbW11QGZkODAwMDAwOiBTTU1VdjIgd2l0aDo8YnI+
DQomZ3Q7wqAgwqAgwqAgwqAmZ3Q7IChYRU4pIHNtbXU6IC9heGkvc21tdUBmZDgwMDAwMDogc3Rh
Z2UgMiB0cmFuc2xhdGlvbjxicj4NCiZndDvCoCDCoCDCoCDCoCZndDsgKFhFTikgc21tdTogL2F4
aS9zbW11QGZkODAwMDAwOiBzdHJlYW0gbWF0Y2hpbmcgd2l0aCA0OCByZWdpc3RlciBncm91cHMs
IG1hc2sgMHg3ZmZmJmx0OzImZ3Q7c21tdTogL2F4aS9zbW11QGZkODAwMDAwOiAxNiBjb250ZXh0
PGJyPg0KJmd0O8KgIMKgIMKgIMKgYmFua3MgKDA8YnI+DQomZ3Q7wqAgwqAgwqAgwqAmZ3Q7IHN0
YWdlLTIgb25seSk8YnI+DQomZ3Q7wqAgwqAgwqAgwqAmZ3Q7IChYRU4pIHNtbXU6IC9heGkvc21t
dUBmZDgwMDAwMDogU3RhZ2UtMjogNDgtYml0IElQQSAtJmd0OyA0OC1iaXQgUEE8YnI+DQomZ3Q7
wqAgwqAgwqAgwqAmZ3Q7IChYRU4pIHNtbXU6IC9heGkvc21tdUBmZDgwMDAwMDogcmVnaXN0ZXJl
ZCAyOSBtYXN0ZXIgZGV2aWNlczxicj4NCiZndDvCoCDCoCDCoCDCoCZndDsgKFhFTikgSS9PIHZp
cnR1YWxpc2F0aW9uIGVuYWJsZWQ8YnI+DQomZ3Q7wqAgwqAgwqAgwqAmZ3Q7IChYRU4pIMKgLSBE
b20wIG1vZGU6IFJlbGF4ZWQ8YnI+DQomZ3Q7wqAgwqAgwqAgwqAmZ3Q7IChYRU4pIFAyTTogNDAt
Yml0IElQQSB3aXRoIDQwLWJpdCBQQSBhbmQgOC1iaXQgVk1JRDxicj4NCiZndDvCoCDCoCDCoCDC
oCZndDsgKFhFTikgUDJNOiAzIGxldmVscyB3aXRoIG9yZGVyLTEgcm9vdCwgVlRDUiAweDAwMDAw
MDAwODAwMjM1NTg8YnI+DQomZ3Q7wqAgwqAgwqAgwqAmZ3Q7IChYRU4pIFNjaGVkdWxpbmcgZ3Jh
bnVsYXJpdHk6IGNwdSwgMSBDUFUgcGVyIHNjaGVkLXJlc291cmNlPGJyPg0KJmd0O8KgIMKgIMKg
IMKgJmd0OyAoWEVOKSBhbHRlcm5hdGl2ZXM6IFBhdGNoaW5nIHdpdGggYWx0IHRhYmxlIDAwMDAw
MDAwMDAyY2M1YzggLSZndDsgMDAwMDAwMDAwMDJjY2IyYzxicj4NCiZndDvCoCDCoCDCoCDCoCZn
dDsgKFhFTikgKioqIExPQURJTkcgRE9NQUlOIDAgKioqPGJyPg0KJmd0O8KgIMKgIMKgIMKgJmd0
OyAoWEVOKSBMb2FkaW5nIGQwIGtlcm5lbCBmcm9tIGJvb3QgbW9kdWxlIEAgMDAwMDAwMDAwMTAw
MDAwMDxicj4NCiZndDvCoCDCoCDCoCDCoCZndDsgKFhFTikgTG9hZGluZyByYW1kaXNrIGZyb20g
Ym9vdCBtb2R1bGUgQCAwMDAwMDAwMDAyMDAwMDAwPGJyPg0KJmd0O8KgIMKgIMKgIMKgJmd0OyAo
WEVOKSBBbGxvY2F0aW5nIDE6MSBtYXBwaW5ncyB0b3RhbGxpbmcgMTYwME1CIGZvciBkb20wOjxi
cj4NCiZndDvCoCDCoCDCoCDCoCZndDsgKFhFTikgQkFOS1swXSAweDAwMDAwMDEwMDAwMDAwLTB4
MDAwMDAwMjAwMDAwMDAgKDI1Nk1CKTxicj4NCiZndDvCoCDCoCDCoCDCoCZndDsgKFhFTikgQkFO
S1sxXSAweDAwMDAwMDI0MDAwMDAwLTB4MDAwMDAwMjgwMDAwMDAgKDY0TUIpPGJyPg0KJmd0O8Kg
IMKgIMKgIMKgJmd0OyAoWEVOKSBCQU5LWzJdIDB4MDAwMDAwMzAwMDAwMDAtMHgwMDAwMDA4MDAw
MDAwMCAoMTI4ME1CKTxicj4NCiZndDvCoCDCoCDCoCDCoCZndDsgKFhFTikgR3JhbnQgdGFibGUg
cmFuZ2U6IDB4MDAwMDAwMDBlMDAwMDAtMHgwMDAwMDAwMGU0MDAwMDxicj4NCiZndDvCoCDCoCDC
oCDCoCZndDsgKFhFTikgc21tdTogL2F4aS9zbW11QGZkODAwMDAwOiBkMDogcDJtYWRkciAweDAw
MDAwMDA4N2JmOTQwMDA8YnI+DQomZ3Q7wqAgwqAgwqAgwqAmZ3Q7IChYRU4pIEFsbG9jYXRpbmcg
UFBJIDE2IGZvciBldmVudCBjaGFubmVsIGludGVycnVwdDxicj4NCiZndDvCoCDCoCDCoCDCoCZn
dDsgKFhFTikgRXh0ZW5kZWQgcmVnaW9uIDA6IDB4ODEyMDAwMDAtJmd0OzB4YTAwMDAwMDA8YnI+
DQomZ3Q7wqAgwqAgwqAgwqAmZ3Q7IChYRU4pIEV4dGVuZGVkIHJlZ2lvbiAxOiAweGIxMjAwMDAw
LSZndDsweGMwMDAwMDAwPGJyPg0KJmd0O8KgIMKgIMKgIMKgJmd0OyAoWEVOKSBFeHRlbmRlZCBy
ZWdpb24gMjogMHhjODAwMDAwMC0mZ3Q7MHhlMDAwMDAwMDxicj4NCiZndDvCoCDCoCDCoCDCoCZn
dDsgKFhFTikgRXh0ZW5kZWQgcmVnaW9uIDM6IDB4ZjAwMDAwMDAtJmd0OzB4ZjkwMDAwMDA8YnI+
DQomZ3Q7wqAgwqAgwqAgwqAmZ3Q7IChYRU4pIEV4dGVuZGVkIHJlZ2lvbiA0OiAweDEwMDAwMDAw
MC0mZ3Q7MHg2MDAwMDAwMDA8YnI+DQomZ3Q7wqAgwqAgwqAgwqAmZ3Q7IChYRU4pIEV4dGVuZGVk
IHJlZ2lvbiA1OiAweDg4MDAwMDAwMC0mZ3Q7MHg4MDAwMDAwMDAwPGJyPg0KJmd0O8KgIMKgIMKg
IMKgJmd0OyAoWEVOKSBFeHRlbmRlZCByZWdpb24gNjogMHg4MDAxMDAwMDAwLSZndDsweDEwMDAw
MDAwMDAwPGJyPg0KJmd0O8KgIMKgIMKgIMKgJmd0OyAoWEVOKSBMb2FkaW5nIHpJbWFnZSBmcm9t
IDAwMDAwMDAwMDEwMDAwMDAgdG8gMDAwMDAwMDAxMDAwMDAwMC0wMDAwMDAwMDEwZTQxMDA4PGJy
Pg0KJmd0O8KgIMKgIMKgIMKgJmd0OyAoWEVOKSBMb2FkaW5nIGQwIGluaXRyZCBmcm9tIDAwMDAw
MDAwMDIwMDAwMDAgdG8gMHgwMDAwMDAwMDEzNjAwMDAwLTB4MDAwMDAwMDAxZmYzYTYxNzxicj4N
CiZndDvCoCDCoCDCoCDCoCZndDsgKFhFTikgTG9hZGluZyBkMCBEVEIgdG8gMHgwMDAwMDAwMDEz
NDAwMDAwLTB4MDAwMDAwMDAxMzQwY2JkYzxicj4NCiZndDvCoCDCoCDCoCDCoCZndDsgKFhFTikg
SW5pdGlhbCBsb3cgbWVtb3J5IHZpcnEgdGhyZXNob2xkIHNldCBhdCAweDQwMDAgcGFnZXMuPGJy
Pg0KJmd0O8KgIMKgIMKgIMKgJmd0OyAoWEVOKSBTdGQuIExvZ2xldmVsOiBBbGw8YnI+DQomZ3Q7
wqAgwqAgwqAgwqAmZ3Q7IChYRU4pIEd1ZXN0IExvZ2xldmVsOiBBbGw8YnI+DQomZ3Q7wqAgwqAg
wqAgwqAmZ3Q7IChYRU4pICoqKiBTZXJpYWwgaW5wdXQgdG8gRE9NMCAodHlwZSAmIzM5O0NUUkwt
YSYjMzk7IHRocmVlIHRpbWVzIHRvIHN3aXRjaCBpbnB1dCk8YnI+DQomZ3Q7wqAgwqAgwqAgwqAm
Z3Q7IChYRU4pIG51bGwuYzozNTM6IDAgJmx0Oy0tIGQwdjA8YnI+DQomZ3Q7wqAgwqAgwqAgwqAm
Z3Q7IChYRU4pIEZyZWVkIDM1NmtCIGluaXQgbWVtb3J5Ljxicj4NCiZndDvCoCDCoCDCoCDCoCZn
dDsgKFhFTikgZDB2MCBVbmhhbmRsZWQgU01DL0hWQzogMHg4NDAwMDA1MDxicj4NCiZndDvCoCDC
oCDCoCDCoCZndDsgKFhFTikgZDB2MCBVbmhhbmRsZWQgU01DL0hWQzogMHg4NjAwZmYwMTxicj4N
CiZndDvCoCDCoCDCoCDCoCZndDsgKFhFTikgZDB2MDogdkdJQ0Q6IHVuaGFuZGxlZCB3b3JkIHdy
aXRlIDB4MDAwMDAwZmZmZmZmZmYgdG8gSUNBQ1RJVkVSNDxicj4NCiZndDvCoCDCoCDCoCDCoCZn
dDsgKFhFTikgZDB2MDogdkdJQ0Q6IHVuaGFuZGxlZCB3b3JkIHdyaXRlIDB4MDAwMDAwZmZmZmZm
ZmYgdG8gSUNBQ1RJVkVSODxicj4NCiZndDvCoCDCoCDCoCDCoCZndDsgKFhFTikgZDB2MDogdkdJ
Q0Q6IHVuaGFuZGxlZCB3b3JkIHdyaXRlIDB4MDAwMDAwZmZmZmZmZmYgdG8gSUNBQ1RJVkVSMTI8
YnI+DQomZ3Q7wqAgwqAgwqAgwqAmZ3Q7IChYRU4pIGQwdjA6IHZHSUNEOiB1bmhhbmRsZWQgd29y
ZCB3cml0ZSAweDAwMDAwMGZmZmZmZmZmIHRvIElDQUNUSVZFUjE2PGJyPg0KJmd0O8KgIMKgIMKg
IMKgJmd0OyAoWEVOKSBkMHYwOiB2R0lDRDogdW5oYW5kbGVkIHdvcmQgd3JpdGUgMHgwMDAwMDBm
ZmZmZmZmZiB0byBJQ0FDVElWRVIyMDxicj4NCiZndDvCoCDCoCDCoCDCoCZndDsgKFhFTikgZDB2
MDogdkdJQ0Q6IHVuaGFuZGxlZCB3b3JkIHdyaXRlIDB4MDAwMDAwZmZmZmZmZmYgdG8gSUNBQ1RJ
VkVSMDxicj4NCiZndDvCoCDCoCDCoCDCoCZndDsgWyDCoCDCoDAuMDAwMDAwXSBCb290aW5nIExp
bnV4IG9uIHBoeXNpY2FsIENQVSAweDAwMDAwMDAwMDAgWzB4NDEwZmQwMzRdPGJyPg0KJmd0O8Kg
IMKgIMKgIMKgJmd0OyBbIMKgIMKgMC4wMDAwMDBdIExpbnV4IHZlcnNpb24gNS4xNS43Mi14aWxp
bngtdjIwMjIuMSAob2UtdXNlckBvZS1ob3N0KSAoYWFyY2g2NC1wb3J0YWJsZS1saW51eC1nY2Mg
KEdDQykgMTEuMy4wLCBHTlUgbGQgKEdOVTxicj4NCiZndDvCoCDCoCDCoCDCoEJpbnV0aWxzKTxi
cj4NCiZndDvCoCDCoCDCoCDCoCZndDsgMi4zOC4yMDIyMDcwOCkgIzEgU01QIFR1ZSBGZWIgMjEg
MDU6NDc6NTQgVVRDIDIwMjM8YnI+DQomZ3Q7wqAgwqAgwqAgwqAmZ3Q7IFsgwqAgwqAwLjAwMDAw
MF0gTWFjaGluZSBtb2RlbDogRDE0IFZpcGVyIEJvYXJkIC0gV2hpdGUgVW5pdDxicj4NCiZndDvC
oCDCoCDCoCDCoCZndDsgWyDCoCDCoDAuMDAwMDAwXSBYZW4gNC4xNiBzdXBwb3J0IGZvdW5kPGJy
Pg0KJmd0O8KgIMKgIMKgIMKgJmd0OyBbIMKgIMKgMC4wMDAwMDBdIFpvbmUgcmFuZ2VzOjxicj4N
CiZndDvCoCDCoCDCoCDCoCZndDsgWyDCoCDCoDAuMDAwMDAwXSDCoCBETUEgwqAgwqAgwqBbbWVt
IDB4MDAwMDAwMDAxMDAwMDAwMC0weDAwMDAwMDAwN2ZmZmZmZmZdPGJyPg0KJmd0O8KgIMKgIMKg
IMKgJmd0OyBbIMKgIMKgMC4wMDAwMDBdIMKgIERNQTMyIMKgIMKgZW1wdHk8YnI+DQomZ3Q7wqAg
wqAgwqAgwqAmZ3Q7IFsgwqAgwqAwLjAwMDAwMF0gwqAgTm9ybWFsIMKgIGVtcHR5PGJyPg0KJmd0
O8KgIMKgIMKgIMKgJmd0OyBbIMKgIMKgMC4wMDAwMDBdIE1vdmFibGUgem9uZSBzdGFydCBmb3Ig
ZWFjaCBub2RlPGJyPg0KJmd0O8KgIMKgIMKgIMKgJmd0OyBbIMKgIMKgMC4wMDAwMDBdIEVhcmx5
IG1lbW9yeSBub2RlIHJhbmdlczxicj4NCiZndDvCoCDCoCDCoCDCoCZndDsgWyDCoCDCoDAuMDAw
MDAwXSDCoCBub2RlIMKgIDA6IFttZW0gMHgwMDAwMDAwMDEwMDAwMDAwLTB4MDAwMDAwMDAxZmZm
ZmZmZl08YnI+DQomZ3Q7wqAgwqAgwqAgwqAmZ3Q7IFsgwqAgwqAwLjAwMDAwMF0gwqAgbm9kZSDC
oCAwOiBbbWVtIDB4MDAwMDAwMDAyMjAwMDAwMC0weDAwMDAwMDAwMjIxNDdmZmZdPGJyPg0KJmd0
O8KgIMKgIMKgIMKgJmd0OyBbIMKgIMKgMC4wMDAwMDBdIMKgIG5vZGUgwqAgMDogW21lbSAweDAw
MDAwMDAwMjIyMDAwMDAtMHgwMDAwMDAwMDIyMzQ3ZmZmXTxicj4NCiZndDvCoCDCoCDCoCDCoCZn
dDsgWyDCoCDCoDAuMDAwMDAwXSDCoCBub2RlIMKgIDA6IFttZW0gMHgwMDAwMDAwMDI0MDAwMDAw
LTB4MDAwMDAwMDAyN2ZmZmZmZl08YnI+DQomZ3Q7wqAgwqAgwqAgwqAmZ3Q7IFsgwqAgwqAwLjAw
MDAwMF0gwqAgbm9kZSDCoCAwOiBbbWVtIDB4MDAwMDAwMDAzMDAwMDAwMC0weDAwMDAwMDAwN2Zm
ZmZmZmZdPGJyPg0KJmd0O8KgIMKgIMKgIMKgJmd0OyBbIMKgIMKgMC4wMDAwMDBdIEluaXRtZW0g
c2V0dXAgbm9kZSAwIFttZW0gMHgwMDAwMDAwMDEwMDAwMDAwLTB4MDAwMDAwMDA3ZmZmZmZmZl08
YnI+DQomZ3Q7wqAgwqAgwqAgwqAmZ3Q7IFsgwqAgwqAwLjAwMDAwMF0gT24gbm9kZSAwLCB6b25l
IERNQTogODE5MiBwYWdlcyBpbiB1bmF2YWlsYWJsZSByYW5nZXM8YnI+DQomZ3Q7wqAgwqAgwqAg
wqAmZ3Q7IFsgwqAgwqAwLjAwMDAwMF0gT24gbm9kZSAwLCB6b25lIERNQTogMTg0IHBhZ2VzIGlu
IHVuYXZhaWxhYmxlIHJhbmdlczxicj4NCiZndDvCoCDCoCDCoCDCoCZndDsgWyDCoCDCoDAuMDAw
MDAwXSBPbiBub2RlIDAsIHpvbmUgRE1BOiA3MzUyIHBhZ2VzIGluIHVuYXZhaWxhYmxlIHJhbmdl
czxicj4NCiZndDvCoCDCoCDCoCDCoCZndDsgWyDCoCDCoDAuMDAwMDAwXSBjbWE6IFJlc2VydmVk
IDI1NiBNaUIgYXQgMHgwMDAwMDAwMDZlMDAwMDAwPGJyPg0KJmd0O8KgIMKgIMKgIMKgJmd0OyBb
IMKgIMKgMC4wMDAwMDBdIHBzY2k6IHByb2JpbmcgZm9yIGNvbmR1aXQgbWV0aG9kIGZyb20gRFQu
PGJyPg0KJmd0O8KgIMKgIMKgIMKgJmd0OyBbIMKgIMKgMC4wMDAwMDBdIHBzY2k6IFBTQ0l2MS4x
IGRldGVjdGVkIGluIGZpcm13YXJlLjxicj4NCiZndDvCoCDCoCDCoCDCoCZndDsgWyDCoCDCoDAu
MDAwMDAwXSBwc2NpOiBVc2luZyBzdGFuZGFyZCBQU0NJIHYwLjIgZnVuY3Rpb24gSURzPGJyPg0K
Jmd0O8KgIMKgIMKgIMKgJmd0OyBbIMKgIMKgMC4wMDAwMDBdIHBzY2k6IFRydXN0ZWQgT1MgbWln
cmF0aW9uIG5vdCByZXF1aXJlZDxicj4NCiZndDvCoCDCoCDCoCDCoCZndDsgWyDCoCDCoDAuMDAw
MDAwXSBwc2NpOiBTTUMgQ2FsbGluZyBDb252ZW50aW9uIHYxLjE8YnI+DQomZ3Q7wqAgwqAgwqAg
wqAmZ3Q7IFsgwqAgwqAwLjAwMDAwMF0gcGVyY3B1OiBFbWJlZGRlZCAxNiBwYWdlcy9jcHUgczMy
NzkyIHIwIGQzMjc0NCB1NjU1MzY8YnI+DQomZ3Q7wqAgwqAgwqAgwqAmZ3Q7IFsgwqAgwqAwLjAw
MDAwMF0gRGV0ZWN0ZWQgVklQVCBJLWNhY2hlIG9uIENQVTA8YnI+DQomZ3Q7wqAgwqAgwqAgwqAm
Z3Q7IFsgwqAgwqAwLjAwMDAwMF0gQ1BVIGZlYXR1cmVzOiBrZXJuZWwgcGFnZSB0YWJsZSBpc29s
YXRpb24gZm9yY2VkIE9OIGJ5IEtBU0xSPGJyPg0KJmd0O8KgIMKgIMKgIMKgJmd0OyBbIMKgIMKg
MC4wMDAwMDBdIENQVSBmZWF0dXJlczogZGV0ZWN0ZWQ6IEtlcm5lbCBwYWdlIHRhYmxlIGlzb2xh
dGlvbiAoS1BUSSk8YnI+DQomZ3Q7wqAgwqAgwqAgwqAmZ3Q7IFsgwqAgwqAwLjAwMDAwMF0gQnVp
bHQgMSB6b25lbGlzdHMsIG1vYmlsaXR5IGdyb3VwaW5nIG9uLsKgIFRvdGFsIHBhZ2VzOiA0MDM4
NDU8YnI+DQomZ3Q7wqAgwqAgwqAgwqAmZ3Q7IFsgwqAgwqAwLjAwMDAwMF0gS2VybmVsIGNvbW1h
bmQgbGluZTogY29uc29sZT1odmMwIGVhcmx5Y29uPXhlbiBlYXJseXByaW50az14ZW4gY2xrX2ln
bm9yZV91bnVzZWQgZmlwcz0xIHJvb3Q9L2Rldi9yYW0wPGJyPg0KJmd0O8KgIMKgIMKgIMKgbWF4
Y3B1cz0yPGJyPg0KJmd0O8KgIMKgIMKgIMKgJmd0OyBbIMKgIMKgMC4wMDAwMDBdIFVua25vd24g
a2VybmVsIGNvbW1hbmQgbGluZSBwYXJhbWV0ZXJzICZxdW90O2Vhcmx5cHJpbnRrPXhlbiBmaXBz
PTEmcXVvdDssIHdpbGwgYmUgcGFzc2VkIHRvIHVzZXIgc3BhY2UuPGJyPg0KJmd0O8KgIMKgIMKg
IMKgJmd0OyBbIMKgIMKgMC4wMDAwMDBdIERlbnRyeSBjYWNoZSBoYXNoIHRhYmxlIGVudHJpZXM6
IDI2MjE0NCAob3JkZXI6IDksIDIwOTcxNTIgYnl0ZXMsIGxpbmVhcik8YnI+DQomZ3Q7wqAgwqAg
wqAgwqAmZ3Q7IFsgwqAgwqAwLjAwMDAwMF0gSW5vZGUtY2FjaGUgaGFzaCB0YWJsZSBlbnRyaWVz
OiAxMzEwNzIgKG9yZGVyOiA4LCAxMDQ4NTc2IGJ5dGVzLCBsaW5lYXIpPGJyPg0KJmd0O8KgIMKg
IMKgIMKgJmd0OyBbIMKgIMKgMC4wMDAwMDBdIG1lbSBhdXRvLWluaXQ6IHN0YWNrOm9mZiwgaGVh
cCBhbGxvYzpvbiwgaGVhcCBmcmVlOm9uPGJyPg0KJmd0O8KgIMKgIMKgIMKgJmd0OyBbIMKgIMKg
MC4wMDAwMDBdIG1lbSBhdXRvLWluaXQ6IGNsZWFyaW5nIHN5c3RlbSBtZW1vcnkgbWF5IHRha2Ug
c29tZSB0aW1lLi4uPGJyPg0KJmd0O8KgIMKgIMKgIMKgJmd0OyBbIMKgIMKgMC4wMDAwMDBdIE1l
bW9yeTogMTEyMTkzNksvMTY0MTAyNEsgYXZhaWxhYmxlICg5NzI4SyBrZXJuZWwgY29kZSwgODM2
SyByd2RhdGEsIDIzOTZLIHJvZGF0YSwgMTUzNksgaW5pdCwgMjYySyBic3MsPGJyPg0KJmd0O8Kg
IMKgIMKgIMKgMjU2OTQ0SyByZXNlcnZlZCw8YnI+DQomZ3Q7wqAgwqAgwqAgwqAmZ3Q7IDI2MjE0
NEsgY21hLXJlc2VydmVkKTxicj4NCiZndDvCoCDCoCDCoCDCoCZndDsgWyDCoCDCoDAuMDAwMDAw
XSBTTFVCOiBIV2FsaWduPTY0LCBPcmRlcj0wLTMsIE1pbk9iamVjdHM9MCwgQ1BVcz0yLCBOb2Rl
cz0xPGJyPg0KJmd0O8KgIMKgIMKgIMKgJmd0OyBbIMKgIMKgMC4wMDAwMDBdIHJjdTogSGllcmFy
Y2hpY2FsIFJDVSBpbXBsZW1lbnRhdGlvbi48YnI+DQomZ3Q7wqAgwqAgwqAgwqAmZ3Q7IFsgwqAg
wqAwLjAwMDAwMF0gcmN1OiBSQ1UgZXZlbnQgdHJhY2luZyBpcyBlbmFibGVkLjxicj4NCiZndDvC
oCDCoCDCoCDCoCZndDsgWyDCoCDCoDAuMDAwMDAwXSByY3U6IFJDVSByZXN0cmljdGluZyBDUFVz
IGZyb20gTlJfQ1BVUz04IHRvIG5yX2NwdV9pZHM9Mi48YnI+DQomZ3Q7wqAgwqAgwqAgwqAmZ3Q7
IFsgwqAgwqAwLjAwMDAwMF0gcmN1OiBSQ1UgY2FsY3VsYXRlZCB2YWx1ZSBvZiBzY2hlZHVsZXIt
ZW5saXN0bWVudCBkZWxheSBpcyAyNSBqaWZmaWVzLjxicj4NCiZndDvCoCDCoCDCoCDCoCZndDsg
WyDCoCDCoDAuMDAwMDAwXSByY3U6IEFkanVzdGluZyBnZW9tZXRyeSBmb3IgcmN1X2Zhbm91dF9s
ZWFmPTE2LCBucl9jcHVfaWRzPTI8YnI+DQomZ3Q7wqAgwqAgwqAgwqAmZ3Q7IFsgwqAgwqAwLjAw
MDAwMF0gTlJfSVJRUzogNjQsIG5yX2lycXM6IDY0LCBwcmVhbGxvY2F0ZWQgaXJxczogMDxicj4N
CiZndDvCoCDCoCDCoCDCoCZndDsgWyDCoCDCoDAuMDAwMDAwXSBSb290IElSUSBoYW5kbGVyOiBn
aWNfaGFuZGxlX2lycTxicj4NCiZndDvCoCDCoCDCoCDCoCZndDsgWyDCoCDCoDAuMDAwMDAwXSBh
cmNoX3RpbWVyOiBjcDE1IHRpbWVyKHMpIHJ1bm5pbmcgYXQgMTAwLjAwTUh6ICh2aXJ0KS48YnI+
DQomZ3Q7wqAgwqAgwqAgwqAmZ3Q7IFsgwqAgwqAwLjAwMDAwMF0gY2xvY2tzb3VyY2U6IGFyY2hf
c3lzX2NvdW50ZXI6IG1hc2s6IDB4ZmZmZmZmZmZmZmZmZmYgbWF4X2N5Y2xlczogMHgxNzEwMjRl
N2UwLCBtYXhfaWRsZV9uczogNDQwNzk1MjA1MzE1IG5zPGJyPg0KJmd0O8KgIMKgIMKgIMKgJmd0
OyBbIMKgIMKgMC4wMDAwMDBdIHNjaGVkX2Nsb2NrOiA1NiBiaXRzIGF0IDEwME1IeiwgcmVzb2x1
dGlvbiAxMG5zLCB3cmFwcyBldmVyeSA0Mzk4MDQ2NTExMTAwbnM8YnI+DQomZ3Q7wqAgwqAgwqAg
wqAmZ3Q7IFsgwqAgwqAwLjAwMDI1OF0gQ29uc29sZTogY29sb3VyIGR1bW15IGRldmljZSA4MHgy
NTxicj4NCiZndDvCoCDCoCDCoCDCoCZndDsgWyDCoCDCoDAuMzEwMjMxXSBwcmludGs6IGNvbnNv
bGUgW2h2YzBdIGVuYWJsZWQ8YnI+DQomZ3Q7wqAgwqAgwqAgwqAmZ3Q7IFsgwqAgwqAwLjMxNDQw
M10gQ2FsaWJyYXRpbmcgZGVsYXkgbG9vcCAoc2tpcHBlZCksIHZhbHVlIGNhbGN1bGF0ZWQgdXNp
bmcgdGltZXIgZnJlcXVlbmN5Li4gMjAwLjAwIEJvZ29NSVBTIChscGo9NDAwMDAwKTxicj4NCiZn
dDvCoCDCoCDCoCDCoCZndDsgWyDCoCDCoDAuMzI0ODUxXSBwaWRfbWF4OiBkZWZhdWx0OiAzMjc2
OCBtaW5pbXVtOiAzMDE8YnI+DQomZ3Q7wqAgwqAgwqAgwqAmZ3Q7IFsgwqAgwqAwLjMyOTcwNl0g
TFNNOiBTZWN1cml0eSBGcmFtZXdvcmsgaW5pdGlhbGl6aW5nPGJyPg0KJmd0O8KgIMKgIMKgIMKg
Jmd0OyBbIMKgIMKgMC4zMzQyMDRdIFlhbWE6IGJlY29taW5nIG1pbmRmdWwuPGJyPg0KJmd0O8Kg
IMKgIMKgIMKgJmd0OyBbIMKgIMKgMC4zMzc4NjVdIE1vdW50LWNhY2hlIGhhc2ggdGFibGUgZW50
cmllczogNDA5NiAob3JkZXI6IDMsIDMyNzY4IGJ5dGVzLCBsaW5lYXIpPGJyPg0KJmd0O8KgIMKg
IMKgIMKgJmd0OyBbIMKgIMKgMC4zNDUxODBdIE1vdW50cG9pbnQtY2FjaGUgaGFzaCB0YWJsZSBl
bnRyaWVzOiA0MDk2IChvcmRlcjogMywgMzI3NjggYnl0ZXMsIGxpbmVhcik8YnI+DQomZ3Q7wqAg
wqAgwqAgwqAmZ3Q7IFsgwqAgwqAwLjM1NDc0M10geGVuOmdyYW50X3RhYmxlOiBHcmFudCB0YWJs
ZXMgdXNpbmcgdmVyc2lvbiAxIGxheW91dDxicj4NCiZndDvCoCDCoCDCoCDCoCZndDsgWyDCoCDC
oDAuMzU5MTMyXSBHcmFudCB0YWJsZSBpbml0aWFsaXplZDxicj4NCiZndDvCoCDCoCDCoCDCoCZn
dDsgWyDCoCDCoDAuMzYyNjY0XSB4ZW46ZXZlbnRzOiBVc2luZyBGSUZPLWJhc2VkIEFCSTxicj4N
CiZndDvCoCDCoCDCoCDCoCZndDsgWyDCoCDCoDAuMzY2OTkzXSBYZW46IGluaXRpYWxpemluZyBj
cHUwPGJyPg0KJmd0O8KgIMKgIMKgIMKgJmd0OyBbIMKgIMKgMC4zNzA1MTVdIHJjdTogSGllcmFy
Y2hpY2FsIFNSQ1UgaW1wbGVtZW50YXRpb24uPGJyPg0KJmd0O8KgIMKgIMKgIMKgJmd0OyBbIMKg
IMKgMC4zNzU5MzBdIHNtcDogQnJpbmdpbmcgdXAgc2Vjb25kYXJ5IENQVXMgLi4uPGJyPg0KJmd0
O8KgIMKgIMKgIMKgJmd0OyAoWEVOKSBudWxsLmM6MzUzOiAxICZsdDstLSBkMHYxPGJyPg0KJmd0
O8KgIMKgIMKgIMKgJmd0OyAoWEVOKSBkMHYxOiB2R0lDRDogdW5oYW5kbGVkIHdvcmQgd3JpdGUg
MHgwMDAwMDBmZmZmZmZmZiB0byBJQ0FDVElWRVIwPGJyPg0KJmd0O8KgIMKgIMKgIMKgJmd0OyBb
IMKgIMKgMC4zODI1NDldIERldGVjdGVkIFZJUFQgSS1jYWNoZSBvbiBDUFUxPGJyPg0KJmd0O8Kg
IMKgIMKgIMKgJmd0OyBbIMKgIMKgMC4zODg3MTJdIFhlbjogaW5pdGlhbGl6aW5nIGNwdTE8YnI+
DQomZ3Q7wqAgwqAgwqAgwqAmZ3Q7IFsgwqAgwqAwLjM4ODc0M10gQ1BVMTogQm9vdGVkIHNlY29u
ZGFyeSBwcm9jZXNzb3IgMHgwMDAwMDAwMDAxIFsweDQxMGZkMDM0XTxicj4NCiZndDvCoCDCoCDC
oCDCoCZndDsgWyDCoCDCoDAuMzg4ODI5XSBzbXA6IEJyb3VnaHQgdXAgMSBub2RlLCAyIENQVXM8
YnI+DQomZ3Q7wqAgwqAgwqAgwqAmZ3Q7IFsgwqAgwqAwLjQwNjk0MV0gU01QOiBUb3RhbCBvZiAy
IHByb2Nlc3NvcnMgYWN0aXZhdGVkLjxicj4NCiZndDvCoCDCoCDCoCDCoCZndDsgWyDCoCDCoDAu
NDExNjk4XSBDUFUgZmVhdHVyZXM6IGRldGVjdGVkOiAzMi1iaXQgRUwwIFN1cHBvcnQ8YnI+DQom
Z3Q7wqAgwqAgwqAgwqAmZ3Q7IFsgwqAgwqAwLjQxNjg4OF0gQ1BVIGZlYXR1cmVzOiBkZXRlY3Rl
ZDogQ1JDMzIgaW5zdHJ1Y3Rpb25zPGJyPg0KJmd0O8KgIMKgIMKgIMKgJmd0OyBbIMKgIMKgMC40
MjIxMjFdIENQVTogQWxsIENQVShzKSBzdGFydGVkIGF0IEVMMTxicj4NCiZndDvCoCDCoCDCoCDC
oCZndDsgWyDCoCDCoDAuNDI2MjQ4XSBhbHRlcm5hdGl2ZXM6IHBhdGNoaW5nIGtlcm5lbCBjb2Rl
PGJyPg0KJmd0O8KgIMKgIMKgIMKgJmd0OyBbIMKgIMKgMC40MzE0MjRdIGRldnRtcGZzOiBpbml0
aWFsaXplZDxicj4NCiZndDvCoCDCoCDCoCDCoCZndDsgWyDCoCDCoDAuNDQxNDU0XSBLQVNMUiBl
bmFibGVkPGJyPg0KJmd0O8KgIMKgIMKgIMKgJmd0OyBbIMKgIMKgMC40NDE2MDJdIGNsb2Nrc291
cmNlOiBqaWZmaWVzOiBtYXNrOiAweGZmZmZmZmZmIG1heF9jeWNsZXM6IDB4ZmZmZmZmZmYsIG1h
eF9pZGxlX25zOiA3NjQ1MDQxNzg1MTAwMDAwIG5zPGJyPg0KJmd0O8KgIMKgIMKgIMKgJmd0OyBb
IMKgIMKgMC40NDgzMjFdIGZ1dGV4IGhhc2ggdGFibGUgZW50cmllczogNTEyIChvcmRlcjogMywg
MzI3NjggYnl0ZXMsIGxpbmVhcik8YnI+DQomZ3Q7wqAgwqAgwqAgwqAmZ3Q7IFsgwqAgwqAwLjQ5
NjE4M10gTkVUOiBSZWdpc3RlcmVkIFBGX05FVExJTksvUEZfUk9VVEUgcHJvdG9jb2wgZmFtaWx5
PGJyPg0KJmd0O8KgIMKgIMKgIMKgJmd0OyBbIMKgIMKgMC40OTgyNzddIERNQTogcHJlYWxsb2Nh
dGVkIDI1NiBLaUIgR0ZQX0tFUk5FTCBwb29sIGZvciBhdG9taWMgYWxsb2NhdGlvbnM8YnI+DQom
Z3Q7wqAgwqAgwqAgwqAmZ3Q7IFsgwqAgwqAwLjUwMzc3Ml0gRE1BOiBwcmVhbGxvY2F0ZWQgMjU2
IEtpQiBHRlBfS0VSTkVMfEdGUF9ETUEgcG9vbCBmb3IgYXRvbWljIGFsbG9jYXRpb25zPGJyPg0K
Jmd0O8KgIMKgIMKgIMKgJmd0OyBbIMKgIMKgMC41MTE2MTBdIERNQTogcHJlYWxsb2NhdGVkIDI1
NiBLaUIgR0ZQX0tFUk5FTHxHRlBfRE1BMzIgcG9vbCBmb3IgYXRvbWljIGFsbG9jYXRpb25zPGJy
Pg0KJmd0O8KgIMKgIMKgIMKgJmd0OyBbIMKgIMKgMC41MTk0NzhdIGF1ZGl0OiBpbml0aWFsaXpp
bmcgbmV0bGluayBzdWJzeXMgKGRpc2FibGVkKTxicj4NCiZndDvCoCDCoCDCoCDCoCZndDsgWyDC
oCDCoDAuNTI0OTg1XSBhdWRpdDogdHlwZT0yMDAwIGF1ZGl0KDAuMzM2OjEpOiBzdGF0ZT1pbml0
aWFsaXplZCBhdWRpdF9lbmFibGVkPTAgcmVzPTE8YnI+DQomZ3Q7wqAgwqAgwqAgwqAmZ3Q7IFsg
wqAgwqAwLjUyOTE2OV0gdGhlcm1hbF9zeXM6IFJlZ2lzdGVyZWQgdGhlcm1hbCBnb3Zlcm5vciAm
IzM5O3N0ZXBfd2lzZSYjMzk7PGJyPg0KJmd0O8KgIMKgIMKgIMKgJmd0OyBbIMKgIMKgMC41MzMw
MjNdIGh3LWJyZWFrcG9pbnQ6IGZvdW5kIDYgYnJlYWtwb2ludCBhbmQgNCB3YXRjaHBvaW50IHJl
Z2lzdGVycy48YnI+DQomZ3Q7wqAgwqAgwqAgwqAmZ3Q7IFsgwqAgwqAwLjU0NTYwOF0gQVNJRCBh
bGxvY2F0b3IgaW5pdGlhbGlzZWQgd2l0aCAzMjc2OCBlbnRyaWVzPGJyPg0KJmd0O8KgIMKgIMKg
IMKgJmd0OyBbIMKgIMKgMC41NTEwMzBdIHhlbjpzd2lvdGxiX3hlbjogV2FybmluZzogb25seSBh
YmxlIHRvIGFsbG9jYXRlIDQgTUIgZm9yIHNvZnR3YXJlIElPIFRMQjxicj4NCiZndDvCoCDCoCDC
oCDCoCZndDsgWyDCoCDCoDAuNTU5MzMyXSBzb2Z0d2FyZSBJTyBUTEI6IG1hcHBlZCBbbWVtIDB4
MDAwMDAwMDAxMTgwMDAwMC0weDAwMDAwMDAwMTFjMDAwMDBdICg0TUIpPGJyPg0KJmd0O8KgIMKg
IMKgIMKgJmd0OyBbIMKgIMKgMC41ODM1NjVdIEh1Z2VUTEIgcmVnaXN0ZXJlZCAxLjAwIEdpQiBw
YWdlIHNpemUsIHByZS1hbGxvY2F0ZWQgMCBwYWdlczxicj4NCiZndDvCoCDCoCDCoCDCoCZndDsg
