Return-Path: <xen-devel-bounces@lists.xenproject.org>
X-Original-To: lists+xen-devel@lfdr.de
Delivered-To: lists+xen-devel@lfdr.de
Received: from lists.xenproject.org (lists.xenproject.org [192.237.175.120])
	by mail.lfdr.de (Postfix) with ESMTPS id 28B6B9E07A6
	for <lists+xen-devel@lfdr.de>; Mon,  2 Dec 2024 16:55:02 +0100 (CET)
Received: from list by lists.xenproject.org with outflank-mailman.846747.1261895 (Exim 4.92)
	(envelope-from <xen-devel-bounces@lists.xenproject.org>)
	id 1tI8ks-0007aS-R9; Mon, 02 Dec 2024 15:54:34 +0000
X-Outflank-Mailman: Message body and most headers restored to incoming version
Received: by outflank-mailman (output) from mailman id 846747.1261895; Mon, 02 Dec 2024 15:54:34 +0000
Received: from localhost ([127.0.0.1] helo=lists.xenproject.org)
	by lists.xenproject.org with esmtp (Exim 4.92)
	(envelope-from <xen-devel-bounces@lists.xenproject.org>)
	id 1tI8ks-0007XJ-N6; Mon, 02 Dec 2024 15:54:34 +0000
Received: by outflank-mailman (input) for mailman id 846747;
 Mon, 02 Dec 2024 15:54:33 +0000
Received: from se1-gles-flk1-in.inumbo.com ([94.247.172.50]
 helo=se1-gles-flk1.inumbo.com)
 by lists.xenproject.org with esmtp (Exim 4.92) (envelope-from
 <SRS0=3sBX=S3=dingwall.me.uk=james@srs-se1.protection.inumbo.net>)
 id 1tI8kq-0007XD-6f
 for xen-devel@lists.xen.org; Mon, 02 Dec 2024 15:54:33 +0000
Received: from smarthost01b.ixn.mail.zen.net.uk
 (smarthost01b.ixn.mail.zen.net.uk [212.23.1.21])
 by se1-gles-flk1.inumbo.com (Halon) with ESMTPS
 id b296e102-b0c5-11ef-99a3-01e77a169b0f;
 Mon, 02 Dec 2024 16:54:23 +0100 (CET)
Received: from [217.155.64.189] (helo=mail0.xen.dingwall.me.uk)
 by smarthost01b.ixn.mail.zen.net.uk with esmtpsa (TLS1.0) tls
 TLS_ECDHE_RSA_WITH_AES_256_CBC_SHA (Exim 4.95)
 (envelope-from <james@dingwall.me.uk>) id 1tI8ke-004lbS-8Z;
 Mon, 02 Dec 2024 15:54:21 +0000
Received: from localhost (localhost [IPv6:::1])
 by mail0.xen.dingwall.me.uk (Postfix) with ESMTP id 60DE8B84841;
 Mon,  2 Dec 2024 15:54:24 +0000 (GMT)
Received: from mail0.xen.dingwall.me.uk ([IPv6:::1])
 by localhost (mail0.xen.dingwall.me.uk [IPv6:::1]) (amavisd-new, port 10024)
 with ESMTP id tR1zea69a3op; Mon,  2 Dec 2024 15:54:24 +0000 (GMT)
Received: from ghoul.dingwall.me.uk (ghoul.dingwall.me.uk
 [IPv6:2a02:8010:698e:302::c0a8:1c8])
 by dingwall.me.uk (Postfix) with ESMTP id E12F4B8483A;
 Mon,  2 Dec 2024 15:54:23 +0000 (GMT)
Received: by ghoul.dingwall.me.uk (Postfix, from userid 1000)
 id AED5134C; Mon,  2 Dec 2024 15:54:23 +0000 (GMT)
X-BeenThere: xen-devel@lists.xenproject.org
List-Id: Xen developer discussion <xen-devel.lists.xenproject.org>
List-Unsubscribe: <https://lists.xenproject.org/mailman/options/xen-devel>,
 <mailto:xen-devel-request@lists.xenproject.org?subject=unsubscribe>
List-Post: <mailto:xen-devel@lists.xenproject.org>
List-Help: <mailto:xen-devel-request@lists.xenproject.org?subject=help>
List-Subscribe: <https://lists.xenproject.org/mailman/listinfo/xen-devel>,
 <mailto:xen-devel-request@lists.xenproject.org?subject=subscribe>
Errors-To: xen-devel-bounces@lists.xenproject.org
Precedence: list
Sender: "Xen-devel" <xen-devel-bounces@lists.xenproject.org>
X-Inumbo-ID: b296e102-b0c5-11ef-99a3-01e77a169b0f
X-Virus-Scanned: Debian amavisd-new at dingwall.me.uk
Date: Mon, 2 Dec 2024 15:54:23 +0000
From: James Dingwall <james@dingwall.me.uk>
To: xen-devel@lists.xen.org
Cc: Andrew Cooper <andrew.cooper3@citrix.com>,
	Jan Beulich <jbeulich@suse.com>,
	Roger Pau =?iso-8859-1?Q?Monn=E9?= <roger.pau@citrix.com>,
	"security@xenproject.org" <security@xenproject.org>
Subject: Re: stable-4.18: reliably crash network driver domain by squeezing
 free_memory
Message-ID: <Z03YL1KHwE1fO98g@dingwall.me.uk>
References: <Z0iMxP2gah9Ky4Pl@dingwall.me.uk>
 <6614df33-e383-44dd-aebc-a238ad82f398@citrix.com>
MIME-Version: 1.0
Content-Type: multipart/mixed; boundary="mynTevqUIMXVj7cQ"
Content-Disposition: inline
Content-Transfer-Encoding: 8bit
In-Reply-To: <6614df33-e383-44dd-aebc-a238ad82f398@citrix.com>
X-Originating-smarthost01b-IP: [217.155.64.189]
Feedback-ID: 217.155.64.189


--mynTevqUIMXVj7cQ
Content-Type: text/plain; charset=us-ascii
Content-Disposition: inline

On Thu, Nov 28, 2024 at 03:39:07PM +0000, Andrew Cooper wrote:
> On 28/11/2024 3:31 pm, James Dingwall wrote:
> > Hi,
> >
> > We have reproducible issue with the current HEAD of the stable-4.18 branch
> > which crashes a network driver domain and on some hardware subsequently
> > results in a dom0 crash.
> >
> > `xl info` reports: free_memory : 39961, configuring a guest with
> > memory = 39800 and starting it gives the log as below.  This is intel
> > hardware so if I've followed the code correctly I think this leads through
> > to intel_iommu_map_page() from drivers/passthrough/vtd/iommu.c.
> >
> > The expectation is that we can safely allocate up to free_memory for a
> > guest without any issue.  Is there any extra logging we could enable to
> > gain more information?
> 
> For this, you really should CC the x86 maintainers, or it stands a
> chance of getting missed.
> 
> Do you have the complete serial log including boot and eventual crash ?
> 
> -12 is -ENOMEM so something is wonky, and while dom2 is definitely dead
> at this point, Xen ought to be able to unwind cleanly and not take down
> dom0 too.
> 
> ~Andrew

<snipped the original crash report since it is also in the attached logs>

I've attached complete serial console logs from an Intel and an AMD dom0
which show similar behaviour.  The dom0 crash originally mentioned was
resolved by updating a patch for OpenZFS issue #15140 and no longer
occurs.

During the capture of the serial console logs I noted that:

1. If the order that the domains start is different then there is no crash.
   Restarting the domain later will lead to the driver domain crash even
   without a configuration change.
2. If the domU memory is closer to free_memory but still less than the
   domain fails to start with libxl reporting not enough memory.

So there is some undefined range for (free_memory - m) to (free_memory - n)
where it is possible to crash the driver domain depending on the guest
startup ordering.  My (perhaps naive) reasoning would be that
free_memory is the resource available to safely assign without having to
allow for some unknown overhead and if I do ask for too much then I
get a 'safe' failure.

Thanks,
James

--mynTevqUIMXVj7cQ
Content-Type: text/plain; charset=us-ascii
Content-Disposition: attachment; filename="amd-enomem.txt"
Content-Transfer-Encoding: quoted-printable

(XEN) Xen version 4.18.3 (@) (gcc (Ubuntu 11.4.0-1ubuntu1~22.04) 11.4.0) de=
bug=3Dy Fri Nov 15 14:08:14 UTC 2024
(XEN) Latest ChangeSet: Fri Nov 15 14:07:55 2024 +0000 git:8d7c71efb0
(XEN) build-id: c241bf4ecc9a93bbcc74e7f758c4f55a6759216f
(XEN) Bootloader: GRUB 2.06-2ubuntu14.4
(XEN) Command line: placeholder console=3Dvga,com2 dom0_max_vcpus=3D4-8 dom=
0_mem=3Dmin:6144,max:65536m iommu=3Don,required,intpost,verbose,debug x2api=
c=3Doff sched=3Dcredit2 flask=3Denforcing gnttab_max_frames=3D128 xpti=3Dof=
f smt=3Don cpufreq=3Dxen:performance spec-ctrl=3Dgds-mit=3D0 com2=3Dirq=3D3=
,io-base=3D0xfedc9000,reg-shift=3D2
(XEN) Xen image load base address: 0x8e000000
(XEN) Video information:
(XEN)  VGA is text mode 80x25, font 8x16
(XEN) Disc information:
(XEN)  Found 0 MBR signatures
(XEN)  Found 2 EDD information structures
(XEN) CPU Vendor: AMD, Family 25 (0x19), Model 117 (0x75), Stepping 2 (raw =
00a70f52)
(XEN) Enabling Supervisor Shadow Stacks
(XEN) EFI RAM map:
(XEN)  [0000000000000000, 000000000009ffff] (usable)
(XEN)  [00000000000a0000, 00000000000fffff] (reserved)
(XEN)  [0000000000100000, 0000000009a7efff] (usable)
(XEN)  [0000000009a7f000, 0000000009ffffff] (reserved)
(XEN)  [000000000a000000, 000000000a1fffff] (usable)
(XEN)  [000000000a200000, 000000000a23bfff] (ACPI NVS)
(XEN)  [000000000a23c000, 0000000093c7dfff] (usable)
(XEN)  [0000000093c7e000, 0000000096683fff] (reserved)
(XEN)  [0000000096684000, 00000000966f2fff] (ACPI data)
(XEN)  [00000000966f3000, 000000009716dfff] (ACPI NVS)
(XEN)  [000000009716e000, 000000009affefff] (reserved)
(XEN)  [000000009afff000, 000000009bff8fff] (usable)
(XEN)  [000000009bff9000, 000000009bffcfff] (reserved)
(XEN)  [000000009bffd000, 000000009bffefff] (usable)
(XEN)  [000000009bfff000, 000000009cffffff] (reserved)
(XEN)  [000000009d790000, 000000009d7effff] (reserved)
(XEN)  [000000009d7f5000, 000000009fffffff] (reserved)
(XEN)  [00000000e0000000, 00000000efffffff] (reserved)
(XEN)  [00000000fd000000, 00000000ffffffff] (reserved)
(XEN)  [0000000100000000, 0000000fde2fffff] (usable)
(XEN)  [0000000fdf340000, 00000010801fffff] (reserved)
(XEN) BSP microcode revision: 0x0a705205
(XEN) ACPI: RSDP 97154014, 0024 (r2 ALASKA)
(XEN) ACPI: XSDT 97153728, 013C (r1 ALASKA   A M I   1072009 AMI   1000013)
(XEN) ACPI: FACP 966E8000, 0114 (r6 ALASKA   A M I   1072009 AMI     10013)
(XEN) ACPI: DSDT 966E0000, 78B7 (r2 ALASKA   A M I   1072009 INTL 20200717)
(XEN) ACPI: FACS 9690D000, 0040
(XEN) ACPI: SSDT 966EA000, 8416 (r2    AMD AmdTable        2 MSFT  2000002)
(XEN) ACPI: SSDT 966E9000, 0221 (r2 ALASKA  CPUSSDT  1072009 AMI   1072009)
(XEN) ACPI: FIDT 966DF000, 009C (r1 ALASKA    A M I  1072009 AMI     10013)
(XEN) ACPI: MCFG 966DE000, 003C (r1 ALASKA    A M I  1072009 MSFT    10013)
(XEN) ACPI: HPET 966DD000, 0038 (r1 ALASKA    A M I  1072009 AMI         5)
(XEN) ACPI: UEFI 9690C000, 0048 (r1 ALASKA   A M I   1072009 AMI   1000013)
(XEN) ACPI: FPDT 966DC000, 0044 (r1 ALASKA   A M I   1072009 AMI   1000013)
(XEN) ACPI: VFCT 966D7000, 4284 (r1 ALASKA   A M I         1 AMD  33504F47)
(XEN) ACPI: TPM2 966D6000, 0044 (r5 ALASKA   A M I         1 AMI         0)
(XEN) ACPI: SSDT 966D0000, 547E (r2    AMD AmdTable        1 AMD         1)
(XEN) ACPI: CRAT 966CF000, 0EE8 (r1    AMD AmdTable        1 AMD         1)
(XEN) ACPI: CDIT 966CE000, 0029 (r1    AMD AmdTable        1 AMD         1)
(XEN) ACPI: SDEV 966CD000, 0144 (r1    AMD SdevTble        1 ACPI        2)
(XEN) ACPI: SSDT 966CB000, 15C8 (r2    AMD CPMDFIG2        1 INTL 20200717)
(XEN) ACPI: SSDT 966C8000, 2A9E (r2    AMD CDFAAIG2        1 INTL 20200717)
(XEN) ACPI: SSDT 966C6000, 1E78 (r2    AMD   CPMPMF        1 INTL 20200717)
(XEN) ACPI: SSDT 966C4000, 12AE (r2    AMD   OEMACP        1 INTL 20200717)
(XEN) ACPI: SSDT 966C3000, 08BA (r2    AMD   OEMPMF        1 INTL 20200717)
(XEN) ACPI: SSDT 966B9000, 98F6 (r2    AMD   CPMCMN        1 INTL 20200717)
(XEN) ACPI: WSMT 966B8000, 0028 (r1 ALASKA   A M I   1072009 AMI     10013)
(XEN) ACPI: APIC 966B7000, 00E8 (r5 ALASKA   A M I   1072009 AMI     10013)
(XEN) ACPI: MHSP 966B6000, 00C8 (r4 AMD    AGESA    20505348    =01        =
1)
(XEN) ACPI: SSDT 966B5000, 00E5 (r2 MSFT       MHSP        4 INTL 20200717)
(XEN) ACPI: SSDT 966B2000, 233C (r2    AMD AOD             1 INTL 20200717)
(XEN) ACPI: SSDT 966B1000, 0051 (r2    AMD     DRTM        1 INTL 20200717)
(XEN) ACPI: IVRS 966B0000, 0198 (r2  AMD   AmdTable        1 AMD         1)
(XEN) ACPI: SSDT 966AF000, 0968 (r2    AMD CPMMSOSC        1 INTL 20200717)
(XEN) ACPI: SSDT 966AE000, 0FF5 (r2    AMD CPMACPV5        1 INTL 20200717)
(XEN) ACPI: SSDT 966AD000, 0FF7 (r2    AMD GPP_PME_        1 INTL 20200717)
(XEN) ACPI: SSDT 966A3000, 98BD (r2    AMD INTGPP03        1 INTL 20200717)
(XEN) ACPI: SSDT 9669E000, 4FEB (r2    AMD INTGPP01        1 INTL 20200717)
(XEN) ACPI: SSDT 9669D000, 0DA2 (r2    AMD CPMGPIO0        1 INTL 20200717)
(XEN) ACPI: SSDT 9669C000, 008D (r2    AMD CPMMSLPI        1 INTL 20200717)
(XEN) ACPI: SSDT 9669B000, 0501 (r2    AMD CPMSFAML        1 INTL 20200717)
(XEN) System RAM: 63273MB (64791924kB)
(XEN) No NUMA configuration found
(XEN) Faking a node at 0000000000000000-0000000fde300000
(XEN) Domain heap initialised
(XEN) SMBIOS 3.5 present.
(XEN) XSM Framework v1.0.1 initialized
(XEN) Policy len 0x3467, start at ffff830fde1fc000.
(XEN) Flask: 128 avtab hash slots, 458 rules.
(XEN) Flask: 128 avtab hash slots, 458 rules.
(XEN) Flask:  4 users, 3 roles, 46 types, 2 bools
(XEN) Flask:  13 classes, 458 rules
(XEN) Flask:  Starting in enforcing mode.
(XEN) AMD-Vi: IVRS Block: Found type 0x10 flags 0xb0 len 0x44 id 0x2
(XEN) AMD-Vi: IVRS Block: Found type 0x11 flags 0x30 len 0x54 id 0x2
(XEN) AMD-Vi: Using IVHD type 0x11
(XEN) AMD-Vi: Found MSI capability block at 0x64
(XEN) Using APIC driver default
(XEN) ACPI: PM-Timer IO Port: 0x808 (32 bits)
(XEN) ACPI: v5 SLEEP INFO: control[0:0], status[0:0]
(XEN) ACPI: SLEEP INFO: pm1x_cnt[1:804,1:0], pm1x_evt[1:800,1:0]
(XEN) ACPI: 32/64X FACS address mismatch in FADT - 9690d000/000000000000000=
0, using 32
(XEN) ACPI:             wakeup_vec[9690d00c], vec_size[20]
(XEN) ACPI: Local APIC address 0xfee00000
(XEN) Overriding APIC driver with bigsmp
(XEN) ACPI: IOAPIC (id[0x21] address[0xfec00000] gsi_base[0])
(XEN) IOAPIC[0]: apic_id 33, version 33, address 0xfec00000, GSI 0-23
(XEN) ACPI: IOAPIC (id[0x22] address[0xfec01000] gsi_base[24])
(XEN) IOAPIC[1]: apic_id 34, version 33, address 0xfec01000, GSI 24-55
(XEN) ACPI: INT_SRC_OVR (bus 0 bus_irq 0 global_irq 2 dfl dfl)
(XEN) ACPI: INT_SRC_OVR (bus 0 bus_irq 1 global_irq 1 low edge)
(XEN) ACPI: INT_SRC_OVR (bus 0 bus_irq 9 global_irq 9 low level)
(XEN) ACPI: IRQ0 used by override.
(XEN) ACPI: IRQ1 used by override.
(XEN) ACPI: IRQ2 used by override.
(XEN) ACPI: IRQ9 used by override.
(XEN) ACPI: HPET id: 0x10228201 base: 0xfed00000
(XEN) PCI: MCFG configuration 0: base e0000000 segment 0000 buses 00 - ff
(XEN) PCI: MCFG area at e0000000 reserved in E820
(XEN) PCI: Using MCFG for segment 0000 bus 00-ff
(XEN) Using ACPI (MADT) for SMP configuration information
(XEN) SMP: Allowing 16 CPUs (0 hotplug CPUs)
(XEN) IRQ limits: 56 GSI, 3272 MSI/MSI-X
(XEN) Not enabling x2APIC: disabled by cmdline.
(XEN) CPU0: 1600 ... 3300 MHz
(XEN) xstate: size: 0x988 and states: 0x2e7
(XEN) CPU0: AMD Fam19h machine check reporting enabled
(XEN) Speculative mitigation facilities:
(XEN)   Hardware hints: STIBP_ALWAYS IBRS_FAST IBRS_SAME_MODE
(XEN)   Hardware features: IBPB IBRS STIBP SSBD PSFD L1D_FLUSH
(XEN)   Compiled-in support: INDIRECT_THUNK SHADOW_PAGING HARDEN_ARRAY HARD=
EN_BRANCH HARDEN_GUEST_ACCESS HARDEN_LOCK
(XEN)   Xen settings: BTI-Thunk: JMP, SPEC_CTRL: IBRS+ STIBP+ SSBD- PSFD-, =
Other: BRANCH_HARDEN
(XEN)   Support for HVM VMs: MSR_SPEC_CTRL MSR_VIRT_SPEC_CTRL RSB IBPB-entry
(XEN)   Support for PV VMs: IBPB-entry
(XEN)   XPTI (64-bit PV only): Dom0 disabled, DomU disabled (without PCID)
(XEN)   PV L1TF shadowing: Dom0 disabled, DomU disabled
(XEN) Using scheduler: SMP Credit Scheduler rev2 (credit2)
(XEN) Initializing Credit2 scheduler
(XEN)  load_precision_shift: 18
(XEN)  load_window_shift: 30
(XEN)  underload_balance_tolerance: 0
(XEN)  overload_balance_tolerance: -3
(XEN)  runqueues arrangement: socket
(XEN)  cap enforcement granularity: 10ms
(XEN) load tracking window length 1073741824 ns
(XEN) Platform timer is 14.318MHz HPET
(XEN) Detected 3293.813 MHz processor.
(XEN) Freed 1016kB unused BSS memory
(XEN) EFI memory map:
(XEN)  0000000000000-0000000007fff type=3D2 attr=3D000000000000000f
(XEN)  0000000008000-000000008efff type=3D7 attr=3D000000000000000f
(XEN)  000000008f000-000000009efff type=3D2 attr=3D000000000000000f
(XEN)  000000009f000-000000009ffff type=3D4 attr=3D000000000000000f
(XEN)  0000000100000-0000000ffffff type=3D7 attr=3D000000000000000f
(XEN)  0000001000000-000000107ffff type=3D4 attr=3D000000000000000f
(XEN)  0000001080000-0000002104fff type=3D2 attr=3D000000000000000f
(XEN)  0000002105000-0000009a7efff type=3D7 attr=3D000000000000000f
(XEN)  0000009a7f000-0000009ffffff type=3D0 attr=3D000000000000000f
(XEN)  000000a000000-000000a1fffff type=3D7 attr=3D000000000000000f
(XEN)  000000a200000-000000a23bfff type=3D10 attr=3D000000000000000f
(XEN)  000000a23c000-0000012d96fff type=3D2 attr=3D000000000000000f
(XEN)  0000012d97000-000007441efff type=3D7 attr=3D000000000000000f
(XEN)  000007441f000-000007fffefff type=3D1 attr=3D000000000000000f
(XEN)  000007ffff000-000008e1fffff type=3D7 attr=3D000000000000000f
(XEN)  000008e200000-000008e62afff type=3D2 attr=3D000000000000000f
(XEN)  000008e62b000-000008e7aafff type=3D7 attr=3D000000000000000f
(XEN)  000008e7ab000-000008ea25fff type=3D1 attr=3D000000000000000f
(XEN)  000008ea26000-000008eca2fff type=3D2 attr=3D000000000000000f
(XEN)  000008eca3000-000008eca4fff type=3D7 attr=3D000000000000000f
(XEN)  000008eca5000-000008eca5fff type=3D2 attr=3D000000000000000f
(XEN)  000008eca6000-000008ed7cfff type=3D1 attr=3D000000000000000f
(XEN)  000008ed7d000-000008f67efff type=3D4 attr=3D000000000000000f
(XEN)  000008f67f000-000008f807fff type=3D7 attr=3D000000000000000f
(XEN)  000008f808000-000008f809fff type=3D4 attr=3D000000000000000f
(XEN)  000008f80a000-000008f8eafff type=3D7 attr=3D000000000000000f
(XEN)  000008f8eb000-000009347efff type=3D4 attr=3D000000000000000f
(XEN)  000009347f000-0000093617fff type=3D7 attr=3D000000000000000f
(XEN)  0000093618000-0000093c7dfff type=3D3 attr=3D000000000000000f
(XEN)  0000093c7e000-0000096683fff type=3D0 attr=3D000000000000000f
(XEN)  0000096684000-00000966f2fff type=3D9 attr=3D000000000000000f
(XEN)  00000966f3000-000009716dfff type=3D10 attr=3D000000000000000f
(XEN)  000009716e000-000009af7afff type=3D6 attr=3D800000000000000f
(XEN)  000009af7b000-000009affefff type=3D5 attr=3D800000000000000f
(XEN)  000009afff000-000009b5fffff type=3D4 attr=3D000000000000000f
(XEN)  000009b600000-000009b697fff type=3D7 attr=3D000000000000000f
(XEN)  000009b698000-000009b797fff type=3D4 attr=3D000000000000000f
(XEN)  000009b798000-000009b7bafff type=3D3 attr=3D000000000000000f
(XEN)  000009b7bb000-000009be40fff type=3D4 attr=3D000000000000000f
(XEN)  000009be41000-000009be5dfff type=3D3 attr=3D000000000000000f
(XEN)  000009be5e000-000009be78fff type=3D4 attr=3D000000000000000f
(XEN)  000009be79000-000009be88fff type=3D3 attr=3D000000000000000f
(XEN)  000009be89000-000009be9afff type=3D4 attr=3D000000000000000f
(XEN)  000009be9b000-000009bea2fff type=3D3 attr=3D000000000000000f
(XEN)  000009bea3000-000009bebafff type=3D4 attr=3D000000000000000f
(XEN)  000009bebb000-000009bebefff type=3D3 attr=3D000000000000000f
(XEN)  000009bebf000-000009bed2fff type=3D4 attr=3D000000000000000f
(XEN)  000009bed3000-000009bee5fff type=3D3 attr=3D000000000000000f
(XEN)  000009bee6000-000009bfeffff type=3D4 attr=3D000000000000000f
(XEN)  000009bff0000-000009bff6fff type=3D3 attr=3D000000000000000f
(XEN)  000009bff7000-000009bff8fff type=3D4 attr=3D000000000000000f
(XEN)  000009bff9000-000009bffcfff type=3D6 attr=3D800000000000000f
(XEN)  000009bffd000-000009bffefff type=3D4 attr=3D000000000000000f
(XEN)  000009bfff000-000009bffffff type=3D6 attr=3D800000000000000f
(XEN)  0000100000000-0000fde2fffff type=3D7 attr=3D000000000000000f
(XEN)  00000000a0000-00000000fffff type=3D0 attr=3D000000000000000f
(XEN)  000009c000000-000009cffffff type=3D0 attr=3D000000000000000f
(XEN)  000009d790000-000009d7effff type=3D0 attr=3D000000000000000f
(XEN)  000009d7f5000-000009fffffff type=3D0 attr=3D000000000000000f
(XEN)  00000e0000000-00000efffffff type=3D11 attr=3D800000000000100d
(XEN)  00000fd000000-00000fedfffff type=3D11 attr=3D800000000000100d
(XEN)  00000fee00000-00000fee00fff type=3D11 attr=3D8000000000000001
(XEN)  00000fee01000-00000ffffffff type=3D11 attr=3D800000000000100d
(XEN)  0000fdf340000-000105fffffff type=3D0 attr=3D000000000000000f
(XEN)  0001060000000-00010801fffff type=3D11 attr=3D800000000000100d
(XEN) alt table ffff82d040489b58 -> ffff82d04049c5c6
(XEN) AMD-Vi: IOMMU Extended Features:
(XEN) - Peripheral Page Service Request
(XEN) - NX bit
(XEN) - Invalidate All Command
(XEN) - Guest APIC
(XEN) - Performance Counters
(XEN) - Host Address Translation Size: 0x2
(XEN) - Guest Address Translation Size: 0
(XEN) - Guest CR3 Root Table Level: 0x1
(XEN) - Maximum PASID: 0xf
(XEN) - SMI Filter Register: 0x1
(XEN) - SMI Filter Register Count: 0x1
(XEN) - Guest Virtual APIC Modes: 0
(XEN) - Dual PPR Log: 0x2
(XEN) - Dual Event Log: 0x2
(XEN) - Secure ATS
(XEN) - User / Supervisor Page Protection
(XEN) - Device Table Segmentation: 0x3
(XEN) - PPR Log Overflow Early Warning
(XEN) - PPR Automatic Response
(XEN) - Memory Access Routing and Control: 0x1
(XEN) - Block StopMark Message
(XEN) - Performance Optimization
(XEN) - MSI Capability MMIO Access
(XEN) - Guest I/O Protection
(XEN) - Enhanced PPR Handling
(XEN) - Invalidate IOTLB Type
(XEN) - VM Table Size: 0x2
(XEN) - Guest Access Bit Update Disable
(XEN) AMD-Vi: ACPI Table:
(XEN) AMD-Vi:  Signature IVRS
(XEN) AMD-Vi:  Length 0x198
(XEN) AMD-Vi:  Revision 0x2
(XEN) AMD-Vi:  CheckSum 0xc0
(XEN) AMD-Vi:  OEM_Id AMD =20
(XEN) AMD-Vi:  OEM_Table_Id AmdTable
(XEN) AMD-Vi:  OEM_Revision 0x1
(XEN) AMD-Vi:  Creator_Id AMD=20
(XEN) AMD-Vi:  Creator_Revision 0x1
(XEN) AMD-Vi: IVRS Block: type 0x10 flags 0xb0 len 0x44 id 0x2
(XEN) AMD-Vi: IVRS Block: type 0x11 flags 0x30 len 0x54 id 0x2
(XEN) AMD-Vi: IVHD Device Entry: type 0x3 id 0x3 flags 0
(XEN) AMD-Vi:  Dev_Id Range: 0x3 -> 0xfffe
(XEN) AMD-Vi: IVHD Device Entry: type 0x43 id 0xff00 flags 0
(XEN) AMD-Vi:  Dev_Id Range: 0xff00 -> 0xffff alias 0xa5
(XEN) AMD-Vi: IVHD Device Entry: type 0x48 id 0 flags 0
(XEN) AMD-Vi: IVHD Special: 0000:00:14.0 variety 0x2 handle 0
(XEN) AMD-Vi: IVHD Device Entry: type 0x48 id 0 flags 0xd7
(XEN) AMD-Vi: IVHD Special: 0000:00:14.0 variety 0x1 handle 0x21
(XEN) AMD-Vi: IVHD Device Entry: type 0x48 id 0 flags 0
(XEN) AMD-Vi: IVHD Special: 0000:00:00.1 variety 0x1 handle 0x22
(XEN) AMD-Vi: IVRS Block: type 0x40 flags 0x30 len 0xd0 id 0x2
(XEN) AMD-Vi: Disabled HAP memory map sharing with IOMMU
(XEN) AMD-Vi: using 256-entry cmd ring(s)
(XEN) AMD-Vi: PPR Log Enabled.
(XEN) AMD-Vi: Guest Translation Enabled.
(XEN) AMD-Vi: IOMMU 0 Enabled.
(XEN) I/O virtualisation enabled
(XEN)  - Dom0 mode: Relaxed
(XEN) Interrupt remapping enabled
(XEN) nr_sockets: 1
(XEN) Enabled directed EOI with ioapic_ack_old on!
(XEN) Enabling APIC mode.  Using 2 I/O APICs
(XEN) ENABLING IO-APIC IRQs
(XEN)  -> Using old ACK method
(XEN) ..TIMER: vector=3D0xF0 apic1=3D0 pin1=3D2 apic2=3D-1 pin2=3D-1
(XEN) Allocated console ring of 128 KiB.
(XEN) mwait-idle: does not run on family 25 model 117
(XEN) HVM: ASIDs enabled.
(XEN) SVM: Supported advanced features:
(XEN)  - Nested Page Tables (NPT)
(XEN)  - Last Branch Record (LBR) Virtualisation
(XEN)  - Next-RIP Saved on #VMEXIT
(XEN)  - VMCB Clean Bits
(XEN)  - DecodeAssists
(XEN)  - Virtual VMLOAD/VMSAVE
(XEN)  - Virtual GIF
(XEN)  - Pause-Intercept Filter
(XEN)  - Pause-Intercept Filter Threshold
(XEN)  - TSC Rate MSR
(XEN)  - NPT Supervisor Shadow Stack
(XEN)  - MSR_SPEC_CTRL virtualisation
(XEN) HVM: SVM enabled
(XEN) HVM: Hardware Assisted Paging (HAP) detected
(XEN) HVM: HAP page sizes: 4kB, 2MB, 1GB
(XEN) alt table ffff82d040489b58 -> ffff82d04049c5c6
(XEN) cpu10: spurious 8259A interrupt: IRQ7
(XEN) Brought up 16 CPUs
(XEN) Scheduling granularity: cpu, 1 CPU per sched-resource
(XEN) Initializing Credit2 scheduler
(XEN)  load_precision_shift: 18
(XEN)  load_window_shift: 30
(XEN)  underload_balance_tolerance: 0
(XEN)  overload_balance_tolerance: -3
(XEN)  runqueues arrangement: socket
(XEN)  cap enforcement granularity: 10ms
(XEN) load tracking window length 1073741824 ns
(XEN) Adding cpu 0 to runqueue 0
(XEN)  First cpu on runqueue, activating
(XEN) Adding cpu 1 to runqueue 0
(XEN) Adding cpu 2 to runqueue 0
(XEN) Adding cpu 3 to runqueue 0
(XEN) Adding cpu 4 to runqueue 0
(XEN) Adding cpu 5 to runqueue 0
(XEN) Adding cpu 6 to runqueue 0
(XEN) Adding cpu 7 to runqueue 0
(XEN) Adding cpu 8 to runqueue 0
(XEN) Adding cpu 9 to runqueue 0
(XEN) Adding cpu 10 to runqueue 0
(XEN) Adding cpu 11 to runqueue 0
(XEN) Adding cpu 12 to runqueue 0
(XEN) Adding cpu 13 to runqueue 0
(XEN) Adding cpu 14 to runqueue 0
(XEN) Adding cpu 15 to runqueue 0
(XEN) mcheck_poll: Machine check polling timer started.
(XEN) Running stub recovery selftests...
(XEN) Fixup #UD[0000]: ffff82d07fffe044 [ffff82d07fffe044] -> ffff82d04038a=
141
(XEN) Fixup #GP[0000]: ffff82d07fffe045 [ffff82d07fffe045] -> ffff82d04038a=
141
(XEN) Fixup #SS[0000]: ffff82d07fffe044 [ffff82d07fffe044] -> ffff82d04038a=
141
(XEN) Fixup #BP[0000]: ffff82d07fffe045 [ffff82d07fffe045] -> ffff82d04038a=
141
(XEN) NX (Execute Disable) protection active
(XEN) d0 has maximum 1096 PIRQs
(XEN) *** Building a PV Dom0 ***
(XEN)  Xen  kernel: 64-bit, lsb
(XEN)  Dom0 kernel: 64-bit, lsb, paddr 0x1000000 -> 0x4800000
(XEN) PHYSICAL MEMORY ARRANGEMENT:
(XEN)  Dom0 alloc.:   0000000fa0000000->0000000fa8000000 (15902088 pages to=
 be allocated)
(XEN)  Init. ramdisk: 0000000fd56a1000->0000000fde1fb724
(XEN) VIRTUAL MEMORY ARRANGEMENT:
(XEN)  Loaded kernel: ffffffff81000000->ffffffff84800000
(XEN)  Phys-Mach map: 0000008000000000->00000080079d8718
(XEN)  Start info:    ffffffff84800000->ffffffff848004b8
(XEN)  Page tables:   ffffffff84801000->ffffffff8482a000
(XEN)  Boot stack:    ffffffff8482a000->ffffffff8482b000
(XEN)  TOTAL:         ffffffff80000000->ffffffff84c00000
(XEN)  ENTRY ADDRESS: ffffffff838c48c0
(XEN) Dom0 has maximum 8 VCPUs
(XEN) AMD-Vi: Skipping host bridge 0000:00:00.0
(XEN) AMD-Vi: Setup I/O page table: device id =3D 0x8, type =3D 0x6, root t=
able =3D 0xfd5613000, domain =3D 0, paging mode =3D 3
(XEN) AMD-Vi: Setup I/O page table: device id =3D 0x9, type =3D 0x2, root t=
able =3D 0xfd5613000, domain =3D 0, paging mode =3D 3
(XEN) AMD-Vi: Setup I/O page table: device id =3D 0xb, type =3D 0x2, root t=
able =3D 0xfd5613000, domain =3D 0, paging mode =3D 3
(XEN) AMD-Vi: Setup I/O page table: device id =3D 0x10, type =3D 0x6, root =
table =3D 0xfd5613000, domain =3D 0, paging mode =3D 3
(XEN) AMD-Vi: Setup I/O page table: device id =3D 0x11, type =3D 0x2, root =
table =3D 0xfd5613000, domain =3D 0, paging mode =3D 3
(XEN) AMD-Vi: Setup I/O page table: device id =3D 0x12, type =3D 0x2, root =
table =3D 0xfd5613000, domain =3D 0, paging mode =3D 3
(XEN) AMD-Vi: Setup I/O page table: device id =3D 0x13, type =3D 0x2, root =
table =3D 0xfd5613000, domain =3D 0, paging mode =3D 3
(XEN) AMD-Vi: Setup I/O page table: device id =3D 0x14, type =3D 0x2, root =
table =3D 0xfd5613000, domain =3D 0, paging mode =3D 3
(XEN) AMD-Vi: Setup I/O page table: device id =3D 0x18, type =3D 0x6, root =
table =3D 0xfd5613000, domain =3D 0, paging mode =3D 3
(XEN) AMD-Vi: Setup I/O page table: device id =3D 0x20, type =3D 0x6, root =
table =3D 0xfd5613000, domain =3D 0, paging mode =3D 3
(XEN) AMD-Vi: Setup I/O page table: device id =3D 0x40, type =3D 0x6, root =
table =3D 0xfd5613000, domain =3D 0, paging mode =3D 3
(XEN) AMD-Vi: Setup I/O page table: device id =3D 0x41, type =3D 0x2, root =
table =3D 0xfd5613000, domain =3D 0, paging mode =3D 3
(XEN) AMD-Vi: Setup I/O page table: device id =3D 0x42, type =3D 0x2, root =
table =3D 0xfd5613000, domain =3D 0, paging mode =3D 3
(XEN) AMD-Vi: Setup I/O page table: device id =3D 0x43, type =3D 0x2, root =
table =3D 0xfd5613000, domain =3D 0, paging mode =3D 3
(XEN) AMD-Vi: Setup I/O page table: device id =3D 0xa0, type =3D 0x7, root =
table =3D 0xfd5613000, domain =3D 0, paging mode =3D 3
(XEN) AMD-Vi: Setup I/O page table: device id =3D 0xa3, type =3D 0x7, root =
table =3D 0xfd5613000, domain =3D 0, paging mode =3D 3
(XEN) AMD-Vi: Setup I/O page table: device id =3D 0xc0, type =3D 0x6, root =
table =3D 0xfd5613000, domain =3D 0, paging mode =3D 3
(XEN) AMD-Vi: Setup I/O page table: device id =3D 0xc1, type =3D 0x6, root =
table =3D 0xfd5613000, domain =3D 0, paging mode =3D 3
(XEN) AMD-Vi: Setup I/O page table: device id =3D 0xc2, type =3D 0x6, root =
table =3D 0xfd5613000, domain =3D 0, paging mode =3D 3
(XEN) AMD-Vi: Setup I/O page table: device id =3D 0xc3, type =3D 0x6, root =
table =3D 0xfd5613000, domain =3D 0, paging mode =3D 3
(XEN) AMD-Vi: Setup I/O page table: device id =3D 0xc4, type =3D 0x6, root =
table =3D 0xfd5613000, domain =3D 0, paging mode =3D 3
(XEN) AMD-Vi: Setup I/O page table: device id =3D 0xc5, type =3D 0x6, root =
table =3D 0xfd5613000, domain =3D 0, paging mode =3D 3
(XEN) AMD-Vi: Setup I/O page table: device id =3D 0xc6, type =3D 0x6, root =
table =3D 0xfd5613000, domain =3D 0, paging mode =3D 3
(XEN) AMD-Vi: Setup I/O page table: device id =3D 0xc7, type =3D 0x6, root =
table =3D 0xfd5613000, domain =3D 0, paging mode =3D 3
(XEN) AMD-Vi: Setup I/O page table: device id =3D 0x100, type =3D 0x1, root=
 table =3D 0xfd5613000, domain =3D 0, paging mode =3D 3
(XEN) AMD-Vi: Setup I/O page table: device id =3D 0x200, type =3D 0x1, root=
 table =3D 0xfd5613000, domain =3D 0, paging mode =3D 3
(XEN) AMD-Vi: Setup I/O page table: device id =3D 0x300, type =3D 0x1, root=
 table =3D 0xfd5613000, domain =3D 0, paging mode =3D 3
(XEN) AMD-Vi: Setup I/O page table: device id =3D 0x400, type =3D 0x1, root=
 table =3D 0xfd5613000, domain =3D 0, paging mode =3D 3
(XEN) AMD-Vi: Setup I/O page table: device id =3D 0x500, type =3D 0x1, root=
 table =3D 0xfd5613000, domain =3D 0, paging mode =3D 3
(XEN) AMD-Vi: Setup I/O page table: device id =3D 0x600, type =3D 0x1, root=
 table =3D 0xfd5613000, domain =3D 0, paging mode =3D 3
(XEN) AMD-Vi: Setup I/O page table: device id =3D 0x700, type =3D 0x1, root=
 table =3D 0xfd5613000, domain =3D 0, paging mode =3D 3
(XEN) AMD-Vi: Setup I/O page table: device id =3D 0x701, type =3D 0x1, root=
 table =3D 0xfd5613000, domain =3D 0, paging mode =3D 3
(XEN) AMD-Vi: Setup I/O page table: device id =3D 0x702, type =3D 0x1, root=
 table =3D 0xfd5613000, domain =3D 0, paging mode =3D 3
(XEN) AMD-Vi: Setup I/O page table: device id =3D 0x703, type =3D 0x1, root=
 table =3D 0xfd5613000, domain =3D 0, paging mode =3D 3
(XEN) AMD-Vi: Setup I/O page table: device id =3D 0x704, type =3D 0x1, root=
 table =3D 0xfd5613000, domain =3D 0, paging mode =3D 3
(XEN) AMD-Vi: Setup I/O page table: device id =3D 0x705, type =3D 0x1, root=
 table =3D 0xfd5613000, domain =3D 0, paging mode =3D 3
(XEN) AMD-Vi: Setup I/O page table: device id =3D 0x706, type =3D 0x1, root=
 table =3D 0xfd5613000, domain =3D 0, paging mode =3D 3
(XEN) AMD-Vi: Setup I/O page table: device id =3D 0x707, type =3D 0x1, root=
 table =3D 0xfd5613000, domain =3D 0, paging mode =3D 3
(XEN) AMD-Vi: Setup I/O page table: device id =3D 0x800, type =3D 0x1, root=
 table =3D 0xfd5613000, domain =3D 0, paging mode =3D 3
(XEN) AMD-Vi: Setup I/O page table: device id =3D 0x801, type =3D 0x1, root=
 table =3D 0xfd5613000, domain =3D 0, paging mode =3D 3
(XEN) AMD-Vi: Setup I/O page table: device id =3D 0x900, type =3D 0x1, root=
 table =3D 0xfd5613000, domain =3D 0, paging mode =3D 3
(XEN) AMD-Vi: Setup I/O page table: device id =3D 0x903, type =3D 0x1, root=
 table =3D 0xfd5613000, domain =3D 0, paging mode =3D 3
(XEN) AMD-Vi: Setup I/O page table: device id =3D 0x904, type =3D 0x1, root=
 table =3D 0xfd5613000, domain =3D 0, paging mode =3D 3
(XEN) Initial low memory virq threshold set at 0x4000 pages.
(XEN) Scrubbing Free RAM in background
(XEN) Std. Loglevel: All
(XEN) Guest Loglevel: All
(XEN) *** Serial input to DOM0 (type 'CTRL-a' three times to switch input)
(XEN) Re-running stub recovery selftests...
(XEN) Fixup #UD[0000]: ffff82d07fffe044 [ffff82d07fffe044] -> ffff82d04038a=
141
(XEN) Fixup #GP[0000]: ffff82d07fffe045 [ffff82d07fffe045] -> ffff82d04038a=
141
(XEN) Fixup #SS[0000]: ffff82d07fffe044 [ffff82d07fffe044] -> ffff82d04038a=
141
(XEN) Fixup #BP[0000]: ffff82d07fffe045 [ffff82d07fffe045] -> ffff82d04038a=
141
(XEN) Freed 700kB init memory
mapping kernel into physical memory
about to get started...
[    0.000000] Linux version 6.8.0-48-generic (root@a5570d9c6ad5) (x86_64-l=
inux-gnu-gcc-12 (Ubuntu 12.3.0-1ubuntu1~22.04) 12.3.0, GNU ld (GNU Binutils=
 for Ubuntu) 2.38) #48~22.04.1 SMP PREEMPT_DYNAMIC Tue Nov 26 23:18:34 UTC =
 (Ubuntu 6.8.0-48.48~22.04.1-generic 6.8.12)
[    0.000000] Command line: console=3Dhvc0 console=3Dtty1 earlyprintk=3Dxe=
n xen-pciback.passthrough=3D1 oops=3Dpanic panic=3D15 root=3D/dev/loop0 ro =
rootfstype=3Dext4 zyimage=3Dzvol:xvda1@ref5030000 zyoverlay pstore.backend=
=3Defi libata.fua=3D1 audit=3D1 nohz=3Doff consoleblank=3D0 modprobe.blackl=
ist=3D8250_dw
[    0.000000] KERNEL supported cpus:
[    0.000000]   Intel GenuineIntel
[    0.000000]   AMD AuthenticAMD
[    0.000000]   Hygon HygonGenuine
[    0.000000]   Centaur CentaurHauls
[    0.000000]   zhaoxin   Shanghai =20
[    0.000000] [Firmware Bug]: TSC doesn't count with P0 frequency!
[    0.000000] initrd moved from [mem 0x08000000-0x10b5a724] to [mem 0x1853=
7000-0x21091724]
[    0.000000] Released 0 page(s)
[    0.000000] BIOS-provided physical RAM map:
[    0.000000] Xen: [mem 0x0000000000000000-0x000000000007ffff] usable
[    0.000000] Xen: [mem 0x0000000000080000-0x00000000000fffff] reserved
[    0.000000] Xen: [mem 0x0000000000100000-0x0000000009a7efff] usable
[    0.000000] Xen: [mem 0x0000000009a7f000-0x0000000009ffffff] reserved
[    0.000000] Xen: [mem 0x000000000a000000-0x000000000a1fffff] usable
[    0.000000] Xen: [mem 0x000000000a200000-0x000000000a23bfff] ACPI NVS
[    0.000000] Xen: [mem 0x000000000a23c000-0x0000000093c7dfff] usable
[    0.000000] Xen: [mem 0x0000000093c7e000-0x0000000096683fff] reserved
[    0.000000] Xen: [mem 0x0000000096684000-0x00000000966f2fff] ACPI data
[    0.000000] Xen: [mem 0x00000000966f3000-0x000000009716dfff] ACPI NVS
[    0.000000] Xen: [mem 0x000000009716e000-0x000000009affefff] reserved
[    0.000000] Xen: [mem 0x000000009afff000-0x000000009bff8fff] usable
[    0.000000] Xen: [mem 0x000000009bff9000-0x000000009bffcfff] reserved
[    0.000000] Xen: [mem 0x000000009bffd000-0x000000009bffefff] usable
[    0.000000] Xen: [mem 0x000000009bfff000-0x000000009cffffff] reserved
[    0.000000] Xen: [mem 0x000000009d790000-0x000000009d7effff] reserved
[    0.000000] Xen: [mem 0x000000009d7f5000-0x000000009fffffff] reserved
[    0.000000] Xen: [mem 0x00000000e0000000-0x00000000efffffff] reserved
[    0.000000] Xen: [mem 0x00000000fd000000-0x00000000ffffffff] reserved
[    0.000000] Xen: [mem 0x0000000100000000-0x0000000fde2fffff] usable
[    0.000000] Xen: [mem 0x0000000fdf340000-0x00000010801fffff] reserved
[    0.000000] printk: legacy bootconsole [xenboot0] enabled
[    0.000000] NX (Execute Disable) protection: active
[    0.000000] APIC: Static calls initialized
[    0.000000] efi: EFI v2.8 by American Megatrends
[    0.000000] efi: ACPI=3D0x97154000 ACPI 2.0=3D0x97154014 TPMFinalLog=3D0=
x97120000 SMBIOS=3D0x9ad65000 SMBIOS 3.0=3D0x9ad64000 (MEMATTR=3D0x8f8eb098=
 unusable) ESRT=3D0x9669a018 MOKvar=3D0x9adc2000=20
[    0.000000] secureboot: Secure boot disabled
[    0.000000] SMBIOS 3.5.0 present.
[    0.000000] DMI: Simply NUC EES24E32r8/EES24E32r8B, BIOS 0ACTF_SR_000_33=
 05/31/2024
[    0.000000] Hypervisor detected: Xen PV
[    0.026632] tsc: Fast TSC calibration using PIT
[    0.026634] tsc: Detected 3293.815 MHz processor
[    0.026635] tsc: Detected 3293.812 MHz TSC
[    0.026716] last_pfn =3D 0xfde300 max_arch_pfn =3D 0x400000000
[    0.026719] MTRR map: 1 entries (0 fixed + 1 variable; max 16), built fr=
om 8 variable MTRRs
[    0.026720] MTRRs set to read-only
[    0.026723] x86/PAT: Configuration [0-7]: WB  WT  UC- UC  WC  WP  UC  UC=
 =20
[    0.026725] last_pfn =3D 0x9bfff max_arch_pfn =3D 0x400000000
[    0.026744] esrt: Reserving ESRT space from 0x000000009669a018 to 0x0000=
00009669a050.
[    0.966402] secureboot: Secure boot disabled
[    0.966423] RAMDISK: [mem 0x18537000-0x21091fff]
[    0.966430] ACPI: Early table checksum verification disabled
[    0.966437] ACPI: RSDP 0x0000000097154014 000024 (v02 ALASKA)
[    0.966444] ACPI: XSDT 0x0000000097153728 00013C (v01 ALASKA A M I    01=
072009 AMI  01000013)
[    0.966486] ACPI: FACP 0x00000000966E8000 000114 (v06 ALASKA A M I    01=
072009 AMI  00010013)
[    0.966527] ACPI: DSDT 0x00000000966E0000 0078B7 (v02 ALASKA A M I    01=
072009 INTL 20200717)
[    0.966532] ACPI: FACS 0x000000009690D000 000040
[    0.966537] ACPI: SSDT 0x00000000966EA000 008416 (v02 AMD    AmdTable 00=
000002 MSFT 02000002)
[    0.966564] ACPI: SSDT 0x00000000966E9000 000221 (v02 ALASKA CPUSSDT  01=
072009 AMI  01072009)
[    0.966569] ACPI: FIDT 0x00000000966DF000 00009C (v01 ALASKA A M I    01=
072009 AMI  00010013)
[    0.966574] ACPI: MCFG 0x00000000966DE000 00003C (v01 ALASKA A M I    01=
072009 MSFT 00010013)
[    0.966579] ACPI: HPET 0x00000000966DD000 000038 (v01 ALASKA A M I    01=
072009 AMI  00000005)
[    0.966584] ACPI: UEFI 0x000000009690C000 000048 (v01 ALASKA A M I    01=
072009 AMI  01000013)
[    0.966589] ACPI: FPDT 0x00000000966DC000 000044 (v01 ALASKA A M I    01=
072009 AMI  01000013)
[    0.966594] ACPI: VFCT 0x00000000966D7000 004284 (v01 ALASKA A M I    00=
000001 AMD  33504F47)
[    0.966599] ACPI: TPM2 0x00000000966D6000 000044 (v05 ALASKA A M I    00=
000001 AMI  00000000)
[    0.966604] ACPI: SSDT 0x00000000966D0000 00547E (v02 AMD    AmdTable 00=
000001 AMD  00000001)
[    0.966609] ACPI: CRAT 0x00000000966CF000 000EE8 (v01 AMD    AmdTable 00=
000001 AMD  00000001)
[    0.966614] ACPI: CDIT 0x00000000966CE000 000029 (v01 AMD    AmdTable 00=
000001 AMD  00000001)
[    0.966619] ACPI: SDEV 0x00000000966CD000 000144 (v01 AMD    SdevTble 00=
000001 ACPI 00000002)
[    0.966624] ACPI: SSDT 0x00000000966CB000 0015C8 (v02 AMD    CPMDFIG2 00=
000001 INTL 20200717)
[    0.966629] ACPI: SSDT 0x00000000966C8000 002A9E (v02 AMD    CDFAAIG2 00=
000001 INTL 20200717)
[    0.966634] ACPI: SSDT 0x00000000966C6000 001E78 (v02 AMD    CPMPMF   00=
000001 INTL 20200717)
[    0.966639] ACPI: SSDT 0x00000000966C4000 0012AE (v02 AMD    OEMACP   00=
000001 INTL 20200717)
[    0.966644] ACPI: SSDT 0x00000000966C3000 0008BA (v02 AMD    OEMPMF   00=
000001 INTL 20200717)
[    0.966649] ACPI: SSDT 0x00000000966B9000 0098F6 (v02 AMD    CPMCMN   00=
000001 INTL 20200717)
[    0.966654] ACPI: WSMT 0x00000000966B8000 000028 (v01 ALASKA A M I    01=
072009 AMI  00010013)
[    0.966658] ACPI: APIC 0x00000000966B7000 0000E8 (v05 ALASKA A M I    01=
072009 AMI  00010013)
[    0.966664] ACPI: MHSP 0x00000000966B6000 0000C8 (v04 AMD    AGESA    20=
505348 ?    00000001)
[    0.966669] ACPI: SSDT 0x00000000966B5000 0000E5 (v02 MSFT   MHSP     00=
000004 INTL 20200717)
[    0.966674] ACPI: SSDT 0x00000000966B2000 00233C (v02 AMD    AOD      00=
000001 INTL 20200717)
[    0.966678] ACPI: SSDT 0x00000000966B1000 000051 (v02 AMD    DRTM     00=
000001 INTL 20200717)
[    0.966683] ACPI: IVRS 0x00000000966B0000 000198 (v02 AMD    AmdTable 00=
000001 AMD  00000001)
[    0.966688] ACPI: SSDT 0x00000000966AF000 000968 (v02 AMD    CPMMSOSC 00=
000001 INTL 20200717)
[    0.966693] ACPI: SSDT 0x00000000966AE000 000FF5 (v02 AMD    CPMACPV5 00=
000001 INTL 20200717)
[    0.966698] ACPI: SSDT 0x00000000966AD000 000FF7 (v02 AMD    GPP_PME_ 00=
000001 INTL 20200717)
[    0.966703] ACPI: SSDT 0x00000000966A3000 0098BD (v02 AMD    INTGPP03 00=
000001 INTL 20200717)
[    0.966708] ACPI: SSDT 0x000000009669E000 004FEB (v02 AMD    INTGPP01 00=
000001 INTL 20200717)
[    0.966713] ACPI: SSDT 0x000000009669D000 000DA2 (v02 AMD    CPMGPIO0 00=
000001 INTL 20200717)
[    0.966718] ACPI: SSDT 0x000000009669C000 00008D (v02 AMD    CPMMSLPI 00=
000001 INTL 20200717)
[    0.966723] ACPI: SSDT 0x000000009669B000 000501 (v02 AMD    CPMSFAML 00=
000001 INTL 20200717)
[    0.966726] ACPI: Reserving FACP table memory at [mem 0x966e8000-0x966e8=
113]
[    0.966728] ACPI: Reserving DSDT table memory at [mem 0x966e0000-0x966e7=
8b6]
[    0.966729] ACPI: Reserving FACS table memory at [mem 0x9690d000-0x9690d=
03f]
[    0.966730] ACPI: Reserving SSDT table memory at [mem 0x966ea000-0x966f2=
415]
[    0.966731] ACPI: Reserving SSDT table memory at [mem 0x966e9000-0x966e9=
220]
[    0.966732] ACPI: Reserving FIDT table memory at [mem 0x966df000-0x966df=
09b]
[    0.966733] ACPI: Reserving MCFG table memory at [mem 0x966de000-0x966de=
03b]
[    0.966734] ACPI: Reserving HPET table memory at [mem 0x966dd000-0x966dd=
037]
[    0.966735] ACPI: Reserving UEFI table memory at [mem 0x9690c000-0x9690c=
047]
[    0.966737] ACPI: Reserving FPDT table memory at [mem 0x966dc000-0x966dc=
043]
[    0.966738] ACPI: Reserving VFCT table memory at [mem 0x966d7000-0x966db=
283]
[    0.966739] ACPI: Reserving TPM2 table memory at [mem 0x966d6000-0x966d6=
043]
[    0.966740] ACPI: Reserving SSDT table memory at [mem 0x966d0000-0x966d5=
47d]
[    0.966741] ACPI: Reserving CRAT table memory at [mem 0x966cf000-0x966cf=
ee7]
[    0.966742] ACPI: Reserving CDIT table memory at [mem 0x966ce000-0x966ce=
028]
[    0.966743] ACPI: Reserving SDEV table memory at [mem 0x966cd000-0x966cd=
143]
[    0.966744] ACPI: Reserving SSDT table memory at [mem 0x966cb000-0x966cc=
5c7]
[    0.966745] ACPI: Reserving SSDT table memory at [mem 0x966c8000-0x966ca=
a9d]
[    0.966746] ACPI: Reserving SSDT table memory at [mem 0x966c6000-0x966c7=
e77]
[    0.966747] ACPI: Reserving SSDT table memory at [mem 0x966c4000-0x966c5=
2ad]
[    0.966749] ACPI: Reserving SSDT table memory at [mem 0x966c3000-0x966c3=
8b9]
[    0.966750] ACPI: Reserving SSDT table memory at [mem 0x966b9000-0x966c2=
8f5]
[    0.966751] ACPI: Reserving WSMT table memory at [mem 0x966b8000-0x966b8=
027]
[    0.966752] ACPI: Reserving APIC table memory at [mem 0x966b7000-0x966b7=
0e7]
[    0.966753] ACPI: Reserving MHSP table memory at [mem 0x966b6000-0x966b6=
0c7]
[    0.966754] ACPI: Reserving SSDT table memory at [mem 0x966b5000-0x966b5=
0e4]
[    0.966755] ACPI: Reserving SSDT table memory at [mem 0x966b2000-0x966b4=
33b]
[    0.966756] ACPI: Reserving SSDT table memory at [mem 0x966b1000-0x966b1=
050]
[    0.966757] ACPI: Reserving IVRS table memory at [mem 0x966b0000-0x966b0=
197]
[    0.966759] ACPI: Reserving SSDT table memory at [mem 0x966af000-0x966af=
967]
[    0.966760] ACPI: Reserving SSDT table memory at [mem 0x966ae000-0x966ae=
ff4]
[    0.966761] ACPI: Reserving SSDT table memory at [mem 0x966ad000-0x966ad=
ff6]
[    0.966762] ACPI: Reserving SSDT table memory at [mem 0x966a3000-0x966ac=
8bc]
[    0.966763] ACPI: Reserving SSDT table memory at [mem 0x9669e000-0x966a2=
fea]
[    0.966764] ACPI: Reserving SSDT table memory at [mem 0x9669d000-0x9669d=
da1]
[    0.966765] ACPI: Reserving SSDT table memory at [mem 0x9669c000-0x9669c=
08c]
[    0.966766] ACPI: Reserving SSDT table memory at [mem 0x9669b000-0x9669b=
500]
[    0.966827] APIC: Switched APIC routing to: Xen PV
[    0.966863] NUMA turned off
[    0.966864] Faking a node at [mem 0x0000000000000000-0x0000000fde2fffff]
[    0.966870] NODE_DATA(0) allocated [mem 0xf3b0b8000-0xf3b0e2fff]
[    1.052384] Zone ranges:
[    1.052388]   DMA      [mem 0x0000000000001000-0x0000000000ffffff]
[    1.052390]   DMA32    [mem 0x0000000001000000-0x00000000ffffffff]
[    1.052392]   Normal   [mem 0x0000000100000000-0x0000000fde2fffff]
[    1.052393]   Device   empty
[    1.052395] Movable zone start for each node
[    1.052396] Early memory node ranges
[    1.052397]   node   0: [mem 0x0000000000001000-0x000000000007ffff]
[    1.052399]   node   0: [mem 0x0000000000100000-0x0000000009a7efff]
[    1.052400]   node   0: [mem 0x000000000a000000-0x000000000a1fffff]
[    1.052401]   node   0: [mem 0x000000000a23c000-0x0000000093c7dfff]
[    1.052403]   node   0: [mem 0x000000009afff000-0x000000009bff8fff]
[    1.052404]   node   0: [mem 0x000000009bffd000-0x000000009bffefff]
[    1.052405]   node   0: [mem 0x0000000100000000-0x0000000fde2fffff]
[    1.052410] Initmem setup node 0 [mem 0x0000000000001000-0x0000000fde2ff=
fff]
[    1.052416] On node 0, zone DMA: 1 pages in unavailable ranges
[    1.052429] On node 0, zone DMA: 128 pages in unavailable ranges
[    1.052539] On node 0, zone DMA32: 1409 pages in unavailable ranges
[    1.054214] On node 0, zone DMA32: 60 pages in unavailable ranges
[    1.054384] On node 0, zone DMA32: 29569 pages in unavailable ranges
[    1.054401] On node 0, zone DMA32: 4 pages in unavailable ranges
[    1.090715] On node 0, zone Normal: 16385 pages in unavailable ranges
[    1.090770] On node 0, zone Normal: 7424 pages in unavailable ranges
[    1.090773] p2m virtual area at (____ptrval____), size is 40000000
[    1.337431] Remapped 440771 page(s)
[    1.338130] ACPI: PM-Timer IO Port: 0x808
[    1.338186] ACPI: LAPIC_NMI (acpi_id[0xff] high edge lint[0x1])
[    1.338208] IOAPIC[0]: apic_id 33, version 33, address 0xfec00000, GSI 0=
-23
[    1.338215] IOAPIC[1]: apic_id 34, version 33, address 0xfec01000, GSI 2=
4-55
[    1.338223] ACPI: INT_SRC_OVR (bus 0 bus_irq 0 global_irq 2 dfl dfl)
[    1.338226] ACPI: INT_SRC_OVR (bus 0 bus_irq 1 global_irq 1 low edge)
[    1.338229] ACPI: INT_SRC_OVR (bus 0 bus_irq 9 global_irq 9 low level)
[    1.338243] ACPI: Using ACPI (MADT) for SMP configuration information
[    1.338245] ACPI: HPET id: 0x10228201 base: 0xfed00000
[    1.338675] smpboot: Allowing 8 CPUs, 0 hotplug CPUs
[    1.338689] PM: hibernation: Registered nosave memory: [mem 0x00000000-0=
x00000fff]
[    1.338691] PM: hibernation: Registered nosave memory: [mem 0x00080000-0=
x000fffff]
[    1.338693] PM: hibernation: Registered nosave memory: [mem 0x09a7f000-0=
x09ffffff]
[    1.338694] PM: hibernation: Registered nosave memory: [mem 0x0a200000-0=
x0a23bfff]
[    1.338696] PM: hibernation: Registered nosave memory: [mem 0x93c7e000-0=
x96683fff]
[    1.338697] PM: hibernation: Registered nosave memory: [mem 0x96684000-0=
x966f2fff]
[    1.338698] PM: hibernation: Registered nosave memory: [mem 0x966f3000-0=
x9716dfff]
[    1.338699] PM: hibernation: Registered nosave memory: [mem 0x9716e000-0=
x9affefff]
[    1.338701] PM: hibernation: Registered nosave memory: [mem 0x9bff9000-0=
x9bffcfff]
[    1.338703] PM: hibernation: Registered nosave memory: [mem 0x9bfff000-0=
x9cffffff]
[    1.338704] PM: hibernation: Registered nosave memory: [mem 0x9d000000-0=
x9d78ffff]
[    1.338705] PM: hibernation: Registered nosave memory: [mem 0x9d790000-0=
x9d7effff]
[    1.338706] PM: hibernation: Registered nosave memory: [mem 0x9d7f0000-0=
x9d7f4fff]
[    1.338707] PM: hibernation: Registered nosave memory: [mem 0x9d7f5000-0=
x9fffffff]
[    1.338708] PM: hibernation: Registered nosave memory: [mem 0xa0000000-0=
xdfffffff]
[    1.338709] PM: hibernation: Registered nosave memory: [mem 0xe0000000-0=
xefffffff]
[    1.338710] PM: hibernation: Registered nosave memory: [mem 0xf0000000-0=
xfcffffff]
[    1.338711] PM: hibernation: Registered nosave memory: [mem 0xfd000000-0=
xffffffff]
[    1.338713] [mem 0xa0000000-0xdfffffff] available for PCI devices
[    1.338720] Booting kernel on Xen
[    1.338721] Xen version: 4.18.3 (preserve-AD)
[    1.338724] clocksource: refined-jiffies: mask: 0xffffffff max_cycles: 0=
xffffffff, max_idle_ns: 1910969940391419 ns
[    1.338732] setup_percpu: NR_CPUS:8192 nr_cpumask_bits:8 nr_cpu_ids:8 nr=
_node_ids:1
[    1.338982] percpu: Embedded 86 pages/cpu s229376 r8192 d114688 u524288
[    1.339028] PV qspinlock hash table entries: 256 (order: 0, 4096 bytes, =
linear)
[    1.339031] Kernel command line: console=3Dhvc0 console=3Dtty1 earlyprin=
tk=3Dxen xen-pciback.passthrough=3D1 oops=3Dpanic panic=3D15 root=3D/dev/lo=
op0 ro rootfstype=3Dext4 zyimage=3Dzvol:xvda1@ref5030000 zyoverlay pstore.b=
ackend=3Defi libata.fua=3D1 audit=3D1 nohz=3Doff consoleblank=3D0 modprobe.=
blacklist=3D8250_dw
[    1.339108] audit: enabled (after initialization)
[    1.339124] Unknown kernel command line parameters "zyoverlay zyimage=3D=
zvol:xvda1@ref5030000", will be passed to user space.
[    1.339316] random: crng init done
[    1.342318] Dentry cache hash table entries: 8388608 (order: 14, 6710886=
4 bytes, linear)
[    1.343852] Inode-cache hash table entries: 4194304 (order: 13, 33554432=
 bytes, linear)
[    1.343993] Fallback order for Node 0: 0=20
[    1.343997] Built 1 zonelists, mobility grouping on.  Total pages: 15944=
838
[    1.344000] Policy zone: Normal
[    1.344009] mem auto-init: stack:all(zero), heap alloc:on, heap free:off
[    1.344012] software IO TLB: area num 8.
[    1.454324] Memory: 62248564K/64791792K available (22528K kernel code, 4=
438K rwdata, 13964K rodata, 4972K init, 4740K bss, 2542976K reserved, 0K cm=
a-reserved)
[    1.455150] SLUB: HWalign=3D64, Order=3D0-3, MinObjects=3D0, CPUs=3D8, N=
odes=3D1
Poking KASLR using RDRAND RDTSC...
[    1.455490] ftrace: allocating 57923 entries in 227 pages
[    1.463031] ftrace: allocated 227 pages with 5 groups
[    1.463604] Dynamic Preempt: voluntary
[    1.463679] rcu: Preemptible hierarchical RCU implementation.
[    1.463681] rcu: 	RCU restricting CPUs from NR_CPUS=3D8192 to nr_cpu_ids=
=3D8.
[    1.463682] 	Trampoline variant of Tasks RCU enabled.
[    1.463683] 	Rude variant of Tasks RCU enabled.
[    1.463684] 	Tracing variant of Tasks RCU enabled.
[    1.463685] rcu: RCU calculated value of scheduler-enlistment delay is 1=
00 jiffies.
[    1.463686] rcu: Adjusting geometry for rcu_fanout_leaf=3D16, nr_cpu_ids=
=3D8
[    1.466431] NR_IRQS: 524544, nr_irqs: 1032, preallocated irqs: 16
[    1.466497] xen:events: Using FIFO-based ABI
[    1.466544] rcu: srcu_init: Setting srcu_struct sizes based on contentio=
n.
[    1.466822] Console: colour dummy device 80x25
[    1.466825] printk: legacy console [tty1] enabled
[    1.466828] printk: legacy bootconsole [xenboot0] disabled
[    0.000000] Linux version 6.8.0-48-generic (root@a5570d9c6ad5) (x86_64-l=
inux-gnu-gcc-12 (Ubuntu 12.3.0-1ubuntu1~22.04) 12.3.0, GNU ld (GNU Binutils=
 for Ubuntu) 2.38) #48~22.04.1 SMP PREEMPT_DYNAMIC Tue Nov 26 23:18:34 UTC =
 (Ubuntu 6.8.0-48.48~22.04.1-generic 6.8.12)
[    0.000000] Command line: console=3Dhvc0 console=3Dtty1 earlyprintk=3Dxe=
n xen-pciback.passthrough=3D1 oops=3Dpanic panic=3D15 root=3D/dev/loop0 ro =
rootfstype=3Dext4 zyimage=3Dzvol:xvda1@ref5030000 zyoverlay pstore.backend=
=3Defi libata.fua=3D1 audit=3D1 nohz=3Doff consoleblank=3D0 modprobe.blackl=
ist=3D8250_dw
[    0.000000] KERNEL supported cpus:
[    0.000000]   Intel GenuineIntel
[    0.000000]   AMD AuthenticAMD
[    0.000000]   Hygon HygonGenuine
[    0.000000]   Centaur CentaurHauls
[    0.000000]   zhaoxin   Shanghai =20
[    0.000000] [Firmware Bug]: TSC doesn't count with P0 frequency!
[    0.000000] initrd moved from [mem 0x08000000-0x10b5a724] to [mem 0x1853=
7000-0x21091724]
[    0.000000] Released 0 page(s)
[    0.000000] BIOS-provided physical RAM map:
[    0.000000] Xen: [mem 0x0000000000000000-0x000000000007ffff] usable
[    0.000000] Xen: [mem 0x0000000000080000-0x00000000000fffff] reserved
[    0.000000] Xen: [mem 0x0000000000100000-0x0000000009a7efff] usable
[    0.000000] Xen: [mem 0x0000000009a7f000-0x0000000009ffffff] reserved
[    0.000000] Xen: [mem 0x000000000a000000-0x000000000a1fffff] usable
[    0.000000] Xen: [mem 0x000000000a200000-0x000000000a23bfff] ACPI NVS
[    0.000000] Xen: [mem 0x000000000a23c000-0x0000000093c7dfff] usable
[    0.000000] Xen: [mem 0x0000000093c7e000-0x0000000096683fff] reserved
[    0.000000] Xen: [mem 0x0000000096684000-0x00000000966f2fff] ACPI data
[    0.000000] Xen: [mem 0x00000000966f3000-0x000000009716dfff] ACPI NVS
[    0.000000] Xen: [mem 0x000000009716e000-0x000000009affefff] reserved
[    0.000000] Xen: [mem 0x000000009afff000-0x000000009bff8fff] usable
[    0.000000] Xen: [mem 0x000000009bff9000-0x000000009bffcfff] reserved
[    0.000000] Xen: [mem 0x000000009bffd000-0x000000009bffefff] usable
[    0.000000] Xen: [mem 0x000000009bfff000-0x000000009cffffff] reserved
[    0.000000] Xen: [mem 0x000000009d790000-0x000000009d7effff] reserved
[    0.000000] Xen: [mem 0x000000009d7f5000-0x000000009fffffff] reserved
[    0.000000] Xen: [mem 0x00000000e0000000-0x00000000efffffff] reserved
[    0.000000] Xen: [mem 0x00000000fd000000-0x00000000ffffffff] reserved
[    0.000000] Xen: [mem 0x0000000100000000-0x0000000fde2fffff] usable
[    0.000000] Xen: [mem 0x0000000fdf340000-0x00000010801fffff] reserved
[    0.000000] printk: legacy bootconsole [xenboot0] enabled
[    0.000000] NX (Execute Disable) protection: active
[    0.000000] APIC: Static calls initialized
[    0.000000] efi: EFI v2.8 by American Megatrends
[    0.000000] efi: ACPI=3D0x97154000 ACPI 2.0=3D0x97154014 TPMFinalLog=3D0=
x97120000 SMBIOS=3D0x9ad65000 SMBIOS 3.0=3D0x9ad64000 (MEMATTR=3D0x8f8eb098=
 unusable) ESRT=3D0x9669a018 MOKvar=3D0x9adc2000=20
[    0.000000] secureboot: Secure boot disabled
[    0.000000] SMBIOS 3.5.0 present.
[    0.000000] DMI: Simply NUC EES24E32r8/EES24E32r8B, BIOS 0ACTF_SR_000_33=
 05/31/2024
[    0.000000] Hypervisor detected: Xen PV
[    0.026632] tsc: Fast TSC calibration using PIT
[    0.026634] tsc: Detected 3293.815 MHz processor
[    0.026635] tsc: Detected 3293.812 MHz TSC
[    0.026716] last_pfn =3D 0xfde300 max_arch_pfn =3D 0x400000000
[    0.026719] MTRR map: 1 entries (0 fixed + 1 variable; max 16), built fr=
om 8 variable MTRRs
[    0.026720] MTRRs set to read-only
[    0.026723] x86/PAT: Configuration [0-7]: WB  WT  UC- UC  WC  WP  UC  UC=
 =20
[    0.026725] last_pfn =3D 0x9bfff max_arch_pfn =3D 0x400000000
[    0.026744] esrt: Reserving ESRT space from 0x000000009669a018 to 0x0000=
00009669a050.
[    0.966402] secureboot: Secure boot disabled
[    0.966423] RAMDISK: [mem 0x18537000-0x21091fff]
[    0.966430] ACPI: Early table checksum verification disabled
[    0.966437] ACPI: RSDP 0x0000000097154014 000024 (v02 ALASKA)
[    0.966444] ACPI: XSDT 0x0000000097153728 00013C (v01 ALASKA A M I    01=
072009 AMI  01000013)
[    0.966486] ACPI: FACP 0x00000000966E8000 000114 (v06 ALASKA A M I    01=
072009 AMI  00010013)
[    0.966527] ACPI: DSDT 0x00000000966E0000 0078B7 (v02 ALASKA A M I    01=
072009 INTL 20200717)
[    0.966532] ACPI: FACS 0x000000009690D000 000040
[    0.966537] ACPI: SSDT 0x00000000966EA000 008416 (v02 AMD    AmdTable 00=
000002 MSFT 02000002)
[    0.966564] ACPI: SSDT 0x00000000966E9000 000221 (v02 ALASKA CPUSSDT  01=
072009 AMI  01072009)
[    0.966569] ACPI: FIDT 0x00000000966DF000 00009C (v01 ALASKA A M I    01=
072009 AMI  00010013)
[    0.966574] ACPI: MCFG 0x00000000966DE000 00003C (v01 ALASKA A M I    01=
072009 MSFT 00010013)
[    0.966579] ACPI: HPET 0x00000000966DD000 000038 (v01 ALASKA A M I    01=
072009 AMI  00000005)
[    0.966584] ACPI: UEFI 0x000000009690C000 000048 (v01 ALASKA A M I    01=
072009 AMI  01000013)
[    0.966589] ACPI: FPDT 0x00000000966DC000 000044 (v01 ALASKA A M I    01=
072009 AMI  01000013)
[    0.966594] ACPI: VFCT 0x00000000966D7000 004284 (v01 ALASKA A M I    00=
000001 AMD  33504F47)
[    0.966599] ACPI: TPM2 0x00000000966D6000 000044 (v05 ALASKA A M I    00=
000001 AMI  00000000)
[    0.966604] ACPI: SSDT 0x00000000966D0000 00547E (v02 AMD    AmdTable 00=
000001 AMD  00000001)
[    0.966609] ACPI: CRAT 0x00000000966CF000 000EE8 (v01 AMD    AmdTable 00=
000001 AMD  00000001)
[    0.966614] ACPI: CDIT 0x00000000966CE000 000029 (v01 AMD    AmdTable 00=
000001 AMD  00000001)
[    0.966619] ACPI: SDEV 0x00000000966CD000 000144 (v01 AMD    SdevTble 00=
000001 ACPI 00000002)
[    0.966624] ACPI: SSDT 0x00000000966CB000 0015C8 (v02 AMD    CPMDFIG2 00=
000001 INTL 20200717)
[    0.966629] ACPI: SSDT 0x00000000966C8000 002A9E (v02 AMD    CDFAAIG2 00=
000001 INTL 20200717)
[    0.966634] ACPI: SSDT 0x00000000966C6000 001E78 (v02 AMD    CPMPMF   00=
000001 INTL 20200717)
[    0.966639] ACPI: SSDT 0x00000000966C4000 0012AE (v02 AMD    OEMACP   00=
000001 INTL 20200717)
[    0.966644] ACPI: SSDT 0x00000000966C3000 0008BA (v02 AMD    OEMPMF   00=
000001 INTL 20200717)
[    0.966649] ACPI: SSDT 0x00000000966B9000 0098F6 (v02 AMD    CPMCMN   00=
000001 INTL 20200717)
[    0.966654] ACPI: WSMT 0x00000000966B8000 000028 (v01 ALASKA A M I    01=
072009 AMI  00010013)
[    0.966658] ACPI: APIC 0x00000000966B7000 0000E8 (v05 ALASKA A M I    01=
072009 AMI  00010013)
[    0.966664] ACPI: MHSP 0x00000000966B6000 0000C8 (v04 AMD    AGESA    20=
505348 ?    00000001)
[    0.966669] ACPI: SSDT 0x00000000966B5000 0000E5 (v02 MSFT   MHSP     00=
000004 INTL 20200717)
[    0.966674] ACPI: SSDT 0x00000000966B2000 00233C (v02 AMD    AOD      00=
000001 INTL 20200717)
[    0.966678] ACPI: SSDT 0x00000000966B1000 000051 (v02 AMD    DRTM     00=
000001 INTL 20200717)
[    0.966683] ACPI: IVRS 0x00000000966B0000 000198 (v02 AMD    AmdTable 00=
000001 AMD  00000001)
[    0.966688] ACPI: SSDT 0x00000000966AF000 000968 (v02 AMD    CPMMSOSC 00=
000001 INTL 20200717)
[    0.966693] ACPI: SSDT 0x00000000966AE000 000FF5 (v02 AMD    CPMACPV5 00=
000001 INTL 20200717)
[    0.966698] ACPI: SSDT 0x00000000966AD000 000FF7 (v02 AMD    GPP_PME_ 00=
000001 INTL 20200717)
[    0.966703] ACPI: SSDT 0x00000000966A3000 0098BD (v02 AMD    INTGPP03 00=
000001 INTL 20200717)
[    0.966708] ACPI: SSDT 0x000000009669E000 004FEB (v02 AMD    INTGPP01 00=
000001 INTL 20200717)
[    0.966713] ACPI: SSDT 0x000000009669D000 000DA2 (v02 AMD    CPMGPIO0 00=
000001 INTL 20200717)
[    0.966718] ACPI: SSDT 0x000000009669C000 00008D (v02 AMD    CPMMSLPI 00=
000001 INTL 20200717)
[    0.966723] ACPI: SSDT 0x000000009669B000 000501 (v02 AMD    CPMSFAML 00=
000001 INTL 20200717)
[    0.966726] ACPI: Reserving FACP table memory at [mem 0x966e8000-0x966e8=
113]
[    0.966728] ACPI: Reserving DSDT table memory at [mem 0x966e0000-0x966e7=
8b6]
[    0.966729] ACPI: Reserving FACS table memory at [mem 0x9690d000-0x9690d=
03f]
[    0.966730] ACPI: Reserving SSDT table memory at [mem 0x966ea000-0x966f2=
415]
[    0.966731] ACPI: Reserving SSDT table memory at [mem 0x966e9000-0x966e9=
220]
[    0.966732] ACPI: Reserving FIDT table memory at [mem 0x966df000-0x966df=
09b]
[    0.966733] ACPI: Reserving MCFG table memory at [mem 0x966de000-0x966de=
03b]
[    0.966734] ACPI: Reserving HPET table memory at [mem 0x966dd000-0x966dd=
037]
[    0.966735] ACPI: Reserving UEFI table memory at [mem 0x9690c000-0x9690c=
047]
[    0.966737] ACPI: Reserving FPDT table memory at [mem 0x966dc000-0x966dc=
043]
[    0.966738] ACPI: Reserving VFCT table memory at [mem 0x966d7000-0x966db=
283]
[    0.966739] ACPI: Reserving TPM2 table memory at [mem 0x966d6000-0x966d6=
043]
[    0.966740] ACPI: Reserving SSDT table memory at [mem 0x966d0000-0x966d5=
47d]
[    0.966741] ACPI: Reserving CRAT table memory at [mem 0x966cf000-0x966cf=
ee7]
[    0.966742] ACPI: Reserving CDIT table memory at [mem 0x966ce000-0x966ce=
028]
[    0.966743] ACPI: Reserving SDEV table memory at [mem 0x966cd000-0x966cd=
143]
[    0.966744] ACPI: Reserving SSDT table memory at [mem 0x966cb000-0x966cc=
5c7]
[    0.966745] ACPI: Reserving SSDT table memory at [mem 0x966c8000-0x966ca=
a9d]
[    0.966746] ACPI: Reserving SSDT table memory at [mem 0x966c6000-0x966c7=
e77]
[    0.966747] ACPI: Reserving SSDT table memory at [mem 0x966c4000-0x966c5=
2ad]
[    0.966749] ACPI: Reserving SSDT table memory at [mem 0x966c3000-0x966c3=
8b9]
[    0.966750] ACPI: Reserving SSDT table memory at [mem 0x966b9000-0x966c2=
8f5]
[    0.966751] ACPI: Reserving WSMT table memory at [mem 0x966b8000-0x966b8=
027]
[    0.966752] ACPI: Reserving APIC table memory at [mem 0x966b7000-0x966b7=
0e7]
[    0.966753] ACPI: Reserving MHSP table memory at [mem 0x966b6000-0x966b6=
0c7]
[    0.966754] ACPI: Reserving SSDT table memory at [mem 0x966b5000-0x966b5=
0e4]
[    0.966755] ACPI: Reserving SSDT table memory at [mem 0x966b2000-0x966b4=
33b]
[    0.966756] ACPI: Reserving SSDT table memory at [mem 0x966b1000-0x966b1=
050]
[    0.966757] ACPI: Reserving IVRS table memory at [mem 0x966b0000-0x966b0=
197]
[    0.966759] ACPI: Reserving SSDT table memory at [mem 0x966af000-0x966af=
967]
[    0.966760] ACPI: Reserving SSDT table memory at [mem 0x966ae000-0x966ae=
ff4]
[    0.966761] ACPI: Reserving SSDT table memory at [mem 0x966ad000-0x966ad=
ff6]
[    0.966762] ACPI: Reserving SSDT table memory at [mem 0x966a3000-0x966ac=
8bc]
[    0.966763] ACPI: Reserving SSDT table memory at [mem 0x9669e000-0x966a2=
fea]
[    0.966764] ACPI: Reserving SSDT table memory at [mem 0x9669d000-0x9669d=
da1]
[    0.966765] ACPI: Reserving SSDT table memory at [mem 0x9669c000-0x9669c=
08c]
[    0.966766] ACPI: Reserving SSDT table memory at [mem 0x9669b000-0x9669b=
500]
[    0.966827] APIC: Switched APIC routing to: Xen PV
[    0.966863] NUMA turned off
[    0.966864] Faking a node at [mem 0x0000000000000000-0x0000000fde2fffff]
[    0.966870] NODE_DATA(0) allocated [mem 0xf3b0b8000-0xf3b0e2fff]
[    1.052384] Zone ranges:
[    1.052388]   DMA      [mem 0x0000000000001000-0x0000000000ffffff]
[    1.052390]   DMA32    [mem 0x0000000001000000-0x00000000ffffffff]
[    1.052392]   Normal   [mem 0x0000000100000000-0x0000000fde2fffff]
[    1.052393]   Device   empty
[    1.052395] Movable zone start for each node
[    1.052396] Early memory node ranges
[    1.052397]   node   0: [mem 0x0000000000001000-0x000000000007ffff]
[    1.052399]   node   0: [mem 0x0000000000100000-0x0000000009a7efff]
[    1.052400]   node   0: [mem 0x000000000a000000-0x000000000a1fffff]
[    1.052401]   node   0: [mem 0x000000000a23c000-0x0000000093c7dfff]
[    1.052403]   node   0: [mem 0x000000009afff000-0x000000009bff8fff]
[    1.052404]   node   0: [mem 0x000000009bffd000-0x000000009bffefff]
[    1.052405]   node   0: [mem 0x0000000100000000-0x0000000fde2fffff]
[    1.052410] Initmem setup node 0 [mem 0x0000000000001000-0x0000000fde2ff=
fff]
[    1.052416] On node 0, zone DMA: 1 pages in unavailable ranges
[    1.052429] On node 0, zone DMA: 128 pages in unavailable ranges
[    1.052539] On node 0, zone DMA32: 1409 pages in unavailable ranges
[    1.054214] On node 0, zone DMA32: 60 pages in unavailable ranges
[    1.054384] On node 0, zone DMA32: 29569 pages in unavailable ranges
[    1.054401] On node 0, zone DMA32: 4 pages in unavailable ranges
[    1.090715] On node 0, zone Normal: 16385 pages in unavailable ranges
[    1.090770] On node 0, zone Normal: 7424 pages in unavailable ranges
[    1.090773] p2m virtual area at (____ptrval____), size is 40000000
[    1.337431] Remapped 440771 page(s)
[    1.338130] ACPI: PM-Timer IO Port: 0x808
[    1.338186] ACPI: LAPIC_NMI (acpi_id[0xff] high edge lint[0x1])
[    1.338208] IOAPIC[0]: apic_id 33, version 33, address 0xfec00000, GSI 0=
-23
[    1.338215] IOAPIC[1]: apic_id 34, version 33, address 0xfec01000, GSI 2=
4-55
[    1.338223] ACPI: INT_SRC_OVR (bus 0 bus_irq 0 global_irq 2 dfl dfl)
[    1.338226] ACPI: INT_SRC_OVR (bus 0 bus_irq 1 global_irq 1 low edge)
[    1.338229] ACPI: INT_SRC_OVR (bus 0 bus_irq 9 global_irq 9 low level)
[    1.338243] ACPI: Using ACPI (MADT) for SMP configuration information
[    1.338245] ACPI: HPET id: 0x10228201 base: 0xfed00000
[    1.338675] smpboot: Allowing 8 CPUs, 0 hotplug CPUs
[    1.338689] PM: hibernation: Registered nosave memory: [mem 0x00000000-0=
x00000fff]
[    1.338691] PM: hibernation: Registered nosave memory: [mem 0x00080000-0=
x000fffff]
[    1.338693] PM: hibernation: Registered nosave memory: [mem 0x09a7f000-0=
x09ffffff]
[    1.338694] PM: hibernation: Registered nosave memory: [mem 0x0a200000-0=
x0a23bfff]
[    1.338696] PM: hibernation: Registered nosave memory: [mem 0x93c7e000-0=
x96683fff]
[    1.338697] PM: hibernation: Registered nosave memory: [mem 0x96684000-0=
x966f2fff]
[    1.338698] PM: hibernation: Registered nosave memory: [mem 0x966f3000-0=
x9716dfff]
[    1.338699] PM: hibernation: Registered nosave memory: [mem 0x9716e000-0=
x9affefff]
[    1.338701] PM: hibernation: Registered nosave memory: [mem 0x9bff9000-0=
x9bffcfff]
[    1.338703] PM: hibernation: Registered nosave memory: [mem 0x9bfff000-0=
x9cffffff]
[    1.338704] PM: hibernation: Registered nosave memory: [mem 0x9d000000-0=
x9d78ffff]
[    1.338705] PM: hibernation: Registered nosave memory: [mem 0x9d790000-0=
x9d7effff]
[    1.338706] PM: hibernation: Registered nosave memory: [mem 0x9d7f0000-0=
x9d7f4fff]
[    1.338707] PM: hibernation: Registered nosave memory: [mem 0x9d7f5000-0=
x9fffffff]
[    1.338708] PM: hibernation: Registered nosave memory: [mem 0xa0000000-0=
xdfffffff]
[    1.338709] PM: hibernation: Registered nosave memory: [mem 0xe0000000-0=
xefffffff]
[    1.338710] PM: hibernation: Registered nosave memory: [mem 0xf0000000-0=
xfcffffff]
[    1.338711] PM: hibernation: Registered nosave memory: [mem 0xfd000000-0=
xffffffff]
[    1.338713] [mem 0xa0000000-0xdfffffff] available for PCI devices
[    1.338720] Booting kernel on Xen
[    1.338721] Xen version: 4.18.3 (preserve-AD)
[    1.338724] clocksource: refined-jiffies: mask: 0xffffffff max_cycles: 0=
xffffffff, max_idle_ns: 1910969940391419 ns
[    1.338732] setup_percpu: NR_CPUS:8192 nr_cpumask_bits:8 nr_cpu_ids:8 nr=
_node_ids:1
[    1.338982] percpu: Embedded 86 pages/cpu s229376 r8192 d114688 u524288
[    1.339028] PV qspinlock hash table entries: 256 (order: 0, 4096 bytes, =
linear)
[    1.339031] Kernel command line: console=3Dhvc0 console=3Dtty1 earlyprin=
tk=3Dxen xen-pciback.passthrough=3D1 oops=3Dpanic panic=3D15 root=3D/dev/lo=
op0 ro rootfstype=3Dext4 zyimage=3Dzvol:xvda1@ref5030000 zyoverlay pstore.b=
ackend=3Defi libata.fua=3D1 audit=3D1 nohz=3Doff consoleblank=3D0 modprobe.=
blacklist=3D8250_dw
[    1.339108] audit: enabled (after initialization)
[    1.339124] Unknown kernel command line parameters "zyoverlay zyimage=3D=
zvol:xvda1@ref5030000", will be passed to user space.
[    1.339316] random: crng init done
[    1.342318] Dentry cache hash table entries: 8388608 (order: 14, 6710886=
4 bytes, linear)
[    1.343852] Inode-cache hash table entries: 4194304 (order: 13, 33554432=
 bytes, linear)
[    1.343993] Fallback order for Node 0: 0=20
[    1.343997] Built 1 zonelists, mobility grouping on.  Total pages: 15944=
838
[    1.344000] Policy zone: Normal
[    1.344009] mem auto-init: stack:all(zero), heap alloc:on, heap free:off
[    1.344012] software IO TLB: area num 8.
[    1.454324] Memory: 62248564K/64791792K available (22528K kernel code, 4=
438K rwdata, 13964K rodata, 4972K init, 4740K bss, 2542976K reserved, 0K cm=
a-reserved)
[    1.455150] SLUB: HWalign=3D64, Order=3D0-3, MinObjects=3D0, CPUs=3D8, N=
odes=3D1
[    1.455490] ftrace: allocating 57923 entries in 227 pages
[    1.463031] ftrace: allocated 227 pages with 5 groups
[    1.463604] Dynamic Preempt: voluntary
[    1.463679] rcu: Preemptible hierarchical RCU implementation.
[    1.463681] rcu: 	RCU restricting CPUs from NR_CPUS=3D8192 to nr_cpu_ids=
=3D8.
[    1.463682] 	Trampoline variant of Tasks RCU enabled.
[    1.463683] 	Rude variant of Tasks RCU enabled.
[    1.463684] 	Tracing variant of Tasks RCU enabled.
[    1.463685] rcu: RCU calculated value of scheduler-enlistment delay is 1=
00 jiffies.
[    1.463686] rcu: Adjusting geometry for rcu_fanout_leaf=3D16, nr_cpu_ids=
=3D8
[    1.466431] NR_IRQS: 524544, nr_irqs: 1032, preallocated irqs: 16
[    1.466497] xen:events: Using FIFO-based ABI
[    1.466544] rcu: srcu_init: Setting srcu_struct sizes based on contentio=
n.
[    1.466822] Console: colour dummy device 80x25
[    1.466825] printk: legacy console [tty1] enabled
[    1.466828] printk: legacy bootconsole [xenboot0] disabled
[    1.466832] printk: legacy console [hvc0] enabled
[    1.467132] ACPI: Core revision 20230628
[    1.495547] clocksource: xen: mask: 0xffffffffffffffff max_cycles: 0x1cd=
42e4dffb, max_idle_ns: 881590591483 ns
[    1.495555] installing Xen timer for CPU 0
[    1.495622] clocksource: tsc-early: mask: 0xffffffffffffffff max_cycles:=
 0x2f7a76a4ebd, max_idle_ns: 440795230158 ns
[    1.495628] Calibrating delay loop (skipped), value calculated using tim=
er frequency.. 6587.62 BogoMIPS (lpj=3D3293812)
[    1.495663] Last level iTLB entries: 4KB 512, 2MB 512, 4MB 256
[    1.495666] Last level dTLB entries: 4KB 3072, 2MB 3072, 4MB 1536, 1GB 0
[    1.495669] Spectre V1 : Mitigation: usercopy/swapgs barriers and __user=
 pointer sanitization
[    1.495674] Spectre V2 : Mitigation: Retpolines
[    1.495676] Spectre V2 : Spectre v2 / SpectreRSB mitigation: Filling RSB=
 on context switch
[    1.495679] Spectre V2 : Spectre v2 / SpectreRSB : Filling RSB on VMEXIT
[    1.495682] Spectre V2 : mitigation: Enabling conditional Indirect Branc=
h Prediction Barrier
[    1.495686] Speculative Store Bypass: Vulnerable
[    1.495688] Speculative Return Stack Overflow: Mitigation: Safe RET
[    1.495698] x86/fpu: Supporting XSAVE feature 0x001: 'x87 floating point=
 registers'
[    1.495701] x86/fpu: Supporting XSAVE feature 0x002: 'SSE registers'
[    1.495704] x86/fpu: Supporting XSAVE feature 0x004: 'AVX registers'
[    1.495706] x86/fpu: Supporting XSAVE feature 0x020: 'AVX-512 opmask'
[    1.495708] x86/fpu: Supporting XSAVE feature 0x040: 'AVX-512 Hi256'
[    1.495711] x86/fpu: Supporting XSAVE feature 0x080: 'AVX-512 ZMM_Hi256'
[    1.495713] x86/fpu: xstate_offset[2]:  576, xstate_sizes[2]:  256
[    1.495716] x86/fpu: xstate_offset[5]:  832, xstate_sizes[5]:   64
[    1.495718] x86/fpu: xstate_offset[6]:  896, xstate_sizes[6]:  512
[    1.495721] x86/fpu: xstate_offset[7]: 1408, xstate_sizes[7]: 1024
[    1.495723] x86/fpu: Enabled xstate features 0xe7, context size is 2432 =
bytes, using 'compacted' format.
[    1.511484] Freeing SMP alternatives memory: 48K
[    1.511493] pid_max: default: 32768 minimum: 301
[    1.511544] LSM: initializing lsm=3Dlockdown,capability,landlock,yama,ap=
parmor,integrity
[    1.511567] landlock: Up and running.
[    1.511571] Yama: becoming mindful.
[    1.511605] AppArmor: AppArmor initialized
[    1.511678] Mount-cache hash table entries: 131072 (order: 8, 1048576 by=
tes, linear)
[    1.511721] Mountpoint-cache hash table entries: 131072 (order: 8, 10485=
76 bytes, linear)
[    1.512178] cpu 0 spinlock event irq 57
[    1.512187] VPMU disabled by hypervisor.
[    1.512388] RCU Tasks: Setting shift to 3 and lim to 1 rcu_task_cb_adjus=
t=3D1.
[    1.512428] RCU Tasks Rude: Setting shift to 3 and lim to 1 rcu_task_cb_=
adjust=3D1.
[    1.512450] RCU Tasks Trace: Setting shift to 3 and lim to 1 rcu_task_cb=
_adjust=3D1.
[    1.512474] Performance Events: PMU not available due to virtualization,=
 using software events only.
[    1.512485] signal: max sigframe size: 3376
[    1.512520] rcu: Hierarchical SRCU implementation.
[    1.512525] rcu: 	Max phase no-delay instances is 400.
[    1.520689] NMI watchdog: Perf NMI watchdog permanently disabled
[    1.520793] smp: Bringing up secondary CPUs ...
[    1.520926] installing Xen timer for CPU 1
[    1.521145] installing Xen timer for CPU 2
[    1.521331] installing Xen timer for CPU 3
[    1.521527] installing Xen timer for CPU 4
[    1.521716] installing Xen timer for CPU 5
[    1.521897] installing Xen timer for CPU 6
[    1.522072] installing Xen timer for CPU 7
[    1.522144] cpu 1 spinlock event irq 97
[    1.522144] cpu 2 spinlock event irq 98
[    1.522144] cpu 3 spinlock event irq 99
[    1.522635] cpu 4 spinlock event irq 100
[    1.522744] cpu 5 spinlock event irq 101
[    1.522763] cpu 6 spinlock event irq 102
[    1.522763] cpu 7 spinlock event irq 103
[    1.522765] smp: Brought up 1 node, 8 CPUs
[    1.522771] smpboot: Max logical packages: 1
[    1.524439] devtmpfs: initialized
[    1.524439] x86/mm: Memory block size: 128MB
[    1.530666] ACPI: PM: Registering ACPI NVS region [mem 0x0a200000-0x0a23=
bfff] (245760 bytes)
[    1.530678] ACPI: PM: Registering ACPI NVS region [mem 0x966f3000-0x9716=
dfff] (10989568 bytes)
[    1.530844] clocksource: jiffies: mask: 0xffffffff max_cycles: 0xfffffff=
f, max_idle_ns: 1911260446275000 ns
[    1.530858] futex hash table entries: 2048 (order: 5, 131072 bytes, line=
ar)
[    1.530927] pinctrl core: initialized pinctrl subsystem
[    1.531034] PM: RTC time: 13:39:38, date: 2024-12-02
[    1.532061] NET: Registered PF_NETLINK/PF_ROUTE protocol family
[    1.532086] xen:grant_table: Grant tables using version 1 layout
[    1.532106] Grant table initialized
[    1.532577] DMA: preallocated 4096 KiB GFP_KERNEL pool for atomic alloca=
tions
[    1.532786] DMA: preallocated 4096 KiB GFP_KERNEL|GFP_DMA pool for atomi=
c allocations
[    1.532980] DMA: preallocated 4096 KiB GFP_KERNEL|GFP_DMA32 pool for ato=
mic allocations
[    1.533000] audit: initializing netlink subsys (enabled)
[    1.533015] audit: type=3D2000 audit(1733146778.033:1): state=3Dinitiali=
zed audit_enabled=3D1 res=3D1
[    1.533015] thermal_sys: Registered thermal governor 'fair_share'
[    1.533015] thermal_sys: Registered thermal governor 'bang_bang'
[    1.533015] thermal_sys: Registered thermal governor 'step_wise'
[    1.533015] thermal_sys: Registered thermal governor 'user_space'
[    1.533015] thermal_sys: Registered thermal governor 'power_allocator'
[    1.533015] EISA bus registered
[    1.533690] acpiphp: ACPI Hot Plug PCI Controller Driver version: 0.5
[    1.533948] PCI: ECAM [mem 0xe0000000-0xefffffff] (base 0xe0000000) for =
domain 0000 [bus 00-ff]
(XEN) d0: Forcing write emulation on MFNs e0000-effff
[    1.566930] PCI: Using configuration type 1 for base access
[    1.567239] kprobes: kprobe jump-optimization is enabled. All kprobes ar=
e optimized if possible.
[    1.567717] fbcon: Taking over console
[    1.567742] ACPI: Added _OSI(Module Device)
[    1.567747] ACPI: Added _OSI(Processor Device)
[    1.567751] ACPI: Added _OSI(3.0 _SCP Extensions)
[    1.567756] ACPI: Added _OSI(Processor Aggregator Device)
[    1.600527] ACPI: 21 ACPI AML tables successfully acquired and loaded
[    1.622838] ACPI: _OSC evaluation for CPUs failed, trying _PDC
[    1.624340] ACPI: Interpreter enabled
[    1.624359] ACPI: PM: (supports S0 S3 S4 S5)
[    1.624364] ACPI: Using IOAPIC for interrupt routing
[    1.626467] PCI: Using host bridge windows from ACPI; if necessary, use =
"pci=3Dnocrs" and report a bug
[    1.626475] PCI: Ignoring E820 reservations for host bridge windows
[    1.627418] ACPI: Enabled 4 GPEs in block 00 to 1F
[    1.630913] ACPI: \_SB_.PCI0.GP11.PWRS: New power resource
[    1.632031] ACPI: \_SB_.PCI0.GP11.SWUS.PWRS: New power resource
[    1.633056] ACPI: \_SB_.PCI0.GP12.PWRS: New power resource
[    1.634148] ACPI: \_SB_.PCI0.GP12.SWUS.PWRS: New power resource
[    1.634586] ACPI: \_SB_.PCI0.GP17.PWRS: New power resource
[    1.635033] ACPI: \_SB_.PCI0.GP17.VGA_.PWRS: New power resource
[    1.635567] ACPI: \_SB_.PCI0.GP17.HDAU.PWRS: New power resource
[    1.636027] ACPI: \_SB_.PCI0.GP17.ACP_.PWRS: New power resource
[    1.637100] ACPI: \_SB_.PCI0.GP17.AZAL.PWRS: New power resource
[    1.638165] ACPI: \_SB_.PCI0.GP17.XHC0.PWRS: New power resource
[    1.642929] ACPI: \_SB_.PCI0.GP17.XHC1.PWRS: New power resource
[    1.646471] ACPI: \_SB_.PCI0.GP19.XHC2.PWRS: New power resource
[    1.648936] ACPI: \_SB_.PCI0.GP19.XHC3.PWRS: New power resource
[    1.651469] ACPI: \_SB_.PCI0.GP19.XHC4.PWRS: New power resource
[    1.653968] ACPI: \_SB_.PCI0.GP19.NHI0.PWRS: New power resource
[    1.655031] ACPI: \_SB_.PCI0.GP19.NHI1.PWRS: New power resource
[    1.670026] ACPI: PCI Root Bridge [PCI0] (domain 0000 [bus 00-ff])
[    1.670036] acpi PNP0A08:00: _OSC: OS supports [ExtendedConfig ASPM Cloc=
kPM Segments MSI EDR HPX-Type3]
[    1.670299] acpi PNP0A08:00: _OSC: OS now controls [PCIeHotplug SHPCHotp=
lug PME AER PCIeCapability LTR DPC]
[    1.671252] PCI host bridge to bus 0000:00
[    1.671257] pci_bus 0000:00: root bus resource [io  0x0000-0x03af window]
[    1.671263] pci_bus 0000:00: root bus resource [io  0x03e0-0x0cf7 window]
[    1.671268] pci_bus 0000:00: root bus resource [io  0x03b0-0x03df window]
[    1.671274] pci_bus 0000:00: root bus resource [io  0x0d00-0xffff window]
[    1.671280] pci_bus 0000:00: root bus resource [mem 0x000a0000-0x000dfff=
f window]
[    1.671286] pci_bus 0000:00: root bus resource [mem 0xfa000000-0xfcfffff=
f window]
[    1.671292] pci_bus 0000:00: root bus resource [mem 0xf0000000-0xf9fffff=
f window]
[    1.671298] pci_bus 0000:00: root bus resource [mem 0xa0000000-0xdffffff=
f window]
[    1.671304] pci_bus 0000:00: root bus resource [mem[    4.024813] x86/mm=
: Checked W+X mappings: passed, no W+X pages found.
[    4.024870] Run /init as init process
[    4.025387] audit: type=3D1334 audit(1733146780.694:8): prog-id=3D1 op=
=3DUNLOAD
[    4.188822] ACPI: video: Video Device [VGA] (multi-head: yes  rom: no  p=
ost: no)
[    4.189248] input: Video Bus as /devices/LNXSYSTM:00/LNXSYBUS:00/PNP0A08=
:00/device:22/LNXVIDEO:00/input/input1
[    4.196462] piix4_smbus 0000:00:14.0: SMBus Host Controller at 0xb00, re=
vision 0
[    4.196476] piix4_smbus 0000:00:14.0: Using register 0x02 for SMBus port=
 selection
[    4.196762] hid: raw HID events driver (C) Jiri Kosina
[    4.196963] pstore: backend 'efi' already in use: ignoring 'efi_pstore'
[    4.197068] Already setup the GSI :37
[    4.197406] xhci_hcd 0000:07:00.3: xHCI Host Controller
[    4.197660] xhci_hcd 0000:07:00.3: new USB bus registered, assigned bus =
number 1
[    4.197774] piix4_smbus 0000:00:14.0: Auxiliary SMBus Host Controller at=
 0xb20
[    4.198147] xhci_hcd 0000:07:00.3: hcc params 0x0128ffc5 hci version 0x1=
20 quirks 0x0000000200000010
[    4.198425] pcie_mp2_amd 0000:07:00.7: enabling device (0000 -> 0002)
[    4.198783] xhci_hcd 0000:07:00.3: xHCI Host Controller
[    4.198796] xhci_hcd 0000:07:00.3: new USB bus registered, assigned bus =
number 2
[    4.198808] xhci_hcd 0000:07:00.3: Host supports USB 3.1 Enhanced SuperS=
peed
[    4.198897] usb usb1: New USB device found, idVendor=3D1d6b, idProduct=
=3D0002, bcdDevice=3D 6.08
[    4.198908] usb usb1: New USB device strings: Mfr=3D3, Product=3D2, Seri=
alNumber=3D1
[    4.198917] usb usb1: Product: xHCI Host Controller
[    4.198924] usb usb1: Manufacturer: Linux 6.8.0-48-generic xhci-hcd
[    4.198932] usb usb1: SerialNumber: 0000:07:00.3
[    4.199192] Already setup the GSI :37
[    4.199727] nvme 0000:01:00.0: platform quirk: setting simple suspend
[    4.199745] nvme 0000:06:00.0: platform quirk: setting simple suspend
[    4.199885] hub 1-0:1.0: USB hub found
[    4.199893] nvme nvme1: pci function 0000:06:00.0
[    4.199900] nvme nvme0: pci function 0000:01:00.0
[    4.199923] hub 1-0:1.0: 5 ports detected
[    4.206498] nvme nvme0: missing or invalid SUBNQN field.
[    4.206509] nvme nvme1: missing or invalid SUBNQN field.
[    4.206656] nvme nvme0: Shutdown timeout set to 8 seconds
[    4.207094] nvme nvme1: Shutdown timeout set to 8 seconds
[    4.211216] usb usb2: We don't know the algorithms for LPM for this host=
, disabling LPM.
[    4.211304] usb usb2: New USB device found, idVendor=3D1d6b, idProduct=
=3D0003, bcdDevice=3D 6.08
[    4.211323] usb usb2: New USB device strings: Mfr=3D3, Product=3D2, Seri=
alNumber=3D1
[    4.211338] usb usb2: Product: xHCI Host Controller
[    4.211349] usb usb2: Manufacturer: Linux 6.8.0-48-generic xhci-hcd
[    4.211362] usb usb2: SerialNumber: 0000:07:00.3
[    4.211635] hub 2-0:1.0: USB hub found
[    4.211649] hub 2-0:1.0: 2 ports detected
[    4.215753] Already setup the GSI :38
[    4.215953] xhci_hcd 0000:07:00.4: xHCI Host Controller
[    4.215963] xhci_hcd 0000:07:00.4: new USB bus registered, assigned bus =
number 3
[    4.216398] xhci_hcd 0000:07:00.4: hcc params 0x0110ffc5 hci version 0x1=
20 quirks 0x0000000200000010
[    4.216699] xhci_hcd 0000:07:00.4: xHCI Host Controller
[    4.216707] xhci_hcd 0000:07:00.4: new USB bus registered, assigned bus =
number 4
[    4.216716] xhci_hcd 0000:07:00.4: Host supports USB 3.1 Enhanced SuperS=
peed
[    4.216798] usb usb3: New USB device found, idVendor=3D1d6b, idProduct=
=3D0002, bcdDevice=3D 6.08
[    4.216806] usb usb3: New USB device strings: Mfr=3D3, Product=3D2, Seri=
alNumber=3D1
[    4.216814] usb usb3: Product: xHCI Host Controller
[    4.216820] usb usb3: Manufacturer: Linux 6.8.0-48-generic xhci-hcd
[    4.216826] usb usb3: SerialNumber: 0000:07:00.4
[    4.216978] hub 3-0:1.0: USB hub found
[    4.217006] hub 3-0:1.0: 1 port detected
[    4.218183] nvme nvme0: 8/0/0 default/read/poll queues
[    4.218615] usb usb4: We don't know the algorithms for LPM for this host=
, disabling LPM.
[    4.218660] usb usb4: New USB device found, idVendor=3D1d6b, idProduct=
=3D0003, bcdDevice=3D 6.08
[    4.218669] usb usb4: New USB device strings: Mfr=3D3, Product=3D2, Seri=
alNumber=3D1
[    4.218676] usb usb4: Product: xHCI Host Controller
[    4.218682] usb usb4: Manufacturer: Linux 6.8.0-48-generic xhci-hcd
[    4.218688] usb usb4: SerialNumber: 0000:07:00.4
[    4.218814] hub 4-0:1.0: USB hub found
[    4.218840] hub 4-0:1.0: 1 port detected
[    4.219576] nvme nvme1: 8/0/0 default/read/poll queues
[    4.220568] Already setup the GSI :46
[    4.220763] xhci_hcd 0000:09:00.3: xHCI Host Controller
[    4.220772] xhci_hcd 0000:09:00.3: new USB bus registered, assigned bus =
number 5
[    4.221139] xhci_hcd 0000:09:00.3: hcc params 0x0110ffc5 hci version 0x1=
20 quirks 0x0000000200000010
[    4.221447]  nvme0n1: p1 p2 p3 p4 p5 p6
[    4.221727] xhci_hcd 0000:09:00.3: xHCI Host Controller
[    4.221737] xhci_hcd 0000:09:00.3: new USB bus registered, assigned bus =
number 6
[    4.221746] xhci_hcd 0000:09:00.3: Host supports USB 3.1 Enhanced SuperS=
peed
[    4.221806] usb usb5: New USB device found, idVendor=3D1d6b, idProduct=
=3D0002, bcdDevice=3D 6.08
[    4.221814] usb usb5: New USB device strings: Mfr=3D3, Product=3D2, Seri=
alNumber=3D1
[    4.221823] usb usb5: Product: xHCI Host Controller
[    4.221827] usb usb5: Manufacturer: Linux 6.8.0-48-generic xhci-hcd
[    4.221834] usb usb5: SerialNumber: 0000:09:00.3
[    4.221986] hub 5-0:1.0: USB hub found
[    4.222013] hub 5-0:1.0: 1 port detected
[    4.223158]  nvme1n1: p1 p2 p3 p4 p5 p6
[    4.223642] usb usb6: We don't know the algorithms for LPM for this host=
, disabling LPM.
[    4.223691] usb usb6: New USB device found, idVendor=3D1d6b, idProduct=
=3D0003, bcdDevice=3D 6.08
[    4.223700] usb usb6: New USB device strings: Mfr=3D3, Product=3D2, Seri=
alNumber=3D1
[    4.223707] usb usb6: Product: xHCI Host Controller
[    4.223713] usb usb6: Manufacturer: Linux 6.8.0-48-generic xhci-hcd
[    4.223723] usb usb6: SerialNumber: 0000:09:00.3
[    4.224169] hub 6-0:1.0: USB hub found
[    4.224196] hub 6-0:1.0: 1 port detected
[    4.231228] Already setup the GSI :47
[    4.231481] xhci_hcd 0000:09:00.4: xHCI Host Controller
[    4.231494] xhci_hcd 0000:09:00.4: new USB bus registered, assigned bus =
number 7
[    4.231831] xhci_hcd 0000:09:00.4: hcc params 0x0110ffc5 hci version 0x1=
20 quirks 0x0000000200000010
[    4.232615] xhci_hcd 0000:09:00.4: xHCI Host Controller
[    4.232629] xhci_hcd 0000:09:00.4: new USB bus registered, assigned bus =
number 8
[    4.232643] xhci_hcd 0000:09:00.4: Host supports USB 3.1 Enhanced SuperS=
peed
[    4.232756] usb usb7: New USB device found, idVendor=3D1d6b, idProduct=
=3D0002, bcdDevice=3D 6.08
[    4.232771] usb usb7: New USB device strings: Mfr=3D3, Product=3D2, Seri=
alNumber=3D1
[    4.232782] usb usb7: Product: xHCI Host Controller
[    4.232791] usb usb7: Manufacturer: Linux 6.8.0-48-generic xhci-hcd
[    4.232800] usb usb7: SerialNumber: 0000:09:00.4
[    4.233143] hub 7-0:1.0: USB hub found
[    4.233202] hub 7-0:1.0: 1 port detected
[    4.235576] usb usb8: We don't know the algorithms for LPM for this host=
, disabling LPM.
[    4.235736] usb usb8: New USB device found, idVendor=3D1d6b, idProduct=
=3D0003, bcdDevice=3D 6.08
[    4.235751] usb usb8: New USB device strings: Mfr=3D3, Product=3D2, Seri=
alNumber=3D1
[    4.235763] usb usb8: Product: xHCI Host Controller
[    4.235773] usb usb8: Manufacturer: Linux 6.8.0-48-generic xhci-hcd
[    4.235782] usb usb8: SerialNumber: 0000:09:00.4
[    4.244377] hub 8-0:1.0: USB hub found
[    4.244429] hub 8-0:1.0: 1 port detected
[    4.474166] usb 7-1: new high-speed USB device number 2 using xhci_hcd
[    4.604005] usb 7-1: New USB device found, idVendor=3D04b4, idProduct=3D=
6502, bcdDevice=3D50.10
[    4.604016] usb 7-1: New USB device strings: Mfr=3D0, Product=3D0, Seria=
lNumber=3D0
[    4.649541] hub 7-1:1.0: USB hub found
[    4.649900] hub 7-1:1.0: 4 ports detected
[    4.718189] usb 8-1: new SuperSpeed USB device number 2 using xhci_hcd
[    4.730589] usb 8-1: New USB device found, idVendor=3D04b4, idProduct=3D=
6500, bcdDevice=3D50.10
[    4.730613] usb 8-1: New USB device strings: Mfr=3D0, Product=3D0, Seria=
lNumber=3D0
[    4.762374] hub 8-1:1.0: USB hub found
[    4.762452] hub 8-1:1.0: 4 ports detected
[    5.347496] [drm] amdgpu kernel modesetting enabled.
[    5.355084] raid6: avx512x4 gen() 41154 MB/s
[    5.364461] amdgpu: Virtual CRAT table created for CPU
[    5.364481] amdgpu: Topology: Add CPU node
[    5.364751] amdgpu 0000:07:00.0: enabling device (0006 -> 0007)
[    5.364831] Already setup the GSI :38
[    5.364853] [drm] initializing kernel modesetting (IP DISCOVERY 0x1002:0=
x1900 0x1002:0x0124 0xD0).
[    5.364935] [drm] register mmio base: 0xFBC00000
[    5.364941] [drm] register mmio size: 524288
[    5.368987] [drm] add ip block number 0 <soc21_common>
[    5.368995] [drm] add ip block number 1 <gmc_v11_0>
[    5.369000] [drm] add ip block number 2 <ih_v6_0>
[    5.369006] [drm] add ip block number 3 <psp>
[    5.369012] [drm] add ip block number 4 <smu>
[    5.369017] [drm] add ip block number 5 <dm>
[    5.369023] [drm] add ip block number 6 <gfx_v11_0>
[    5.369029] [drm] add ip block number 7 <sdma_v6_0>
[    5.369035] [drm] add ip block number 8 <vcn_v4_0>
[    5.369040] [drm] add ip block number 9 <jpeg_v4_0>
[    5.369046] [drm] add ip block number 10 <mes_v11_0>
[    5.372084] raid6: avx512x2 gen() 41444 MB/s
[    5.373486] amdgpu 0000:07:00.0: amdgpu: Fetched VBIOS from VFCT
[    5.373493] amdgpu: ATOM BIOS: 113-PHXGENERIC-001
[    5.378345] [drm] VCN(0) encode/decode are enabled in VM mode
[    5.379507] amdgpu 0000:07:00.0: [drm:jpeg_v4_0_early_init [amdgpu]] JPE=
G decode is enabled in VM mode
[    5.381242] amdgpu 0000:07:00.0: vgaarb: deactivate vga console
[    5.381253] amdgpu 0000:07:00.0: amdgpu: Trusted Memory Zone (TMZ) featu=
re enabled
[    5.381320] [drm] vm size is 262144 GB, 4 levels, block size is 9-bit, f=
ragment size is 9-bit
[    5.381350] amdgpu 0000:07:00.0: amdgpu: VRAM: 2048M 0x0000008000000000 =
- 0x000000807FFFFFFF (2048M used)
[    5.381358] amdgpu 0000:07:00.0: amdgpu: GART: 512M 0x00007FFF00000000 -=
 0x00007FFF1FFFFFFF
[    5.381380] [drm] Detected VRAM RAM=3D2048M, BAR=3D2048M
[    5.381385] [drm] RAM width 128bits DDR5
[    5.389085] raid6: avx512x1 gen() 28187 MB/s
[    5.406084] raid6: avx2x4   gen() 44277 MB/s
[    5.423084] raid6: avx2x2   gen() 50236 MB/s
[    5.440084] raid6: avx2x1   gen() 37095 MB/s
[    5.440090] raid6: using algorithm avx2x2 gen() 50236 MB/s
[    5.457084] raid6: .... xor() 40859 MB/s, rmw enabled
[    5.457090] raid6: using avx512x2 recovery algorithm
[    5.457824] xor: automatically using best checksumming function   avx   =
   =20
[    5.458421] async_tx: api initialized (async)
[    5.526556] md/raid1:mdX: active with 2 out of 2 mirrors
[    5.526573] md/raid1:mdX: active with 2 out of 2 mirrors
[    5.662909] [drm] amdgpu: 2048M of VRAM memory ready
[    5.662947] [drm] amdgpu: 30468M of GTT memory ready.
[    5.662972] [drm] GART: num cpu pages 131072, num gpu pages 131072
[    5.663477] [drm] PCIE GART of 512M enabled (table at 0x000000807FD00000=
).
[    5.664899] [drm] Loading DMUB firmware via PSP: version=3D0x08003700
[    5.665329] [drm] Found VCN firmware Version ENC: 1.19 DEC: 7 VEP: 0 Rev=
ision: 13
[    5.665341] amdgpu 0000:07:00.0: amdgpu: Will use PSP to load VCN firmwa=
re
[    5.691359] [drm] reserve 0x4000000 from 0x8078000000 for PSP TMR
[    6.237764] amdgpu 0000:07:00.0: amdgpu: RAS: optional ras ta ucode is n=
ot available
[    6.245936] amdgpu 0000:07:00.0: amdgpu: RAP: optional rap ta ucode is n=
ot available
[    6.245970] amdgpu 0000:07:00.0: amdgpu: SECUREDISPLAY: securedisplay ta=
 ucode is not available
[    6.279536] amdgpu 0000:07:00.0: amdgpu: SMU is initialized successfully!
[    6.279561] [drm] Seamless boot condition check passed
[    6.280713] [drm] Display Core v3.2.266 initialized on DCN 3.1.4
[    6.280721] [drm] DP-HDMI FRL PCON supported
[    6.282465] [drm] DMUB hardware initialized: version=3D0x08003700
[    6.287786] [drm] kiq ring mec 3 pipe 1 q 0
[    6.290333] [drm] VCN decode and encode initialized successfully(under D=
PG Mode).
[    6.290409] amdgpu 0000:07:00.0: [drm:jpeg_v4_0_hw_init [amdgpu]] JPEG d=
ecode initialized successfully.
[    6.295084] kfd kfd: amdgpu: Allocated 3969056 bytes on gart
[    6.295113] kfd kfd: amdgpu: Total number of KFD nodes to be created: 1
[    6.295247] amdgpu: Virtual CRAT table created for GPU
[    6.296073] amdgpu: Topology: Add dGPU node [0x1900:0x1002]
[    6.296084] kfd kfd: amdgpu: added device 1002:1900
[    6.296102] amdgpu 0000:07:00.0: amdgpu: SE 1, SH per SE 2, CU per SH 6,=
 active_cu_number 12
[    6.296114] amdgpu 0000:07:00.0: amdgpu: ring gfx_0.0.0 uses VM inv eng =
0 on hub 0
[    6.296122] amdgpu 0000:07:00.0: amdgpu: ring comp_1.0.0 uses VM inv eng=
 1 on hub 0
[    6.296129] amdgpu 0000:07:00.0: amdgpu: ring comp_1.1.0 uses VM inv eng=
 4 on hub 0
[    6.296136] amdgpu 0000:07:00.0: amdgpu: ring comp_1.2.0 uses VM inv eng=
 6 on hub 0
[    6.296143] amdgpu 0000:07:00.0: amdgpu: ring comp_1.3.0 uses VM inv eng=
 7 on hub 0
[    6.296150] amdgpu 0000:07:00.0: amdgpu: ring comp_1.0.1 uses VM inv eng=
 8 on hub 0
[    6.296157] amdgpu 0000:07:00.0: amdgpu: ring comp_1.1.1 uses VM inv eng=
 9 on hub 0
[    6.296164] amdgpu 0000:07:00.0: amdgpu: ring comp_1.2.1 uses VM inv eng=
 10 on hub 0
[    6.296171] amdgpu 0000:07:00.0: amdgpu: ring comp_1.3.1 uses VM inv eng=
 11 on hub 0
[    6.296178] amdgpu 0000:07:00.0: amdgpu: ring sdma0 uses VM inv eng 12 o=
n hub 0
[    6.296185] amdgpu 0000:07:00.0: amdgpu: ring vcn_unified_0 uses VM inv =
eng 0 on hub 8
[    6.296192] amdgpu 0000:07:00.0: amdgpu: ring jpeg_dec uses VM inv eng 1=
 on hub 8
[    6.296199] amdgpu 0000:07:00.0: amdgpu: ring mes_kiq_3.1.0 uses VM inv =
eng 13 on hub 0
[    6.297709] [drm] ring gfx_32768.1.1 was added
[    6.298368] [drm] ring compute_32768.2.2 was added
[    6.299030] [drm] ring sdma_32768.3.3 was added
[    6.299106] [drm] ring gfx_32768.1.1 ib test pass
[    6.299162] [drm] ring compute_32768.2.2 ib test pass
[    6.299233] [drm] ring sdma_32768.3.3 ib test pass
[    6.303753] [drm] Initialized amdgpu 3.57.0 20150101 for 0000:07:00.0 on=
 minor 0
[    6.305636] amdgpu 0000:07:00.0: [drm] Cannot find any crtc or sizes
[    6.305655] [drm] DSC precompute is not needed.
[    7.428443] aufs 6.8-20241118
[    7.447735] spl: loading out-of-tree module taints kernel.
[    7.447774] spl: module verification failed: signature and/or required k=
ey missing - tainting kernel
[    7.473708] zfs: module license 'CDDL' taints kernel.
[    7.473749] Disabling lock debugging due to kernel taint
[    7.473768] zfs: module license taints kernel.
[    8.445274] ZFS: Loaded module v2.2.6-8_g4d7c8a4831, ZFS pool version 50=
00, ZFS filesystem version 5
[    8.451525] zram: Added device: zram0
[    8.459967] usbcore: registered new interface driver usbhid
[    8.460001] usbhid: USB HID core driver
[    9.396507]  zd0: p1 p2
[    9.401182]  zd16: p1 p2
[    9.403714]  zd32: p1 p2
[    9.438841]  zd144: p1 p2
[    9.446862]  zd160: p1 p2
[    9.449952]  zd176: p1 p2
[    9.462561]  zd192: p1 p2 p3
[    9.479210]  zd208: p1
[    9.497995]  zd224: p1
[    9.502332]  zd240: p1
[    9.513842]  zd256: p1
[    9.519121]  zd272: p1
[    9.531274]  zd288: p1
[    9.544013]  zd304: p1 p2 p3
[    9.556444]  zd320: p1
[    9.561798]  zd336: p1
[    9.564952]  zd352: p1
[    9.576968]  zd368: p1
[    9.581743]  zd384: p1
[    9.586965]  zd400: p1
[    9.600764]  zd416: p1
[    9.615404]  zd432: p1 p2 p3
[    9.627818]  zd448: p1
[    9.640320]  zd464: p1
[    9.644034]  zd480: p1
[    9.657310] pcie_mp2_amd 0000:07:00.7: sfh1_1_init failed err -95
[    9.657834]  zd496: p1 p2 p3
[    9.660678]  zd512: p1 p2 p3
[    9.674613]  zd528: p1
[    9.677809]  zd544: p1
[    9.691380]  zd560: p1
[    9.695991]  zd576: p1
[    9.710232]  zd592: p1
[    9.724310]  zd608: p1
[    9.728514]  zd624: p1
[    9.741590]  zd640: p1
[    9.753245]  zd656: p1
[    9.756131]  zd672: p1
[    9.767304]  zd688: p1
[    9.773466]  zd704: p1
[    9.776668]  zd720: p1
[    9.790611]  zd736: p1 p2 p3
[    9.803857]  zd752: p1 p2 p3
[    9.807237]  zd768: p1 p2 p3
[    9.819582]  zd784: p1
[    9.830972]  zd800: p1
[    9.835318]  zd816: p1
[    9.851177]  zd832: p1 p2
[    9.862476]  zd848: p1 p2
[    9.874208]  zd864: p1 p2
[    9.888243]  zd880: p1 p2 p3
[    9.900926]  zd896: p1 p2
[    9.905365]  zd912: p1 p2
[    9.908283]  zd928: p1 p2
[    9.921880] GPT:Primary header thinks Alt. header is not at the end of t=
he disk.
[    9.921916] GPT:2092307 !=3D 2121223
[    9.921923] GPT:Alternate GPT header not at the end of the disk.
[    9.921930] GPT:2092307 !=3D 2121223
[    9.921936] GPT: Use GNU Parted to correct GPT errors.
[    9.921956]  zd944: p1 p2 p3
[    9.926837] GPT:Primary header thinks Alt. header is not at the end of t=
he disk.
[    9.926856] GPT:2092307 !=3D 2121223
[    9.926863] GPT:Alternate GPT header not at the end of the disk.
[    9.926871] GPT:2092307 !=3D 2121223
[    9.926876] GPT: Use GNU Parted to correct GPT errors.
[    9.926888]  zd960: p1 p2 p3
[    9.940779]  zd976: p1 p2
[    9.947284]  zd992: p1 p2
[    9.961786]  zd1008: p1 p2
[    9.964797]  zd1024: p1 p2
[    9.973156] GPT:Primary header thinks Alt. header is not at the end of t=
he disk.
[    9.973176] GPT:136314879 !=3D 150994943
[    9.973183] GPT:Alternate GPT header not at the end of the disk.
[    9.973190] GPT:136314879 !=3D 150994943
[    9.973196] GPT: Use GNU Parted to correct GPT errors.
[    9.973208]  zd1040: p1 p2 p3 p4
[    9.978939] GPT:Primary header thinks Alt. header is not at the end of t=
he disk.
[    9.978956] GPT:136314879 !=3D 150994943
[    9.978963] GPT:Alternate GPT header not at the end of the disk.
[    9.978970] GPT:136314879 !=3D 150994943
[    9.978976] GPT: Use GNU Parted to correct GPT errors.
[    9.978987]  zd1056: p1 p2 p3 p4
[    9.997241]  zd1104: p1 p2 p3
[   10.015204]  zd1120: p1 p2
[   10.039813]  zd1136: p1 p2
[   10.053519]  zd1152: p1 p2
[   10.057397]  zd1168: p1 p2
[   10.059243]  zd1184: p1 p2
[   10.073804]  zd1200: p1
[   10.091854]  zd1216: p1
[   10.096485]  zd1232: p1
[   10.109361]  zd1248: p1
[   10.120892]  zd1264: p1
[   10.124926]  zd1280: p1
[   10.138443]  zd1296: p1 p2 p3 p4
[   10.151472]  zd1312: p1 p2 p3 p4
[   10.154671]  zd1328: p1 p2 p3 p4
[   10.165337]  zd1344: p1
[   10.170596]  zd1360: p1
[   10.175486]  zd1376: p1
[   10.193476]  zd1392: p1
[   10.211117]  zd1408: p1
[   10.215308]  zd1424: p1
[   10.229505]  zd1440: p1
[   10.240423]  zd1456: p1
[   10.244656]  zd1472: p1
[   10.254972]  zd1488: p1
[   10.260188]  zd1504: p1
[   10.262725]  zd1520: p1
[   10.273501]  zd1536: p1 p2 p3 p4 p5
[   10.288048]  zd1552: p1 p2 p3 p4 p5
[   10.291370]  zd1568: p1 p2 p3 p4 p5
[   10.357418]  zd1712: p1 p2 p3
[   10.369822]  zd1728: p1 p2 p3
[   10.373371]  zd1744: p1 p2 p3
[   10.385383]  zd1760: p1
[   10.389904]  zd1776: p1
[   10.392520]  zd1792: p1
[   10.408595]  zd1808: p1
[   10.424685]  zd1824: p1
[   10.428784]  zd1840: p1
[   10.441381]  zd1856: p1
[   10.455092]  zd1872: p1
[   10.458960]  zd1888: p1
[   10.462251]  zd1904: p1
[   10.467292]  zd1920: p1
[   10.471515]  zd1936: p1
[   10.482930]  zd1952: p1 p2 p3
[   10.497493]  zd1968: p1 p2 p3
[   10.500866]  zd1984: p1 p2 p3
[   10.513614]  zd2000: p1
[   10.528958]  zd2016: p1
[   10.533789]  zd2032: p1
[   10.548673]  zd2048: p1
[   10.559739]  zd2064: p1
[   10.564121]  zd2080: p1
[   10.577550]  zd2096: p1
[   10.588429]  zd2112: p1
[   10.592466]  zd2128: p1
[   10.605433]  zd2144: p1
[   10.616125]  zd2160: p1
[   10.619785]  zd2176: p1
[   10.630272]  zd2192: p1 p2 p3
[   10.643644]  zd2208: p1 p2 p3
[   10.647987]  zd2224: p1 p2 p3
[   10.659162]  zd2240: p1
[   10.663553]  zd2256: p1
[   10.666556]  zd2272: p1
[   10.685401]  zd2288: p1
[   10.690621]  zd2304: p1
[   10.705112]  zd2320: p1
[   10.708159]  zd2336: p1
[   10.718401]  zd2352: p1
[   10.721129]  zd2368: p1
[   10.732581]  zd2384: p1 p2 p3
[   10.737364]  zd2400: p1 p2 p3
[   10.748981]  zd2416: p1
[   10.751487]  zd2432: p1
[   10.765338]  zd2448: p1
[   10.769094]  zd2464: p1
[   10.787553]  zd2480: p1
[   10.790660]  zd2496: p1
[   10.800120]  zd2512: p1
[   10.802556]  zd2528: p1
[   10.813603]  zd2544: p1 p2 p3
[   10.817336]  zd2560: p1 p2 p3
[   10.829861]  zd2576: p1
[   10.846220]  zd2592: p1
[   10.849689]  zd2608: p1
[   10.861449]  zd2624: p1
[   10.874833]  zd2640: p1
[   10.878814]  zd2656: p1
[   10.893092]  zd2672: p1 p2 p3
[   10.903658]  zd2688: p1 p2 p3
[   10.906908]  zd2704: p1 p2 p3
[   10.916403]  zd2720: p1
[   10.921545]  zd2736: p1
[   10.924611]  zd2752: p1
[   10.929644]  zd2768: p1
[   10.935525]  zd2784: p1
[   10.954379]  zd2800: p1 p2 p3
[   10.958026]  zd2816: p1 p2 p3
[   10.971677]  zd2832: p1
[   10.975041]  zd2848: p1
[   10.985655]  zd2864: p1
[   10.989718]  zd2880: p1
[   11.007745]  zd2896: p1
[   11.010784]  zd2912: p1
[   11.013296]  zd2928: p1
[   11.015352]  zd2944: p1
[   11.020160]  zd2960: p1 p2
[   11.025573]  zd2976: p1 p2
[   11.041262]  zd3040: p1 p2
[   11.049825]  zd3056: p1 p2
[   11.055432]  zd3072: p1 p2
[   11.061875]  zd3088: p1 p2
[   11.079360]  zd3152: p1
[   11.099048]  zd3184: p1 p2
[   11.101894]  zd3200: p1 p2
[   11.117340]  zd3264: p1
[   11.133901]  zd3296: p1
[   11.137994]  zd3312: p1
[   11.140895]  zd3328: p1
[   11.148472]  zd3344: p1 p2
[   11.153157]  zd3360: p1 p2
[   46.369382] loop0: detected capacity change from 0 to 9598976
[   47.145668] EXT4-fs: Warning: mounting with data=3Djournal disables dela=
yed allocation, dioread_nolock, O_DIRECT and fast_commit support!
[   47.145703] EXT4-fs (dm-7): mounting ext3 file system using the ext4 sub=
system
[   47.151293] EXT4-fs (dm-7): mounted filesystem 3b55de21-2328-4c37-8970-f=
425c189995e r/w with journalled data mode. Quota mode: none.
[   47.153643] EXT4-fs (dm-7): unmounting filesystem 3b55de21-2328-4c37-897=
0-f425c189995e.
[   92.580568] EXT4-fs (loop0): mounted filesystem 3d024585-a02c-4717-94fb-=
de350993d29e ro with ordered data mode. Quota mode: none.
[   92.599669] aufs test_add:291:mount[4141]: uid/gid/perm /root.ro 0/0/075=
5, 0/0/01777
[   92.846126] EXT4-fs (loop0): re-mounted 3d024585-a02c-4717-94fb-de350993=
d29e ro. Quota mode: none.
[   92.851742] EXT4-fs (loop0): re-mounted 3d024585-a02c-4717-94fb-de350993=
d29e ro. Quota mode: none.
[   92.877108] EXT4-fs (loop0): re-mounted 3d024585-a02c-4717-94fb-de350993=
d29e ro. Quota mode: none.
[   92.913093] EXT4-fs (loop0): re-mounted 3d024585-a02c-4717-94fb-de350993=
d29e ro. Quota mode: none.
[   93.293601] systemd[1]: Inserted module 'autofs4'
[   93.326879] systemd[1]: systemd 249.11-0ubuntu3.12 running in system mod=
e (+PAM +AUDIT +SELINUX +APPARMOR +IMA +SMACK +SECCOMP +GCRYPT +GNUTLS +OPE=
NSSL +ACL +BLKID +CURL +ELFUTILS +FIDO2 +IDN2 -IDN +IPTC +KMOD +LIBCRYPTSET=
UP +LIBFDISK +PCRE2 -PWQUALITY -P11KIT -QRENCODE +BZIP2 +LZ4 +XZ +ZLIB +ZST=
D -XKBCOMMON +UTMP +SYSVINIT default-hierarchy=3Dunified)
[   93.327043] systemd[1]: Detected architecture x86-64.
[   93.327755] systemd[1]: Hostname set to <amd-xen-dom0>.
[   93.345484] audit: type=3D1334 audit(1733146870.014:9): prog-id=3D3 op=
=3DLOAD
[   93.345504] audit: type=3D1300 audit(1733146870.014:9): arch=3Dc000003e =
syscall=3D321 success=3Dyes exit=3D8 a0=3D5 a1=3D7ffc322f1390 a2=3D78 a3=3D=
7ffc322f1390 items=3D0 ppid=3D0 pid=3D1 auid=3D4294967295 uid=3D0 gid=3D0 e=
uid=3D0 suid=3D0 fsuid=3D0 egid=3D0 sgid=3D0 fsgid=3D0 tty=3D(none) ses=3D4=
294967295 comm=3D"systemd" exe=3D"/usr/lib/systemd/systemd" subj=3Dunconfin=
ed key=3D(null)
[   93.345544] audit: type=3D1327 audit(1733146870.014:9): proctitle=3D2F73=
62696E2F696E6974007A796F7665726C6179
[   93.345561] audit: type=3D1334 audit(1733146870.014:10): prog-id=3D3 op=
=3DUNLOAD
[   93.345575] audit: type=3D1300 audit(1733146870.014:10): arch=3Dc000003e=
 syscall=3D3 success=3Dyes exit=3D0 a0=3D8 a1=3D7ffc322f1450 a2=3D78 a3=3D2=
